gcn146:2092980:2093329 [0] NCCL INFO GPU Direct RDMA Enabled for GPU 0 / HCA 2 (distance 5 <= 5), read 1 mode Default
gcn146:2092980:2093324 [0] NCCL INFO New proxy send connection 14 from local rank 0, transport 2
gcn146:2092980:2093324 [0] NCCL INFO proxyProgressAsync opId=0x14dd73a49020 op.type=1 op.reqBuff=0x14dd50004ee0 op.respSize=16 done
gcn146:2092980:2093329 [0] NCCL INFO ncclPollProxyResponse Received new opId=0x14dd73a49020
gcn146:2092980:2093324 [0] NCCL INFO Received and initiated operation=Init res=0
gcn146:2092980:2093329 [0] NCCL INFO resp.opId=0x14dd73a49020 matches expected opId=0x14dd73a49020
gcn146:2092980:2093329 [0] NCCL INFO Connected to proxy localRank 0 -> connection 0x14dd500055d0
gcn146:2092980:2093324 [0] NCCL INFO NET/IB : GPU Direct RDMA (nvidia-peermem) enabled for HCA 2 'mlx5_3
gcn146:2092980:2093324 [0] NCCL INFO NET/IB : GPU Direct RDMA (DMABUF) enabled for HCA 2 'mlx5_3
gcn146:2092980:2093324 [0] NCCL INFO proxyProgressAsync opId=0x14dd73a49020 op.type=3 op.reqBuff=0x14dd5001a610 op.respSize=0 done
gcn146:2092980:2093329 [0] NCCL INFO ncclPollProxyResponse Received new opId=0x14dd73a49020
gcn146:2092980:2093329 [0] NCCL INFO resp.opId=0x14dd73a49020 matches expected opId=0x14dd73a49020
gcn146:2092980:2093329 [0] NCCL INFO Channel 00/0 : 0[0] -> 4[0] [send] via NET/IBext_v10/2/GDRDMA
gcn146:2092980:2093329 [0] NCCL INFO GPU Direct RDMA Enabled for GPU 0 / HCA 2 (distance 5 <= 5), read 1 mode Default
gcn146:2092980:2093324 [0] NCCL INFO Received and initiated operation=Setup res=0
gcn146:2092980:2093324 [0] NCCL INFO New proxy send connection 15 from local rank 0, transport 2
gcn146:2092980:2093324 [0] NCCL INFO proxyProgressAsync opId=0x14dd73a49020 op.type=1 op.reqBuff=0x14dd50004f00 op.respSize=16 done
gcn146:2092980:2093329 [0] NCCL INFO ncclPollProxyResponse Received new opId=0x14dd73a49020
gcn146:2092980:2093324 [0] NCCL INFO Received and initiated operation=Init res=0
gcn146:2092980:2093329 [0] NCCL INFO resp.opId=0x14dd73a49020 matches expected opId=0x14dd73a49020
gcn146:2092980:2093329 [0] NCCL INFO Connected to proxy localRank 0 -> connection 0x14dd50005648
gcn146:2092980:2093324 [0] NCCL INFO NET/IB : GPU Direct RDMA (nvidia-peermem) enabled for HCA 2 'mlx5_3
gcn146:2092980:2093324 [0] NCCL INFO NET/IB : GPU Direct RDMA (DMABUF) enabled for HCA 2 'mlx5_3
gcn146:2092980:2093324 [0] NCCL INFO proxyProgressAsync opId=0x14dd73a49020 op.type=3 op.reqBuff=0x14dd5001a610 op.respSize=0 done
gcn146:2092980:2093329 [0] NCCL INFO ncclPollProxyResponse Received new opId=0x14dd73a49020
gcn146:2092980:2093329 [0] NCCL INFO resp.opId=0x14dd73a49020 matches expected opId=0x14dd73a49020
gcn146:2092980:2093329 [0] NCCL INFO Channel 04/0 : 0[0] -> 4[0] [send] via NET/IBext_v10/2/GDRDMA
gcn146:2092980:2093324 [0] NCCL INFO Received and initiated operation=Setup res=0
gcn146:2092980:2093324 [0] NCCL INFO New proxy recv connection 16 from local rank 0, transport 0
gcn146:2092980:2093324 [0] NCCL INFO proxyProgressAsync opId=0x14dd73a49020 op.type=1 op.reqBuff=0x14dd50004ee0 op.respSize=16 done
gcn146:2092980:2093329 [0] NCCL INFO ncclPollProxyResponse Received new opId=0x14dd73a49020
gcn146:2092980:2093324 [0] NCCL INFO Received and initiated operation=Init res=0
gcn146:2092980:2093329 [0] NCCL INFO resp.opId=0x14dd73a49020 matches expected opId=0x14dd73a49020
gcn146:2092980:2093329 [0] NCCL INFO Connected to proxy localRank 0 -> connection 0x14dd500056c0
gcn146:2092980:2093324 [0] NCCL INFO Allocated shareable buffer 0x14dda3200000 size 10485760 ipcDesc 0x14dd50008b60
gcn146:2092980:2093324 [0] NCCL INFO proxyProgressAsync opId=0x14dd73a49020 op.type=3 op.reqBuff=0x14dd50004f00 op.respSize=88 done
gcn146:2092980:2093329 [0] NCCL INFO ncclPollProxyResponse Received new opId=0x14dd73a49020
gcn146:2092980:2093324 [0] NCCL INFO Received and initiated operation=Setup res=0
gcn146:2092980:2093329 [0] NCCL INFO resp.opId=0x14dd73a49020 matches expected opId=0x14dd73a49020
gcn146:2092980:2093324 [0] NCCL INFO New proxy recv connection 17 from local rank 0, transport 0
gcn146:2092980:2093324 [0] NCCL INFO proxyProgressAsync opId=0x14dd73a49020 op.type=1 op.reqBuff=0x14dd50004f00 op.respSize=16 done
gcn146:2092980:2093329 [0] NCCL INFO ncclPollProxyResponse Received new opId=0x14dd73a49020
gcn146:2092980:2093324 [0] NCCL INFO Received and initiated operation=Init res=0
gcn146:2092980:2093329 [0] NCCL INFO resp.opId=0x14dd73a49020 matches expected opId=0x14dd73a49020
gcn146:2092980:2093329 [0] NCCL INFO Connected to proxy localRank 0 -> connection 0x14dd50005738
gcn146:2092980:2093324 [0] NCCL INFO Allocated shareable buffer 0x14dda3c00000 size 10485760 ipcDesc 0x14dd50008b60
gcn146:2092980:2093324 [0] NCCL INFO proxyProgressAsync opId=0x14dd73a49020 op.type=3 op.reqBuff=0x14dd50004ee0 op.respSize=88 done
gcn146:2092980:2093329 [0] NCCL INFO ncclPollProxyResponse Received new opId=0x14dd73a49020
gcn146:2092980:2093324 [0] NCCL INFO Received and initiated operation=Setup res=0
gcn146:2092980:2093329 [0] NCCL INFO resp.opId=0x14dd73a49020 matches expected opId=0x14dd73a49020
gcn146:2092980:2093324 [0] NCCL INFO New proxy recv connection 18 from local rank 0, transport 0
gcn146:2092980:2093324 [0] NCCL INFO proxyProgressAsync opId=0x14dd73a49020 op.type=1 op.reqBuff=0x14dd50004ee0 op.respSize=16 done
gcn146:2092980:2093329 [0] NCCL INFO ncclPollProxyResponse Received new opId=0x14dd73a49020
gcn146:2092980:2093324 [0] NCCL INFO Received and initiated operation=Init res=0
gcn146:2092980:2093329 [0] NCCL INFO resp.opId=0x14dd73a49020 matches expected opId=0x14dd73a49020
gcn146:2092980:2093329 [0] NCCL INFO Connected to proxy localRank 0 -> connection 0x14dd500057b0
gcn146:2092980:2093324 [0] NCCL INFO Allocated shareable buffer 0x14dda4600000 size 10485760 ipcDesc 0x14dd50008b60
gcn146:2092980:2093324 [0] NCCL INFO proxyProgressAsync opId=0x14dd73a49020 op.type=3 op.reqBuff=0x14dd50004f00 op.respSize=88 done
gcn146:2092980:2093329 [0] NCCL INFO ncclPollProxyResponse Received new opId=0x14dd73a49020
gcn146:2092980:2093324 [0] NCCL INFO Received and initiated operation=Setup res=0
gcn146:2092980:2093329 [0] NCCL INFO resp.opId=0x14dd73a49020 matches expected opId=0x14dd73a49020
gcn146:2092980:2093324 [0] NCCL INFO New proxy recv connection 19 from local rank 0, transport 0
gcn146:2092980:2093324 [0] NCCL INFO proxyProgressAsync opId=0x14dd73a49020 op.type=1 op.reqBuff=0x14dd50004f00 op.respSize=16 done
gcn146:2092980:2093329 [0] NCCL INFO ncclPollProxyResponse Received new opId=0x14dd73a49020
gcn146:2092980:2093324 [0] NCCL INFO Received and initiated operation=Init res=0
gcn146:2092980:2093329 [0] NCCL INFO resp.opId=0x14dd73a49020 matches expected opId=0x14dd73a49020
gcn146:2092980:2093329 [0] NCCL INFO Connected to proxy localRank 0 -> connection 0x14dd50005828
gcn146:2092980:2093324 [0] NCCL INFO Allocated shareable buffer 0x14dda5000000 size 10485760 ipcDesc 0x14dd50008b60
gcn146:2092980:2093324 [0] NCCL INFO proxyProgressAsync opId=0x14dd73a49020 op.type=3 op.reqBuff=0x14dd50004ee0 op.respSize=88 done
gcn146:2092980:2093329 [0] NCCL INFO ncclPollProxyResponse Received new opId=0x14dd73a49020
gcn146:2092980:2093324 [0] NCCL INFO Received and initiated operation=Setup res=0
gcn146:2092980:2093329 [0] NCCL INFO resp.opId=0x14dd73a49020 matches expected opId=0x14dd73a49020
gcn146:2092980:2093324 [0] NCCL INFO New proxy recv connection 20 from local rank 0, transport 0
gcn146:2092980:2093324 [0] NCCL INFO proxyProgressAsync opId=0x14dd73a49020 op.type=1 op.reqBuff=0x14dd50004ee0 op.respSize=16 done
gcn146:2092980:2093329 [0] NCCL INFO ncclPollProxyResponse Received new opId=0x14dd73a49020
gcn146:2092980:2093324 [0] NCCL INFO Received and initiated operation=Init res=0
gcn146:2092980:2093329 [0] NCCL INFO resp.opId=0x14dd73a49020 matches expected opId=0x14dd73a49020
gcn146:2092980:2093329 [0] NCCL INFO Connected to proxy localRank 0 -> connection 0x14dd500058a0
gcn146:2092980:2093324 [0] NCCL INFO Allocated shareable buffer 0x14dda5a00000 size 10485760 ipcDesc 0x14dd50008b60
gcn146:2092980:2093324 [0] NCCL INFO proxyProgressAsync opId=0x14dd73a49020 op.type=3 op.reqBuff=0x14dd50004f00 op.respSize=88 done
gcn146:2092980:2093329 [0] NCCL INFO ncclPollProxyResponse Received new opId=0x14dd73a49020
gcn146:2092980:2093324 [0] NCCL INFO Received and initiated operation=Setup res=0
gcn146:2092980:2093329 [0] NCCL INFO resp.opId=0x14dd73a49020 matches expected opId=0x14dd73a49020
gcn146:2092980:2093324 [0] NCCL INFO New proxy recv connection 21 from local rank 0, transport 0
gcn146:2092980:2093324 [0] NCCL INFO proxyProgressAsync opId=0x14dd73a49020 op.type=1 op.reqBuff=0x14dd50004f00 op.respSize=16 done
gcn146:2092980:2093329 [0] NCCL INFO ncclPollProxyResponse Received new opId=0x14dd73a49020
gcn146:2092980:2093324 [0] NCCL INFO Received and initiated operation=Init res=0
gcn146:2092980:2093329 [0] NCCL INFO resp.opId=0x14dd73a49020 matches expected opId=0x14dd73a49020
gcn146:2092980:2093329 [0] NCCL INFO Connected to proxy localRank 0 -> connection 0x14dd50005918
gcn146:2092980:2093324 [0] NCCL INFO Allocated shareable buffer 0x14dda6400000 size 10485760 ipcDesc 0x14dd50008b60
gcn146:2092980:2093324 [0] NCCL INFO proxyProgressAsync opId=0x14dd73a49020 op.type=3 op.reqBuff=0x14dd50004ee0 op.respSize=88 done
gcn146:2092980:2093329 [0] NCCL INFO ncclPollProxyResponse Received new opId=0x14dd73a49020
gcn146:2092980:2093329 [0] NCCL INFO resp.opId=0x14dd73a49020 matches expected opId=0x14dd73a49020
gcn146:2092980:2093324 [0] NCCL INFO Received and initiated operation=Setup res=0
gcn146:2092980:2093324 [0] NCCL INFO New proxy recv connection 22 from local rank 0, transport 0
gcn146:2092980:2093324 [0] NCCL INFO proxyProgressAsync opId=0x14dd73a49020 op.type=1 op.reqBuff=0x14dd50004ee0 op.respSize=16 done
gcn146:2092980:2093329 [0] NCCL INFO ncclPollProxyResponse Received new opId=0x14dd73a49020
gcn146:2092980:2093324 [0] NCCL INFO Received and initiated operation=Init res=0
gcn146:2092980:2093329 [0] NCCL INFO resp.opId=0x14dd73a49020 matches expected opId=0x14dd73a49020
gcn146:2092980:2093329 [0] NCCL INFO Connected to proxy localRank 0 -> connection 0x14dd50005990
gcn146:2092980:2093324 [0] NCCL INFO Allocated shareable buffer 0x14dda6e00000 size 10485760 ipcDesc 0x14dd50008b60
gcn146:2092980:2093324 [0] NCCL INFO proxyProgressAsync opId=0x14dd73a49020 op.type=3 op.reqBuff=0x14dd50004f00 op.respSize=88 done
gcn146:2092980:2093329 [0] NCCL INFO ncclPollProxyResponse Received new opId=0x14dd73a49020
gcn146:2092980:2093324 [0] NCCL INFO Received and initiated operation=Setup res=0
gcn146:2092980:2093329 [0] NCCL INFO resp.opId=0x14dd73a49020 matches expected opId=0x14dd73a49020
gcn146:2092980:2093324 [0] NCCL INFO New proxy recv connection 23 from local rank 0, transport 0
gcn146:2092980:2093324 [0] NCCL INFO proxyProgressAsync opId=0x14dd73a49020 op.type=1 op.reqBuff=0x14dd50004f00 op.respSize=16 done
gcn146:2092980:2093329 [0] NCCL INFO ncclPollProxyResponse Received new opId=0x14dd73a49020
gcn146:2092980:2093324 [0] NCCL INFO Received and initiated operation=Init res=0
gcn146:2092980:2093329 [0] NCCL INFO resp.opId=0x14dd73a49020 matches expected opId=0x14dd73a49020
gcn146:2092980:2093329 [0] NCCL INFO Connected to proxy localRank 0 -> connection 0x14dd50005a08
gcn146:2092980:2093324 [0] NCCL INFO Allocated shareable buffer 0x14dda7800000 size 10485760 ipcDesc 0x14dd50008b60
gcn146:2092980:2093324 [0] NCCL INFO proxyProgressAsync opId=0x14dd73a49020 op.type=3 op.reqBuff=0x14dd50004ee0 op.respSize=88 done
gcn146:2092980:2093329 [0] NCCL INFO ncclPollProxyResponse Received new opId=0x14dd73a49020
gcn146:2092980:2093324 [0] NCCL INFO Received and initiated operation=Setup res=0
gcn146:2092980:2093329 [0] NCCL INFO resp.opId=0x14dd73a49020 matches expected opId=0x14dd73a49020
gcn146:2092980:2093324 [0] NCCL INFO New proxy recv connection 24 from local rank 0, transport 0
gcn146:2092980:2093324 [0] NCCL INFO proxyProgressAsync opId=0x14dd73a49020 op.type=1 op.reqBuff=0x14dd50004ee0 op.respSize=16 done
gcn146:2092980:2093329 [0] NCCL INFO ncclPollProxyResponse Received new opId=0x14dd73a49020
gcn146:2092980:2093324 [0] NCCL INFO Received and initiated operation=Init res=0
gcn146:2092980:2093329 [0] NCCL INFO resp.opId=0x14dd73a49020 matches expected opId=0x14dd73a49020
gcn146:2092980:2093329 [0] NCCL INFO Connected to proxy localRank 0 -> connection 0x14dd50005a80
gcn146:2092980:2093324 [0] NCCL INFO Allocated shareable buffer 0x14dda8200000 size 10485760 ipcDesc 0x14dd50008b60
gcn146:2092980:2093324 [0] NCCL INFO proxyProgressAsync opId=0x14dd73a49020 op.type=3 op.reqBuff=0x14dd50004f00 op.respSize=88 done
gcn146:2092980:2093324 [0] NCCL INFO Received and initiated operation=Setup res=0
gcn146:2092980:2093329 [0] NCCL INFO ncclPollProxyResponse Received new opId=0x14dd73a49020
gcn146:2092980:2093329 [0] NCCL INFO resp.opId=0x14dd73a49020 matches expected opId=0x14dd73a49020
gcn146:2092980:2093324 [0] NCCL INFO New proxy recv connection 25 from local rank 0, transport 0
gcn146:2092980:2093324 [0] NCCL INFO proxyProgressAsync opId=0x14dd73a49020 op.type=1 op.reqBuff=0x14dd50004f00 op.respSize=16 done
gcn146:2092980:2093329 [0] NCCL INFO ncclPollProxyResponse Received new opId=0x14dd73a49020
gcn146:2092980:2093324 [0] NCCL INFO Received and initiated operation=Init res=0
gcn146:2092980:2093329 [0] NCCL INFO resp.opId=0x14dd73a49020 matches expected opId=0x14dd73a49020
gcn146:2092980:2093329 [0] NCCL INFO Connected to proxy localRank 0 -> connection 0x14dd50005af8
gcn146:2092980:2093324 [0] NCCL INFO Allocated shareable buffer 0x14dda8c00000 size 10485760 ipcDesc 0x14dd50008b60
gcn146:2092980:2093324 [0] NCCL INFO proxyProgressAsync opId=0x14dd73a49020 op.type=3 op.reqBuff=0x14dd50004ee0 op.respSize=88 done
gcn146:2092980:2093329 [0] NCCL INFO ncclPollProxyResponse Received new opId=0x14dd73a49020
gcn146:2092980:2093324 [0] NCCL INFO Received and initiated operation=Setup res=0
gcn146:2092980:2093329 [0] NCCL INFO resp.opId=0x14dd73a49020 matches expected opId=0x14dd73a49020
gcn146:2092980:2093324 [0] NCCL INFO New proxy recv connection 26 from local rank 0, transport 0
gcn146:2092980:2093324 [0] NCCL INFO proxyProgressAsync opId=0x14dd73a49020 op.type=1 op.reqBuff=0x14dd50004ee0 op.respSize=16 done
gcn146:2092980:2093329 [0] NCCL INFO ncclPollProxyResponse Received new opId=0x14dd73a49020
gcn146:2092980:2093324 [0] NCCL INFO Received and initiated operation=Init res=0
gcn146:2092980:2093329 [0] NCCL INFO resp.opId=0x14dd73a49020 matches expected opId=0x14dd73a49020
gcn146:2092980:2093329 [0] NCCL INFO Connected to proxy localRank 0 -> connection 0x14dd50005b70
gcn146:2092980:2093324 [0] NCCL INFO Allocated shareable buffer 0x14dda9600000 size 10485760 ipcDesc 0x14dd50008b60
gcn146:2092980:2093324 [0] NCCL INFO proxyProgressAsync opId=0x14dd73a49020 op.type=3 op.reqBuff=0x14dd50004f00 op.respSize=88 done
gcn146:2092980:2093329 [0] NCCL INFO ncclPollProxyResponse Received new opId=0x14dd73a49020
gcn146:2092980:2093324 [0] NCCL INFO Received and initiated operation=Setup res=0
gcn146:2092980:2093329 [0] NCCL INFO resp.opId=0x14dd73a49020 matches expected opId=0x14dd73a49020
gcn146:2092980:2093324 [0] NCCL INFO New proxy recv connection 27 from local rank 0, transport 0
gcn146:2092980:2093324 [0] NCCL INFO proxyProgressAsync opId=0x14dd73a49020 op.type=1 op.reqBuff=0x14dd50004f00 op.respSize=16 done
gcn146:2092980:2093329 [0] NCCL INFO ncclPollProxyResponse Received new opId=0x14dd73a49020
gcn146:2092980:2093324 [0] NCCL INFO Received and initiated operation=Init res=0
gcn146:2092980:2093329 [0] NCCL INFO resp.opId=0x14dd73a49020 matches expected opId=0x14dd73a49020
gcn146:2092980:2093329 [0] NCCL INFO Connected to proxy localRank 0 -> connection 0x14dd50005be8
gcn146:2092980:2093324 [0] NCCL INFO Allocated shareable buffer 0x14ddaa000000 size 10485760 ipcDesc 0x14dd50008b60
gcn146:2092980:2093324 [0] NCCL INFO proxyProgressAsync opId=0x14dd73a49020 op.type=3 op.reqBuff=0x14dd50004ee0 op.respSize=88 done
gcn146:2092980:2093329 [0] NCCL INFO ncclPollProxyResponse Received new opId=0x14dd73a49020
gcn146:2092980:2093324 [0] NCCL INFO Received and initiated operation=Setup res=0
gcn146:2092980:2093329 [0] NCCL INFO resp.opId=0x14dd73a49020 matches expected opId=0x14dd73a49020
gcn146:2092980:2093329 [0] NCCL INFO ncclPollProxyResponse Received new opId=0x14dd73a49020
gcn146:2092980:2093329 [0] NCCL INFO resp.opId=0x14dd73a49020 matches expected opId=0x14dd73a49020
gcn146:2092980:2093329 [0] NCCL INFO Connected to proxy localRank 1 -> connection 0x14fac4005c60
gcn146:2092980:2093329 [0] NCCL INFO ProxyCall UDS comm 0xab30580 rank 0 tpRank 1(4e497cbb6494282f) reqSize 8 respSize 0 respFd 0x14ddc859ab18 opId 0xf371ae734a99f0a8
gcn146:2092980:2093329 [0] NCCL INFO ProxyCall UDS comm 0xab30580 rank 0 tpRank 1(4e497cbb6494282f) reqSize 8 respSize 0 respFd 116 opId 0xf371ae734a99f0a8 - DONE
gcn146:2092980:2093329 [0] NCCL INFO UDS: ClientGetFd handle 0x14fac4008bb0 tpRank 1 returned fd 116 sameProcess 0
gcn146:2092980:2093329 [0] NCCL INFO UDS converted handle 0x14fac4008bb0 to fd 116 on remote peer 1
gcn146:2092980:2093329 [0] NCCL INFO Imported shareable buffer device 0 size 10485760 ptr 0x14ddaaa00000
gcn146:2092980:2093329 [0] NCCL INFO ProxyCall UDS comm 0xab30580 rank 0 tpRank 1(4e497cbb6494282f) reqSize 8 respSize 0 respFd 0x14ddc859ab18 opId 0x9aa454ac404f6712
gcn146:2092980:2093324 [0] NCCL INFO New proxy send connection 28 from local rank 1, transport 0
gcn146:2092980:2093324 [0] NCCL INFO proxyProgressAsync opId=0x14fae7f03fd0 op.type=1 op.reqBuff=0x14dd50004ee0 op.respSize=16 done
gcn146:2092980:2093324 [0] NCCL INFO Received and initiated operation=Init res=0
gcn146:2092980:2093325 [0] NCCL INFO proxyUDSRecvReq::ncclProxyMsgGetFd rank 1 opId 0x7d62bbabbdab06c4 handle=0x14dd50008bb0
gcn146:2092980:2093325 [0] NCCL INFO UDS proxyGetFd received handle 0x14dd50008bb0 peer 1 opId 7d62bbabbdab06c4
gcn146:2092980:2093329 [0] NCCL INFO ProxyCall UDS comm 0xab30580 rank 0 tpRank 1(4e497cbb6494282f) reqSize 8 respSize 0 respFd 117 opId 0x9aa454ac404f6712 - DONE
gcn146:2092980:2093329 [0] NCCL INFO UDS: ClientGetFd handle 0x14fac400a4b0 tpRank 1 returned fd 117 sameProcess 0
gcn146:2092980:2093329 [0] NCCL INFO UDS converted handle 0x14fac400a4b0 to fd 117 on remote peer 1
gcn146:2092980:2093329 [0] NCCL INFO Imported shareable buffer device 0 size 10485760 ptr 0x14ddab400000
gcn146:2092980:2093329 [0] NCCL INFO ProxyCall UDS comm 0xab30580 rank 0 tpRank 1(4e497cbb6494282f) reqSize 8 respSize 0 respFd 0x14ddc859ab18 opId 0x596da7f50aa60486
gcn146:2092980:2093329 [0] NCCL INFO ProxyCall UDS comm 0xab30580 rank 0 tpRank 1(4e497cbb6494282f) reqSize 8 respSize 0 respFd 117 opId 0x596da7f50aa60486 - DONE
gcn146:2092980:2093329 [0] NCCL INFO UDS: ClientGetFd handle 0x14fac400bbd0 tpRank 1 returned fd 117 sameProcess 0
gcn146:2092980:2093329 [0] NCCL INFO UDS converted handle 0x14fac400bbd0 to fd 117 on remote peer 1
gcn146:2092980:2093329 [0] NCCL INFO Imported shareable buffer device 0 size 10485760 ptr 0x14ddabe00000
gcn146:2092980:2093329 [0] NCCL INFO ProxyCall UDS comm 0xab30580 rank 0 tpRank 1(4e497cbb6494282f) reqSize 8 respSize 0 respFd 0x14ddc859ab18 opId 0xe2174315270b9721
gcn146:2092980:2093329 [0] NCCL INFO ProxyCall UDS comm 0xab30580 rank 0 tpRank 1(4e497cbb6494282f) reqSize 8 respSize 0 respFd 117 opId 0xe2174315270b9721 - DONE
gcn146:2092980:2093329 [0] NCCL INFO UDS: ClientGetFd handle 0x14fac400d2f0 tpRank 1 returned fd 117 sameProcess 0
gcn146:2092980:2093329 [0] NCCL INFO UDS converted handle 0x14fac400d2f0 to fd 117 on remote peer 1
gcn146:2092980:2093325 [0] NCCL INFO proxyUDSRecvReq::ncclProxyMsgGetFd rank 1 opId 0x99e2a16c773d9ff0 handle=0x14dd5000a4b0
gcn146:2092980:2093325 [0] NCCL INFO UDS proxyGetFd received handle 0x14dd5000a4b0 peer 1 opId 99e2a16c773d9ff0
gcn146:2092980:2093329 [0] NCCL INFO Imported shareable buffer device 0 size 10485760 ptr 0x14ddac800000
gcn146:2092980:2093329 [0] NCCL INFO ncclPollProxyResponse Received new opId=0x14dd6ff03fd0
gcn146:2092980:2093329 [0] NCCL INFO resp.opId=0x14dd6ff03fd0 matches expected opId=0x14dd6ff03fd0
gcn146:2092980:2093329 [0] NCCL INFO Connected to proxy localRank 2 -> connection 0x145888005f30
gcn146:2092980:2093329 [0] NCCL INFO ProxyCall UDS comm 0xab30580 rank 0 tpRank 2(9f370eef4037a7d7) reqSize 8 respSize 0 respFd 0x14ddc859ab18 opId 0xffba1137fe398cfe
gcn146:2092980:2093329 [0] NCCL INFO ProxyCall UDS comm 0xab30580 rank 0 tpRank 2(9f370eef4037a7d7) reqSize 8 respSize 0 respFd 117 opId 0xffba1137fe398cfe - DONE
gcn146:2092980:2093329 [0] NCCL INFO UDS: ClientGetFd handle 0x1458880174d0 tpRank 2 returned fd 117 sameProcess 0
gcn146:2092980:2093329 [0] NCCL INFO UDS converted handle 0x1458880174d0 to fd 117 on remote peer 2
gcn146:2092980:2093329 [0] NCCL INFO Imported shareable buffer device 0 size 10485760 ptr 0x14ddad200000
gcn146:2092980:2093329 [0] NCCL INFO ProxyCall UDS comm 0xab30580 rank 0 tpRank 2(9f370eef4037a7d7) reqSize 8 respSize 0 respFd 0x14ddc859ab18 opId 0x23ee4f47d93c864
gcn146:2092980:2093329 [0] NCCL INFO ProxyCall UDS comm 0xab30580 rank 0 tpRank 2(9f370eef4037a7d7) reqSize 8 respSize 0 respFd 118 opId 0x23ee4f47d93c864 - DONE
gcn146:2092980:2093329 [0] NCCL INFO UDS: ClientGetFd handle 0x145888018bf0 tpRank 2 returned fd 118 sameProcess 0
gcn146:2092980:2093329 [0] NCCL INFO UDS converted handle 0x145888018bf0 to fd 118 on remote peer 2
gcn146:2092980:2093329 [0] NCCL INFO Imported shareable buffer device 0 size 10485760 ptr 0x14ddb2a00000
gcn146:2092980:2093329 [0] NCCL INFO ProxyCall UDS comm 0xab30580 rank 0 tpRank 2(9f370eef4037a7d7) reqSize 8 respSize 0 respFd 0x14ddc859ab18 opId 0xb1fad47cba857de0
gcn146:2092980:2093324 [0] NCCL INFO New proxy send connection 29 from local rank 3, transport 0
gcn146:2092980:2093324 [0] NCCL INFO proxyProgressAsync opId=0x154f93edb1a0 op.type=1 op.reqBuff=0x14dd50004f00 op.respSize=16 done
gcn146:2092980:2093324 [0] NCCL INFO Received and initiated operation=Init res=0
gcn146:2092980:2093325 [0] NCCL INFO proxyUDSRecvReq::ncclProxyMsgGetFd rank 3 opId 0x5d8580bfd45d1cf0 handle=0x14dd50014690
gcn146:2092980:2093325 [0] NCCL INFO UDS proxyGetFd received handle 0x14dd50014690 peer 3 opId 5d8580bfd45d1cf0
gcn146:2092980:2093329 [0] NCCL INFO ProxyCall UDS comm 0xab30580 rank 0 tpRank 2(9f370eef4037a7d7) reqSize 8 respSize 0 respFd 119 opId 0xb1fad47cba857de0 - DONE
gcn146:2092980:2093329 [0] NCCL INFO UDS: ClientGetFd handle 0x14588801a310 tpRank 2 returned fd 119 sameProcess 0
gcn146:2092980:2093329 [0] NCCL INFO UDS converted handle 0x14588801a310 to fd 119 on remote peer 2
gcn146:2092980:2093325 [0] NCCL INFO proxyUDSRecvReq::ncclProxyMsgGetFd rank 1 opId 0x43a396e83aff419e handle=0x14dd5000bbd0
gcn146:2092980:2093325 [0] NCCL INFO UDS proxyGetFd received handle 0x14dd5000bbd0 peer 1 opId 43a396e83aff419e
gcn146:2092980:2093329 [0] NCCL INFO Imported shareable buffer device 0 size 10485760 ptr 0x14ddb3400000
gcn146:2092980:2093329 [0] NCCL INFO ProxyCall UDS comm 0xab30580 rank 0 tpRank 2(9f370eef4037a7d7) reqSize 8 respSize 0 respFd 0x14ddc859ab18 opId 0x8be26d562258fc0a
gcn146:2092980:2093325 [0] NCCL INFO proxyUDSRecvReq::ncclProxyMsgGetFd rank 3 opId 0x6087997f1c246e33 handle=0x14dd50015db0
gcn146:2092980:2093325 [0] NCCL INFO UDS proxyGetFd received handle 0x14dd50015db0 peer 3 opId 6087997f1c246e33
gcn146:2092980:2093329 [0] NCCL INFO ProxyCall UDS comm 0xab30580 rank 0 tpRank 2(9f370eef4037a7d7) reqSize 8 respSize 0 respFd 119 opId 0x8be26d562258fc0a - DONE
gcn146:2092980:2093329 [0] NCCL INFO UDS: ClientGetFd handle 0x14588801ba30 tpRank 2 returned fd 119 sameProcess 0
gcn146:2092980:2093329 [0] NCCL INFO UDS converted handle 0x14588801ba30 to fd 119 on remote peer 2
gcn146:2092980:2093325 [0] NCCL INFO proxyUDSRecvReq::ncclProxyMsgGetFd rank 3 opId 0xf82be0cb0ed7407e handle=0x14dd500174d0
gcn146:2092980:2093325 [0] NCCL INFO UDS proxyGetFd received handle 0x14dd500174d0 peer 3 opId f82be0cb0ed7407e
gcn146:2092980:2093329 [0] NCCL INFO Imported shareable buffer device 0 size 10485760 ptr 0x14ddb4600000
gcn146:2092980:2093329 [0] NCCL INFO ncclPollProxyResponse Received new opId=0x14dd6ff03fd0
gcn146:2092980:2093329 [0] NCCL INFO resp.opId=0x14dd6ff03fd0 matches expected opId=0x14dd6ff03fd0
gcn146:2092980:2093329 [0] NCCL INFO Connected to proxy localRank 3 -> connection 0x154f84005af8
gcn146:2092980:2093329 [0] NCCL INFO ProxyCall UDS comm 0xab30580 rank 0 tpRank 3(275e123a5aefbb23) reqSize 8 respSize 0 respFd 0x14ddc859ab18 opId 0x4a8c61c2110b0249
gcn146:2092980:2093329 [0] NCCL INFO ProxyCall UDS comm 0xab30580 rank 0 tpRank 3(275e123a5aefbb23) reqSize 8 respSize 0 respFd 120 opId 0x4a8c61c2110b0249 - DONE
gcn146:2092980:2093329 [0] NCCL INFO UDS: ClientGetFd handle 0x154f84011850 tpRank 3 returned fd 120 sameProcess 0
gcn146:2092980:2093329 [0] NCCL INFO UDS converted handle 0x154f84011850 to fd 120 on remote peer 3
gcn146:2092980:2093325 [0] NCCL INFO proxyUDSRecvReq::ncclProxyMsgGetFd rank 3 opId 0xcd095e0ca2a17a4 handle=0x14dd50018bf0
gcn146:2092980:2093325 [0] NCCL INFO UDS proxyGetFd received handle 0x14dd50018bf0 peer 3 opId cd095e0ca2a17a4
gcn146:2092980:2093329 [0] NCCL INFO Imported shareable buffer device 0 size 10485760 ptr 0x14ddb5000000
gcn146:2092980:2093329 [0] NCCL INFO ProxyCall UDS comm 0xab30580 rank 0 tpRank 3(275e123a5aefbb23) reqSize 8 respSize 0 respFd 0x14ddc859ab18 opId 0x72b6d1f61e5ec862
gcn146:2092980:2093325 [0] NCCL INFO proxyUDSRecvReq::ncclProxyMsgGetFd rank 1 opId 0x6a79e94c03174728 handle=0x14dd5000d2f0
gcn146:2092980:2093325 [0] NCCL INFO UDS proxyGetFd received handle 0x14dd5000d2f0 peer 1 opId 6a79e94c03174728
gcn146:2092980:2093329 [0] NCCL INFO ProxyCall UDS comm 0xab30580 rank 0 tpRank 3(275e123a5aefbb23) reqSize 8 respSize 0 respFd 119 opId 0x72b6d1f61e5ec862 - DONE
gcn146:2092980:2093329 [0] NCCL INFO UDS: ClientGetFd handle 0x154f84012f70 tpRank 3 returned fd 119 sameProcess 0
gcn146:2092980:2093329 [0] NCCL INFO UDS converted handle 0x154f84012f70 to fd 119 on remote peer 3
gcn146:2092980:2093325 [0] NCCL INFO proxyUDSRecvReq::ncclProxyMsgGetFd rank 3 opId 0x3e09ef0b3d814d1c handle=0x14dd5001c1d0
gcn146:2092980:2093325 [0] NCCL INFO UDS proxyGetFd received handle 0x14dd5001c1d0 peer 3 opId 3e09ef0b3d814d1c
gcn146:2092980:2093329 [0] NCCL INFO Imported shareable buffer device 0 size 10485760 ptr 0x602000000
gcn146:2092980:2093329 [0] NCCL INFO ProxyCall UDS comm 0xab30580 rank 0 tpRank 3(275e123a5aefbb23) reqSize 8 respSize 0 respFd 0x14ddc859ab18 opId 0xba1bae367787801e
gcn146:2092980:2093324 [0] NCCL INFO New proxy send connection 30 from local rank 2, transport 0
gcn146:2092980:2093324 [0] NCCL INFO proxyProgressAsync opId=0x1458a7f03fd0 op.type=1 op.reqBuff=0x14dd50004ee0 op.respSize=16 done
gcn146:2092980:2093324 [0] NCCL INFO Received and initiated operation=Init res=0
gcn146:2092980:2093325 [0] NCCL INFO proxyUDSRecvReq::ncclProxyMsgGetFd rank 2 opId 0x2db2d016b08bd68d handle=0x14dd5000ea10
gcn146:2092980:2093325 [0] NCCL INFO UDS proxyGetFd received handle 0x14dd5000ea10 peer 2 opId 2db2d016b08bd68d
gcn146:2092980:2093329 [0] NCCL INFO ProxyCall UDS comm 0xab30580 rank 0 tpRank 3(275e123a5aefbb23) reqSize 8 respSize 0 respFd 121 opId 0xba1bae367787801e - DONE
gcn146:2092980:2093329 [0] NCCL INFO UDS: ClientGetFd handle 0x154f84014690 tpRank 3 returned fd 121 sameProcess 0
gcn146:2092980:2093329 [0] NCCL INFO UDS converted handle 0x154f84014690 to fd 121 on remote peer 3
gcn146:2092980:2093325 [0] NCCL INFO proxyUDSRecvReq::ncclProxyMsgGetFd rank 3 opId 0x643218711e7c860b handle=0x14dd5001d8f0
gcn146:2092980:2093325 [0] NCCL INFO UDS proxyGetFd received handle 0x14dd5001d8f0 peer 3 opId 643218711e7c860b
gcn146:2092980:2093329 [0] NCCL INFO Imported shareable buffer device 0 size 10485760 ptr 0x602a00000
gcn146:2092980:2093329 [0] NCCL INFO ProxyCall UDS comm 0xab30580 rank 0 tpRank 3(275e123a5aefbb23) reqSize 8 respSize 0 respFd 0x14ddc859ab18 opId 0xb1e30a4cfc20ba75
gcn146:2092980:2093325 [0] NCCL INFO proxyUDSRecvReq::ncclProxyMsgGetFd rank 2 opId 0x43f9b6807013cbc7 handle=0x14dd50010130
gcn146:2092980:2093325 [0] NCCL INFO UDS proxyGetFd received handle 0x14dd50010130 peer 2 opId 43f9b6807013cbc7
gcn146:2092980:2093329 [0] NCCL INFO ProxyCall UDS comm 0xab30580 rank 0 tpRank 3(275e123a5aefbb23) reqSize 8 respSize 0 respFd 121 opId 0xb1e30a4cfc20ba75 - DONE
gcn146:2092980:2093329 [0] NCCL INFO UDS: ClientGetFd handle 0x154f84015db0 tpRank 3 returned fd 121 sameProcess 0
gcn146:2092980:2093329 [0] NCCL INFO UDS converted handle 0x154f84015db0 to fd 121 on remote peer 3
gcn146:2092980:2093325 [0] NCCL INFO proxyUDSRecvReq::ncclProxyMsgGetFd rank 3 opId 0x36280fbf0fe81670 handle=0x14dd5001f010
gcn146:2092980:2093325 [0] NCCL INFO UDS proxyGetFd received handle 0x14dd5001f010 peer 3 opId 36280fbf0fe81670
gcn146:2092980:2093329 [0] NCCL INFO Imported shareable buffer device 0 size 10485760 ptr 0x603400000
gcn146:2092980:2093329 [0] NCCL INFO sendConnect ncclProxyCallAsync opId=0x14dd73a4b600
gcn146:2092980:2093329 [0] NCCL INFO recvConnect ncclProxyCallAsync opId=0x14dd73a4b7b0 &recv->proxyConn=0x14dd73a4b7b8 connectInfo=0x14dd73f34620
gcn146:2092980:2093329 [0] NCCL INFO sendConnect ncclProxyCallAsync opId=0x14dd73f01480
gcn146:2092980:2093329 [0] NCCL INFO recvConnect ncclProxyCallAsync opId=0x14dd73f01630 &recv->proxyConn=0x14dd73f01638 connectInfo=0x14dd73f34720
gcn146:2092980:2093329 [0] NCCL INFO ProxyCall UDS comm 0xab30580 rank 0 tpRank 3(275e123a5aefbb23) reqSize 8 respSize 0 respFd 0x14ddc859ab08 opId 0x7e207a236957d4fd
gcn146:2092980:2093324 [0] NCCL INFO Received and initiated operation=Connect res=0
gcn146:2092980:2093324 [0] NCCL INFO Received and initiated operation=Connect res=0
gcn146:2092980:2093324 [0] NCCL INFO Received and initiated operation=Connect res=0
gcn146:2092980:2093324 [0] NCCL INFO Received and initiated operation=Connect res=0
gcn146:2092980:2093325 [0] NCCL INFO proxyUDSRecvReq::ncclProxyMsgGetFd rank 2 opId 0xa2f23fb1e1bbcb4e handle=0x14dd50011850
gcn146:2092980:2093325 [0] NCCL INFO UDS proxyGetFd received handle 0x14dd50011850 peer 2 opId a2f23fb1e1bbcb4e
gcn146:2092980:2093329 [0] NCCL INFO ProxyCall UDS comm 0xab30580 rank 0 tpRank 3(275e123a5aefbb23) reqSize 8 respSize 0 respFd 125 opId 0x7e207a236957d4fd - DONE
gcn146:2092980:2093329 [0] NCCL INFO UDS: ClientGetFd handle 0x154f84019390 tpRank 3 returned fd 125 sameProcess 0
gcn146:2092980:2093329 [0] NCCL INFO UDS converted handle 0x154f84019390 to fd 125 on remote peer 3
gcn146:2092980:2093325 [0] NCCL INFO proxyUDSRecvReq::ncclProxyMsgGetFd rank 3 opId 0x92c9cf428d1facb6 handle=0x14dd50020730
gcn146:2092980:2093325 [0] NCCL INFO UDS proxyGetFd received handle 0x14dd50020730 peer 3 opId 92c9cf428d1facb6
gcn146:2092980:2093324 [0] NCCL INFO NET/IB: NCCL Dev 2 IbDev 2 Port 1 qpn 1350 mtu 5 LID 2240 subnet-prefix 33022  FLID 0 fifoRkey=0x1fd694 fifoLkey=0x1fd694
gcn146:2092980:2093329 [0] NCCL INFO Imported shareable buffer device 0 size 2097152 ptr 0x603e00000
gcn146:2092980:2093329 [0] NCCL INFO ProxyCall UDS comm 0xab30580 rank 0 tpRank 3(275e123a5aefbb23) reqSize 8 respSize 0 respFd 0x14ddc859ab08 opId 0x321a41eef31006a6
gcn146:2092980:2093325 [0] NCCL INFO proxyUDSRecvReq::ncclProxyMsgGetFd rank 2 opId 0x9cbe570774555b24 handle=0x14dd50012f70
gcn146:2092980:2093325 [0] NCCL INFO UDS proxyGetFd received handle 0x14dd50012f70 peer 2 opId 9cbe570774555b24
gcn146:2092980:2093324 [0] NCCL INFO NET/IB: NCCL Dev 2 IbDev 2 Port 1 qpn 1353 mtu 5 LID 2240 subnet-prefix 33022  FLID 0 fifoRkey=0x1fd896 fifoLkey=0x1fd896
gcn146:2092980:2093329 [0] NCCL INFO ProxyCall UDS comm 0xab30580 rank 0 tpRank 3(275e123a5aefbb23) reqSize 8 respSize 0 respFd 112 opId 0x321a41eef31006a6 - DONE
gcn146:2092980:2093329 [0] NCCL INFO UDS: ClientGetFd handle 0x154f8401aab0 tpRank 3 returned fd 112 sameProcess 0
gcn146:2092980:2093329 [0] NCCL INFO UDS converted handle 0x154f8401aab0 to fd 112 on remote peer 3
gcn146:2092980:2093324 [0] NCCL INFO Allocated shareable buffer 0x604000000 size 9633792 ipcDesc 0x14dd5001a808
gcn146:2092980:2093324 [0] NCCL INFO transport/net.cc:972 Cuda Host Alloc Size 8192 pointer 0x14dd93b20200
gcn146:2092980:2093324 [0] NCCL INFO Mem Realloc old size 0, new size 1024 pointer 0x14dd5004c820
gcn146:2092980:2093329 [0] NCCL INFO Imported shareable buffer device 0 size 2097152 ptr 0x604a00000
gcn146:2092980:2093329 [0] NCCL INFO ProxyCall UDS comm 0xab30580 rank 0 tpRank 3(275e123a5aefbb23) reqSize 8 respSize 0 respFd 0x14ddc859ab08 opId 0x3715fa4ac9e207e7
gcn146:2092980:2093325 [0] NCCL INFO proxyUDSRecvReq::ncclProxyMsgGetFd rank 2 opId 0x62aa6bfe1ed63e1 handle=0x14dd50021e50
gcn146:2092980:2093325 [0] NCCL INFO UDS proxyGetFd received handle 0x14dd50021e50 peer 2 opId 62aa6bfe1ed63e1
gcn146:2092980:2093329 [0] NCCL INFO ProxyCall UDS comm 0xab30580 rank 0 tpRank 3(275e123a5aefbb23) reqSize 8 respSize 0 respFd 121 opId 0x3715fa4ac9e207e7 - DONE
gcn146:2092980:2093329 [0] NCCL INFO UDS: ClientGetFd handle 0x154f8401c1d0 tpRank 3 returned fd 121 sameProcess 0
gcn146:2092980:2093329 [0] NCCL INFO UDS converted handle 0x154f8401c1d0 to fd 121 on remote peer 3
gcn146:2092980:2093329 [0] NCCL INFO Imported shareable buffer device 0 size 2097152 ptr 0x604c00000
gcn146:2092980:2093325 [0] NCCL INFO proxyUDSRecvReq::ncclProxyMsgGetFd rank 2 opId 0xa982ba50c4588e16 handle=0x14dd50023570
gcn146:2092980:2093325 [0] NCCL INFO UDS proxyGetFd received handle 0x14dd50023570 peer 2 opId a982ba50c4588e16
gcn146:2092980:2093329 [0] NCCL INFO ProxyCall UDS comm 0xab30580 rank 0 tpRank 3(275e123a5aefbb23) reqSize 8 respSize 0 respFd 0x14ddc859ab08 opId 0x33cc38f44081c4c8
gcn146:2092980:2093329 [0] NCCL INFO ProxyCall UDS comm 0xab30580 rank 0 tpRank 3(275e123a5aefbb23) reqSize 8 respSize 0 respFd 121 opId 0x33cc38f44081c4c8 - DONE
gcn146:2092980:2093329 [0] NCCL INFO UDS: ClientGetFd handle 0x154f8401d8f0 tpRank 3 returned fd 121 sameProcess 0
gcn146:2092980:2093329 [0] NCCL INFO UDS converted handle 0x154f8401d8f0 to fd 121 on remote peer 3
gcn146:2092980:2093325 [0] NCCL INFO proxyUDSRecvReq::ncclProxyMsgGetFd rank 2 opId 0x2fba502be0ebe1d5 handle=0x14dd50024c90
gcn146:2092980:2093325 [0] NCCL INFO UDS proxyGetFd received handle 0x14dd50024c90 peer 2 opId 2fba502be0ebe1d5
gcn146:2092980:2093324 [0] NCCL INFO proxyProgressAsync opId=0x14dd73a4b7b0 op.type=4 op.reqBuff=0x14dd50004f00 op.respSize=1400 done
gcn146:2092980:2093329 [0] NCCL INFO Imported shareable buffer device 0 size 2097152 ptr 0x604e00000
gcn146:2092980:2093329 [0] NCCL INFO ProxyCall UDS comm 0xab30580 rank 0 tpRank 2(9f370eef4037a7d7) reqSize 8 respSize 0 respFd 0x14ddc859ab08 opId 0x58fc53857917177a
gcn146:2092980:2093325 [0] NCCL INFO proxyUDSRecvReq::ncclProxyMsgGetFd rank 2 opId 0x4803d384990fb041 handle=0x14dd500263b0
gcn146:2092980:2093325 [0] NCCL INFO UDS proxyGetFd received handle 0x14dd500263b0 peer 2 opId 4803d384990fb041
gcn146:2092980:2093329 [0] NCCL INFO ProxyCall UDS comm 0xab30580 rank 0 tpRank 2(9f370eef4037a7d7) reqSize 8 respSize 0 respFd 121 opId 0x58fc53857917177a - DONE
gcn146:2092980:2093329 [0] NCCL INFO UDS: ClientGetFd handle 0x14588801f010 tpRank 2 returned fd 121 sameProcess 0
gcn146:2092980:2093329 [0] NCCL INFO UDS converted handle 0x14588801f010 to fd 121 on remote peer 2
gcn146:2092980:2093329 [0] NCCL INFO Imported shareable buffer device 0 size 2097152 ptr 0x605000000
gcn146:2092980:2093329 [0] NCCL INFO ProxyCall UDS comm 0xab30580 rank 0 tpRank 2(9f370eef4037a7d7) reqSize 8 respSize 0 respFd 0x14ddc859ab08 opId 0xecb69b938732ed19
gcn146:2092980:2093324 [0] NCCL INFO Allocated shareable buffer 0x605200000 size 10485760 ipcDesc 0x14dd5001b688
gcn146:2092980:2093324 [0] NCCL INFO transport/net.cc:811 Cuda Host Alloc Size 532480 pointer 0x14dd93b22200
gcn146:2092980:2093329 [0] NCCL INFO ProxyCall UDS comm 0xab30580 rank 0 tpRank 2(9f370eef4037a7d7) reqSize 8 respSize 0 respFd 121 opId 0xecb69b938732ed19 - DONE
gcn146:2092980:2093329 [0] NCCL INFO UDS: ClientGetFd handle 0x145888020730 tpRank 2 returned fd 121 sameProcess 0
gcn146:2092980:2093329 [0] NCCL INFO UDS converted handle 0x145888020730 to fd 121 on remote peer 2
gcn146:2092980:2093324 [0] NCCL INFO proxyProgressAsync opId=0x14dd73a4b600 op.type=4 op.reqBuff=0x14dd5001a640 op.respSize=1400 done
gcn146:2092980:2093329 [0] NCCL INFO Imported shareable buffer device 0 size 2097152 ptr 0x605c00000
gcn146:2092980:2093329 [0] NCCL INFO ProxyCall UDS comm 0xab30580 rank 0 tpRank 2(9f370eef4037a7d7) reqSize 8 respSize 0 respFd 0x14ddc859ab08 opId 0xc60c1551190bf427
gcn146:2092980:2093324 [0] NCCL INFO Allocated shareable buffer 0x606000000 size 10485760 ipcDesc 0x14dd5001bcc8
gcn146:2092980:2093324 [0] NCCL INFO transport/net.cc:811 Cuda Host Alloc Size 532480 pointer 0x606a00000
gcn146:2092980:2093329 [0] NCCL INFO ProxyCall UDS comm 0xab30580 rank 0 tpRank 2(9f370eef4037a7d7) reqSize 8 respSize 0 respFd 121 opId 0xc60c1551190bf427 - DONE
gcn146:2092980:2093329 [0] NCCL INFO UDS: ClientGetFd handle 0x145888021e50 tpRank 2 returned fd 121 sameProcess 0
gcn146:2092980:2093329 [0] NCCL INFO UDS converted handle 0x145888021e50 to fd 121 on remote peer 2
gcn146:2092980:2093329 [0] NCCL INFO Imported shareable buffer device 0 size 2097152 ptr 0x606c00000
gcn146:2092980:2093329 [0] NCCL INFO ProxyCall UDS comm 0xab30580 rank 0 tpRank 2(9f370eef4037a7d7) reqSize 8 respSize 0 respFd 0x14ddc859ab08 opId 0x7e47ff390861b324
gcn146:2092980:2093329 [0] NCCL INFO ProxyCall UDS comm 0xab30580 rank 0 tpRank 2(9f370eef4037a7d7) reqSize 8 respSize 0 respFd 121 opId 0x7e47ff390861b324 - DONE
gcn146:2092980:2093329 [0] NCCL INFO UDS: ClientGetFd handle 0x145888023570 tpRank 2 returned fd 121 sameProcess 0
gcn146:2092980:2093329 [0] NCCL INFO UDS converted handle 0x145888023570 to fd 121 on remote peer 2
gcn146:2092980:2093324 [0] NCCL INFO proxyProgressAsync opId=0x14dd73f01480 op.type=4 op.reqBuff=0x14dd5002dd50 op.respSize=1400 done
gcn146:2092980:2093329 [0] NCCL INFO Imported shareable buffer device 0 size 2097152 ptr 0x606e00000
gcn146:2092980:2093329 [0] NCCL INFO ProxyCall UDS comm 0xab30580 rank 0 tpRank 1(4e497cbb6494282f) reqSize 8 respSize 0 respFd 0x14ddc859ab08 opId 0x7e23b9984ed1b76f
gcn146:2092980:2093325 [0] NCCL INFO proxyUDSRecvReq::ncclProxyMsgGetFd rank 1 opId 0x66c21092ec1988d9 handle=0x14dd50027ad0
gcn146:2092980:2093325 [0] NCCL INFO UDS proxyGetFd received handle 0x14dd50027ad0 peer 1 opId 66c21092ec1988d9
gcn146:2092980:2093324 [0] NCCL INFO Allocated shareable buffer 0x607000000 size 9633792 ipcDesc 0x14dd5001af98
gcn146:2092980:2093324 [0] NCCL INFO transport/net.cc:972 Cuda Host Alloc Size 8192 pointer 0x14dd93ba4200
gcn146:2092980:2093329 [0] NCCL INFO ProxyCall UDS comm 0xab30580 rank 0 tpRank 1(4e497cbb6494282f) reqSize 8 respSize 0 respFd 121 opId 0x7e23b9984ed1b76f - DONE
gcn146:2092980:2093329 [0] NCCL INFO UDS: ClientGetFd handle 0x14fac4027ad0 tpRank 1 returned fd 121 sameProcess 0
gcn146:2092980:2093329 [0] NCCL INFO UDS converted handle 0x14fac4027ad0 to fd 121 on remote peer 1
gcn146:2092980:2093329 [0] NCCL INFO Imported shareable buffer device 0 size 2097152 ptr 0x607a00000
gcn146:2092980:2093329 [0] NCCL INFO ProxyCall UDS comm 0xab30580 rank 0 tpRank 1(4e497cbb6494282f) reqSize 8 respSize 0 respFd 0x14ddc859ab08 opId 0x5188a422524f24d9
gcn146:2092980:2093324 [0] NCCL INFO proxyProgressAsync opId=0x14dd73f01630 op.type=4 op.reqBuff=0x14dd50004ee0 op.respSize=1400 done
gcn146:2092980:2093329 [0] NCCL INFO ProxyCall UDS comm 0xab30580 rank 0 tpRank 1(4e497cbb6494282f) reqSize 8 respSize 0 respFd 113 opId 0x5188a422524f24d9 - DONE
gcn146:2092980:2093329 [0] NCCL INFO UDS: ClientGetFd handle 0x14fac40291f0 tpRank 1 returned fd 113 sameProcess 0
gcn146:2092980:2093329 [0] NCCL INFO UDS converted handle 0x14fac40291f0 to fd 113 on remote peer 1
gcn146:2092980:2093329 [0] NCCL INFO Imported shareable buffer device 0 size 2097152 ptr 0x607c00000
gcn146:2092980:2093329 [0] NCCL INFO ProxyCall UDS comm 0xab30580 rank 0 tpRank 1(4e497cbb6494282f) reqSize 8 respSize 0 respFd 0x14ddc859ab08 opId 0xe0948300a709cd1b
gcn146:2092980:2093329 [0] NCCL INFO ProxyCall UDS comm 0xab30580 rank 0 tpRank 1(4e497cbb6494282f) reqSize 8 respSize 0 respFd 113 opId 0xe0948300a709cd1b - DONE
gcn146:2092980:2093329 [0] NCCL INFO UDS: ClientGetFd handle 0x14fac402a910 tpRank 1 returned fd 113 sameProcess 0
gcn146:2092980:2093329 [0] NCCL INFO UDS converted handle 0x14fac402a910 to fd 113 on remote peer 1
gcn146:2092980:2093329 [0] NCCL INFO Imported shareable buffer device 0 size 2097152 ptr 0x607e00000
gcn146:2092980:2093329 [0] NCCL INFO ProxyCall UDS comm 0xab30580 rank 0 tpRank 1(4e497cbb6494282f) reqSize 8 respSize 0 respFd 0x14ddc859ab08 opId 0x5283703b11417c49
gcn146:2092980:2093325 [0] NCCL INFO proxyUDSRecvReq::ncclProxyMsgGetFd rank 1 opId 0x397010741065ca38 handle=0x14dd500291f0
gcn146:2092980:2093325 [0] NCCL INFO UDS proxyGetFd received handle 0x14dd500291f0 peer 1 opId 397010741065ca38
gcn146:2092980:2093329 [0] NCCL INFO ProxyCall UDS comm 0xab30580 rank 0 tpRank 1(4e497cbb6494282f) reqSize 8 respSize 0 respFd 113 opId 0x5283703b11417c49 - DONE
gcn146:2092980:2093329 [0] NCCL INFO UDS: ClientGetFd handle 0x14fac402c030 tpRank 1 returned fd 113 sameProcess 0
gcn146:2092980:2093329 [0] NCCL INFO UDS converted handle 0x14fac402c030 to fd 113 on remote peer 1
gcn146:2092980:2093329 [0] NCCL INFO Imported shareable buffer device 0 size 2097152 ptr 0x605e00000
gcn146:2092980:2093329 [0] NCCL INFO ncclPollProxyResponse Received new opId=0x14dd73a4b7b0
gcn146:2092980:2093329 [0] NCCL INFO Queuing opId=0x14dd73a4b7b0 respBuff=0x14dd73f74180 respSize=1400
gcn146:2092980:2093329 [0] NCCL INFO ncclPollProxyResponse Dequeued cached opId=0x14dd73a4b7b0
gcn146:2092980:2093329 [0] NCCL INFO recvConnect ncclPollProxyResponse opId=0x14dd73a4b7b0
gcn146:2092980:2093329 [0] NCCL INFO ncclPollProxyResponse Received new opId=0x14dd73a4b600
gcn146:2092980:2093329 [0] NCCL INFO Queuing opId=0x14dd73a4b600 respBuff=0x14dd73f61720 respSize=1400
gcn146:2092980:2093329 [0] NCCL INFO ncclPollProxyResponse Received new opId=0x14dd73f01480
gcn146:2092980:2093329 [0] NCCL INFO Queuing opId=0x14dd73f01480 respBuff=0x14dd73f61720 respSize=1400
gcn146:2092980:2093329 [0] NCCL INFO ncclPollProxyResponse Dequeued cached opId=0x14dd73a4b600
gcn146:2092980:2093329 [0] NCCL INFO sendConnect ncclPollProxyResponse opId=0x14dd73a4b600
gcn146:2092980:2093329 [0] NCCL INFO ncclPollProxyResponse Dequeued cached opId=0x14dd73f01480
gcn146:2092980:2093329 [0] NCCL INFO sendConnect ncclPollProxyResponse opId=0x14dd73f01480
gcn146:2092980:2093329 [0] NCCL INFO ncclPollProxyResponse Received new opId=0x14dd73f01630
gcn146:2092980:2093329 [0] NCCL INFO resp.opId=0x14dd73f01630 matches expected opId=0x14dd73f01630
gcn146:2092980:2093329 [0] NCCL INFO recvConnect ncclPollProxyResponse opId=0x14dd73f01630
gcn146:2092980:2093325 [0] NCCL INFO proxyUDSRecvReq::ncclProxyMsgGetFd rank 1 opId 0xa8303beea3953887 handle=0x14dd5002a910
gcn146:2092980:2093325 [0] NCCL INFO UDS proxyGetFd received handle 0x14dd5002a910 peer 1 opId a8303beea3953887
gcn146:2092980:2093325 [0] NCCL INFO proxyUDSRecvReq::ncclProxyMsgGetFd rank 1 opId 0x509e8d25a601da79 handle=0x14dd5002c030
gcn146:2092980:2093325 [0] NCCL INFO UDS proxyGetFd received handle 0x14dd5002c030 peer 1 opId 509e8d25a601da79
gcn146:2092980:2093329 [0] NCCL INFO Connected all trees
gcn146:2092980:2092980 [0] NCCL INFO AllReduce: 4 Bytes -> Algo TREE proto LL channel{Lo..Hi}={0..0}
gcn146:2092980:2093324 [0] NCCL INFO Received and initiated operation=Stop res=0
gcn146:2092980:2093324 [0] NCCL INFO Received and initiated operation=Close res=0
gcn146:2092980:2093324 [0] NCCL INFO Received and initiated operation=Close res=0
gcn146:2092980:2093324 [0] NCCL INFO Received and initiated operation=Close res=0
gcn146:2092980:2093324 [0] NCCL INFO Received and initiated operation=Close res=0
gcn146:2092980:2093325 [0] NCCL INFO [Proxy Service UDS] exit: stop 1 abortFlag 0
gcn146:2092980:2092980 [0] NCCL INFO comm 0xab30580 rank 0 nranks 8 cudaDev 0 busId 6000 - Destroy COMPLETE
gcn146:2092980:2093319 [0] NCCL INFO RAS current socket connection with 172.18.62.148<59419> closed by peer on receive; terminating it
gcn146:2092980:2093319 [0] NCCL INFO RAS current socket connection with 172.18.62.146<35387> closed by peer on receive; terminating it
gcn146:2092980:2093319 [0] NCCL INFO RAS handling local termination request
gcn146:2092980:2093319 [0] NCCL INFO RAS terminating a connection with 172.18.62.146<35387>
gcn146:2092980:2093319 [0] NCCL INFO RAS terminating a connection with 172.18.62.148<59419>
gcn146:2092980:2093319 [0] NCCL INFO RAS thread terminating
