gcn148:1672530:1672905 [0] NCCL INFO Allocated shareable buffer 0x149a18600000 size 10485760 ipcDesc 0x1499c0008b60
gcn148:1672530:1672905 [0] NCCL INFO proxyProgressAsync opId=0x1499cfa492c0 op.type=3 op.reqBuff=0x1499c0004f00 op.respSize=88 done
gcn148:1672530:1672912 [0] NCCL INFO ncclPollProxyResponse Received new opId=0x1499cfa492c0
gcn148:1672530:1672905 [0] NCCL INFO Received and initiated operation=Setup res=0
gcn148:1672530:1672912 [0] NCCL INFO resp.opId=0x1499cfa492c0 matches expected opId=0x1499cfa492c0
gcn148:1672530:1672905 [0] NCCL INFO New proxy recv connection 19 from local rank 0, transport 0
gcn148:1672530:1672905 [0] NCCL INFO proxyProgressAsync opId=0x1499cfa492c0 op.type=1 op.reqBuff=0x1499c0004f00 op.respSize=16 done
gcn148:1672530:1672912 [0] NCCL INFO ncclPollProxyResponse Received new opId=0x1499cfa492c0
gcn148:1672530:1672905 [0] NCCL INFO Received and initiated operation=Init res=0
gcn148:1672530:1672912 [0] NCCL INFO resp.opId=0x1499cfa492c0 matches expected opId=0x1499cfa492c0
gcn148:1672530:1672912 [0] NCCL INFO Connected to proxy localRank 0 -> connection 0x1499c0005828
gcn148:1672530:1672905 [0] NCCL INFO Allocated shareable buffer 0x149a19000000 size 10485760 ipcDesc 0x1499c0008b60
gcn148:1672530:1672905 [0] NCCL INFO proxyProgressAsync opId=0x1499cfa492c0 op.type=3 op.reqBuff=0x1499c0004ee0 op.respSize=88 done
gcn148:1672530:1672912 [0] NCCL INFO ncclPollProxyResponse Received new opId=0x1499cfa492c0
gcn148:1672530:1672912 [0] NCCL INFO resp.opId=0x1499cfa492c0 matches expected opId=0x1499cfa492c0
gcn148:1672530:1672905 [0] NCCL INFO Received and initiated operation=Setup res=0
gcn148:1672530:1672905 [0] NCCL INFO New proxy recv connection 20 from local rank 0, transport 0
gcn148:1672530:1672905 [0] NCCL INFO proxyProgressAsync opId=0x1499cfa492c0 op.type=1 op.reqBuff=0x1499c0004ee0 op.respSize=16 done
gcn148:1672530:1672912 [0] NCCL INFO ncclPollProxyResponse Received new opId=0x1499cfa492c0
gcn148:1672530:1672905 [0] NCCL INFO Received and initiated operation=Init res=0
gcn148:1672530:1672912 [0] NCCL INFO resp.opId=0x1499cfa492c0 matches expected opId=0x1499cfa492c0
gcn148:1672530:1672912 [0] NCCL INFO Connected to proxy localRank 0 -> connection 0x1499c00058a0
gcn148:1672530:1672905 [0] NCCL INFO Allocated shareable buffer 0x149a19a00000 size 10485760 ipcDesc 0x1499c0008b60
gcn148:1672530:1672905 [0] NCCL INFO proxyProgressAsync opId=0x1499cfa492c0 op.type=3 op.reqBuff=0x1499c0004f00 op.respSize=88 done
gcn148:1672530:1672912 [0] NCCL INFO ncclPollProxyResponse Received new opId=0x1499cfa492c0
gcn148:1672530:1672905 [0] NCCL INFO Received and initiated operation=Setup res=0
gcn148:1672530:1672912 [0] NCCL INFO resp.opId=0x1499cfa492c0 matches expected opId=0x1499cfa492c0
gcn148:1672530:1672905 [0] NCCL INFO New proxy recv connection 21 from local rank 0, transport 0
gcn148:1672530:1672905 [0] NCCL INFO proxyProgressAsync opId=0x1499cfa492c0 op.type=1 op.reqBuff=0x1499c0004f00 op.respSize=16 done
gcn148:1672530:1672912 [0] NCCL INFO ncclPollProxyResponse Received new opId=0x1499cfa492c0
gcn148:1672530:1672905 [0] NCCL INFO Received and initiated operation=Init res=0
gcn148:1672530:1672912 [0] NCCL INFO resp.opId=0x1499cfa492c0 matches expected opId=0x1499cfa492c0
gcn148:1672530:1672912 [0] NCCL INFO Connected to proxy localRank 0 -> connection 0x1499c0005918
gcn148:1672530:1672905 [0] NCCL INFO Allocated shareable buffer 0x149a1a400000 size 10485760 ipcDesc 0x1499c0008b60
gcn148:1672530:1672905 [0] NCCL INFO proxyProgressAsync opId=0x1499cfa492c0 op.type=3 op.reqBuff=0x1499c0004ee0 op.respSize=88 done
gcn148:1672530:1672905 [0] NCCL INFO Received and initiated operation=Setup res=0
gcn148:1672530:1672912 [0] NCCL INFO ncclPollProxyResponse Received new opId=0x1499cfa492c0
gcn148:1672530:1672912 [0] NCCL INFO resp.opId=0x1499cfa492c0 matches expected opId=0x1499cfa492c0
gcn148:1672530:1672905 [0] NCCL INFO New proxy recv connection 22 from local rank 0, transport 0
gcn148:1672530:1672905 [0] NCCL INFO proxyProgressAsync opId=0x1499cfa492c0 op.type=1 op.reqBuff=0x1499c0004ee0 op.respSize=16 done
gcn148:1672530:1672912 [0] NCCL INFO ncclPollProxyResponse Received new opId=0x1499cfa492c0
gcn148:1672530:1672905 [0] NCCL INFO Received and initiated operation=Init res=0
gcn148:1672530:1672912 [0] NCCL INFO resp.opId=0x1499cfa492c0 matches expected opId=0x1499cfa492c0
gcn148:1672530:1672912 [0] NCCL INFO Connected to proxy localRank 0 -> connection 0x1499c0005990
gcn148:1672530:1672905 [0] NCCL INFO Allocated shareable buffer 0x149a1ae00000 size 10485760 ipcDesc 0x1499c0008b60
gcn148:1672530:1672905 [0] NCCL INFO proxyProgressAsync opId=0x1499cfa492c0 op.type=3 op.reqBuff=0x1499c0004f00 op.respSize=88 done
gcn148:1672530:1672912 [0] NCCL INFO ncclPollProxyResponse Received new opId=0x1499cfa492c0
gcn148:1672530:1672905 [0] NCCL INFO Received and initiated operation=Setup res=0
gcn148:1672530:1672912 [0] NCCL INFO resp.opId=0x1499cfa492c0 matches expected opId=0x1499cfa492c0
gcn148:1672530:1672905 [0] NCCL INFO New proxy recv connection 23 from local rank 0, transport 0
gcn148:1672530:1672905 [0] NCCL INFO proxyProgressAsync opId=0x1499cfa492c0 op.type=1 op.reqBuff=0x1499c0004f00 op.respSize=16 done
gcn148:1672530:1672912 [0] NCCL INFO ncclPollProxyResponse Received new opId=0x1499cfa492c0
gcn148:1672530:1672905 [0] NCCL INFO Received and initiated operation=Init res=0
gcn148:1672530:1672912 [0] NCCL INFO resp.opId=0x1499cfa492c0 matches expected opId=0x1499cfa492c0
gcn148:1672530:1672912 [0] NCCL INFO Connected to proxy localRank 0 -> connection 0x1499c0005a08
gcn148:1672530:1672905 [0] NCCL INFO Allocated shareable buffer 0x149a1b800000 size 10485760 ipcDesc 0x1499c0008b60
gcn148:1672530:1672905 [0] NCCL INFO proxyProgressAsync opId=0x1499cfa492c0 op.type=3 op.reqBuff=0x1499c0004ee0 op.respSize=88 done
gcn148:1672530:1672912 [0] NCCL INFO ncclPollProxyResponse Received new opId=0x1499cfa492c0
gcn148:1672530:1672905 [0] NCCL INFO Received and initiated operation=Setup res=0
gcn148:1672530:1672912 [0] NCCL INFO resp.opId=0x1499cfa492c0 matches expected opId=0x1499cfa492c0
gcn148:1672530:1672905 [0] NCCL INFO New proxy recv connection 24 from local rank 0, transport 0
gcn148:1672530:1672905 [0] NCCL INFO proxyProgressAsync opId=0x1499cfa492c0 op.type=1 op.reqBuff=0x1499c0004ee0 op.respSize=16 done
gcn148:1672530:1672912 [0] NCCL INFO ncclPollProxyResponse Received new opId=0x1499cfa492c0
gcn148:1672530:1672905 [0] NCCL INFO Received and initiated operation=Init res=0
gcn148:1672530:1672912 [0] NCCL INFO resp.opId=0x1499cfa492c0 matches expected opId=0x1499cfa492c0
gcn148:1672530:1672912 [0] NCCL INFO Connected to proxy localRank 0 -> connection 0x1499c0005a80
gcn148:1672530:1672905 [0] NCCL INFO Allocated shareable buffer 0x149a1c200000 size 10485760 ipcDesc 0x1499c0008b60
gcn148:1672530:1672905 [0] NCCL INFO proxyProgressAsync opId=0x1499cfa492c0 op.type=3 op.reqBuff=0x1499c0004f00 op.respSize=88 done
gcn148:1672530:1672912 [0] NCCL INFO ncclPollProxyResponse Received new opId=0x1499cfa492c0
gcn148:1672530:1672905 [0] NCCL INFO Received and initiated operation=Setup res=0
gcn148:1672530:1672912 [0] NCCL INFO resp.opId=0x1499cfa492c0 matches expected opId=0x1499cfa492c0
gcn148:1672530:1672905 [0] NCCL INFO New proxy recv connection 25 from local rank 0, transport 0
gcn148:1672530:1672905 [0] NCCL INFO proxyProgressAsync opId=0x1499cfa492c0 op.type=1 op.reqBuff=0x1499c0004f00 op.respSize=16 done
gcn148:1672530:1672912 [0] NCCL INFO ncclPollProxyResponse Received new opId=0x1499cfa492c0
gcn148:1672530:1672905 [0] NCCL INFO Received and initiated operation=Init res=0
gcn148:1672530:1672912 [0] NCCL INFO resp.opId=0x1499cfa492c0 matches expected opId=0x1499cfa492c0
gcn148:1672530:1672912 [0] NCCL INFO Connected to proxy localRank 0 -> connection 0x1499c0005af8
gcn148:1672530:1672905 [0] NCCL INFO Allocated shareable buffer 0x149a1cc00000 size 10485760 ipcDesc 0x1499c0008b60
gcn148:1672530:1672905 [0] NCCL INFO proxyProgressAsync opId=0x1499cfa492c0 op.type=3 op.reqBuff=0x1499c0004ee0 op.respSize=88 done
gcn148:1672530:1672912 [0] NCCL INFO ncclPollProxyResponse Received new opId=0x1499cfa492c0
gcn148:1672530:1672905 [0] NCCL INFO Received and initiated operation=Setup res=0
gcn148:1672530:1672912 [0] NCCL INFO resp.opId=0x1499cfa492c0 matches expected opId=0x1499cfa492c0
gcn148:1672530:1672905 [0] NCCL INFO New proxy recv connection 26 from local rank 0, transport 0
gcn148:1672530:1672905 [0] NCCL INFO proxyProgressAsync opId=0x1499cfa492c0 op.type=1 op.reqBuff=0x1499c0004ee0 op.respSize=16 done
gcn148:1672530:1672912 [0] NCCL INFO ncclPollProxyResponse Received new opId=0x1499cfa492c0
gcn148:1672530:1672905 [0] NCCL INFO Received and initiated operation=Init res=0
gcn148:1672530:1672912 [0] NCCL INFO resp.opId=0x1499cfa492c0 matches expected opId=0x1499cfa492c0
gcn148:1672530:1672912 [0] NCCL INFO Connected to proxy localRank 0 -> connection 0x1499c0005b70
gcn148:1672530:1672905 [0] NCCL INFO Allocated shareable buffer 0x149a1d600000 size 10485760 ipcDesc 0x1499c0008b60
gcn148:1672530:1672905 [0] NCCL INFO proxyProgressAsync opId=0x1499cfa492c0 op.type=3 op.reqBuff=0x1499c0004f00 op.respSize=88 done
gcn148:1672530:1672912 [0] NCCL INFO ncclPollProxyResponse Received new opId=0x1499cfa492c0
gcn148:1672530:1672905 [0] NCCL INFO Received and initiated operation=Setup res=0
gcn148:1672530:1672912 [0] NCCL INFO resp.opId=0x1499cfa492c0 matches expected opId=0x1499cfa492c0
gcn148:1672530:1672905 [0] NCCL INFO New proxy recv connection 27 from local rank 0, transport 0
gcn148:1672530:1672905 [0] NCCL INFO proxyProgressAsync opId=0x1499cfa492c0 op.type=1 op.reqBuff=0x1499c0004f00 op.respSize=16 done
gcn148:1672530:1672912 [0] NCCL INFO ncclPollProxyResponse Received new opId=0x1499cfa492c0
gcn148:1672530:1672905 [0] NCCL INFO Received and initiated operation=Init res=0
gcn148:1672530:1672912 [0] NCCL INFO resp.opId=0x1499cfa492c0 matches expected opId=0x1499cfa492c0
gcn148:1672530:1672912 [0] NCCL INFO Connected to proxy localRank 0 -> connection 0x1499c0005be8
gcn148:1672530:1672905 [0] NCCL INFO Allocated shareable buffer 0x149a1e000000 size 10485760 ipcDesc 0x1499c0008b60
gcn148:1672530:1672905 [0] NCCL INFO proxyProgressAsync opId=0x1499cfa492c0 op.type=3 op.reqBuff=0x1499c0004ee0 op.respSize=88 done
gcn148:1672530:1672912 [0] NCCL INFO ncclPollProxyResponse Received new opId=0x1499cfa492c0
gcn148:1672530:1672905 [0] NCCL INFO Received and initiated operation=Setup res=0
gcn148:1672530:1672912 [0] NCCL INFO resp.opId=0x1499cfa492c0 matches expected opId=0x1499cfa492c0
gcn148:1672530:1672912 [0] NCCL INFO ncclPollProxyResponse Received new opId=0x1499cfa492c0
gcn148:1672530:1672912 [0] NCCL INFO resp.opId=0x1499cfa492c0 matches expected opId=0x1499cfa492c0
gcn148:1672530:1672912 [0] NCCL INFO Connected to proxy localRank 1 -> connection 0x14d854005c60
gcn148:1672530:1672912 [0] NCCL INFO ProxyCall UDS comm 0xa2ef580 rank 0 tpRank 5(7164a850ef2e8886) reqSize 8 respSize 0 respFd 0x149a383dcb18 opId 0xda9dfd968ea97f76
gcn148:1672530:1672912 [0] NCCL INFO ProxyCall UDS comm 0xa2ef580 rank 0 tpRank 5(7164a850ef2e8886) reqSize 8 respSize 0 respFd 100 opId 0xda9dfd968ea97f76 - DONE
gcn148:1672530:1672912 [0] NCCL INFO UDS: ClientGetFd handle 0x14d854008bb0 tpRank 5 returned fd 100 sameProcess 0
gcn148:1672530:1672912 [0] NCCL INFO UDS converted handle 0x14d854008bb0 to fd 100 on remote peer 5
gcn148:1672530:1672912 [0] NCCL INFO Imported shareable buffer device 0 size 10485760 ptr 0x149a1ea00000
gcn148:1672530:1672912 [0] NCCL INFO ProxyCall UDS comm 0xa2ef580 rank 0 tpRank 5(7164a850ef2e8886) reqSize 8 respSize 0 respFd 0x149a383dcb18 opId 0x897c1faddd467514
gcn148:1672530:1672912 [0] NCCL INFO ProxyCall UDS comm 0xa2ef580 rank 0 tpRank 5(7164a850ef2e8886) reqSize 8 respSize 0 respFd 100 opId 0x897c1faddd467514 - DONE
gcn148:1672530:1672912 [0] NCCL INFO UDS: ClientGetFd handle 0x14d85400a4b0 tpRank 5 returned fd 100 sameProcess 0
gcn148:1672530:1672912 [0] NCCL INFO UDS converted handle 0x14d85400a4b0 to fd 100 on remote peer 5
gcn148:1672530:1672912 [0] NCCL INFO Imported shareable buffer device 0 size 10485760 ptr 0x149a1f400000
gcn148:1672530:1672912 [0] NCCL INFO ProxyCall UDS comm 0xa2ef580 rank 0 tpRank 5(7164a850ef2e8886) reqSize 8 respSize 0 respFd 0x149a383dcb18 opId 0xe860750d530fd2c0
gcn148:1672530:1672905 [0] NCCL INFO New proxy send connection 28 from local rank 1, transport 0
gcn148:1672530:1672905 [0] NCCL INFO proxyProgressAsync opId=0x14d873f03fd0 op.type=1 op.reqBuff=0x1499c0004ee0 op.respSize=16 done
gcn148:1672530:1672905 [0] NCCL INFO Received and initiated operation=Init res=0
gcn148:1672530:1672909 [0] NCCL INFO proxyUDSRecvReq::ncclProxyMsgGetFd rank 1 opId 0xe2fcd661749be2bb handle=0x1499c0008bb0
gcn148:1672530:1672909 [0] NCCL INFO UDS proxyGetFd received handle 0x1499c0008bb0 peer 1 opId e2fcd661749be2bb
gcn148:1672530:1672912 [0] NCCL INFO ProxyCall UDS comm 0xa2ef580 rank 0 tpRank 5(7164a850ef2e8886) reqSize 8 respSize 0 respFd 101 opId 0xe860750d530fd2c0 - DONE
gcn148:1672530:1672912 [0] NCCL INFO UDS: ClientGetFd handle 0x14d85400bbd0 tpRank 5 returned fd 101 sameProcess 0
gcn148:1672530:1672912 [0] NCCL INFO UDS converted handle 0x14d85400bbd0 to fd 101 on remote peer 5
gcn148:1672530:1672912 [0] NCCL INFO Imported shareable buffer device 0 size 10485760 ptr 0x149a1fe00000
gcn148:1672530:1672912 [0] NCCL INFO ProxyCall UDS comm 0xa2ef580 rank 0 tpRank 5(7164a850ef2e8886) reqSize 8 respSize 0 respFd 0x149a383dcb18 opId 0x27fad8ca2ce6e243
gcn148:1672530:1672912 [0] NCCL INFO ProxyCall UDS comm 0xa2ef580 rank 0 tpRank 5(7164a850ef2e8886) reqSize 8 respSize 0 respFd 101 opId 0x27fad8ca2ce6e243 - DONE
gcn148:1672530:1672912 [0] NCCL INFO UDS: ClientGetFd handle 0x14d85400d2f0 tpRank 5 returned fd 101 sameProcess 0
gcn148:1672530:1672912 [0] NCCL INFO UDS converted handle 0x14d85400d2f0 to fd 101 on remote peer 5
gcn148:1672530:1672912 [0] NCCL INFO Imported shareable buffer device 0 size 10485760 ptr 0x149a20800000
gcn148:1672530:1672912 [0] NCCL INFO ncclPollProxyResponse Received new opId=0x1499cfa492c0
gcn148:1672530:1672912 [0] NCCL INFO resp.opId=0x1499cfa492c0 matches expected opId=0x1499cfa492c0
gcn148:1672530:1672912 [0] NCCL INFO Connected to proxy localRank 2 -> connection 0x14d3b0005f30
gcn148:1672530:1672912 [0] NCCL INFO ProxyCall UDS comm 0xa2ef580 rank 0 tpRank 6(8604a045d4e1f6be) reqSize 8 respSize 0 respFd 0x149a383dcb18 opId 0xd0f90f4a94a26d57
gcn148:1672530:1672909 [0] NCCL INFO proxyUDSRecvReq::ncclProxyMsgGetFd rank 1 opId 0xbe0878e57b5442ad handle=0x1499c000a4b0
gcn148:1672530:1672909 [0] NCCL INFO UDS proxyGetFd received handle 0x1499c000a4b0 peer 1 opId be0878e57b5442ad
gcn148:1672530:1672912 [0] NCCL INFO ProxyCall UDS comm 0xa2ef580 rank 0 tpRank 6(8604a045d4e1f6be) reqSize 8 respSize 0 respFd 102 opId 0xd0f90f4a94a26d57 - DONE
gcn148:1672530:1672912 [0] NCCL INFO UDS: ClientGetFd handle 0x14d3b00174d0 tpRank 6 returned fd 102 sameProcess 0
gcn148:1672530:1672912 [0] NCCL INFO UDS converted handle 0x14d3b00174d0 to fd 102 on remote peer 6
gcn148:1672530:1672912 [0] NCCL INFO Imported shareable buffer device 0 size 10485760 ptr 0x149a21200000
gcn148:1672530:1672912 [0] NCCL INFO ProxyCall UDS comm 0xa2ef580 rank 0 tpRank 6(8604a045d4e1f6be) reqSize 8 respSize 0 respFd 0x149a383dcb18 opId 0xc30e223ac90fb7f3
gcn148:1672530:1672912 [0] NCCL INFO ProxyCall UDS comm 0xa2ef580 rank 0 tpRank 6(8604a045d4e1f6be) reqSize 8 respSize 0 respFd 102 opId 0xc30e223ac90fb7f3 - DONE
gcn148:1672530:1672912 [0] NCCL INFO UDS: ClientGetFd handle 0x14d3b0018bf0 tpRank 6 returned fd 102 sameProcess 0
gcn148:1672530:1672912 [0] NCCL INFO UDS converted handle 0x14d3b0018bf0 to fd 102 on remote peer 6
gcn148:1672530:1672912 [0] NCCL INFO Imported shareable buffer device 0 size 10485760 ptr 0x149a26a00000
gcn148:1672530:1672912 [0] NCCL INFO ProxyCall UDS comm 0xa2ef580 rank 0 tpRank 6(8604a045d4e1f6be) reqSize 8 respSize 0 respFd 0x149a383dcb18 opId 0xe1bbff993a67f986
gcn148:1672530:1672912 [0] NCCL INFO ProxyCall UDS comm 0xa2ef580 rank 0 tpRank 6(8604a045d4e1f6be) reqSize 8 respSize 0 respFd 103 opId 0xe1bbff993a67f986 - DONE
gcn148:1672530:1672912 [0] NCCL INFO UDS: ClientGetFd handle 0x14d3b001a310 tpRank 6 returned fd 103 sameProcess 0
gcn148:1672530:1672912 [0] NCCL INFO UDS converted handle 0x14d3b001a310 to fd 103 on remote peer 6
gcn148:1672530:1672905 [0] NCCL INFO New proxy send connection 29 from local rank 3, transport 0
gcn148:1672530:1672905 [0] NCCL INFO proxyProgressAsync opId=0x15250fedb1a0 op.type=1 op.reqBuff=0x1499c0004f00 op.respSize=16 done
gcn148:1672530:1672905 [0] NCCL INFO Received and initiated operation=Init res=0
gcn148:1672530:1672909 [0] NCCL INFO proxyUDSRecvReq::ncclProxyMsgGetFd rank 1 opId 0xc37fe7fac33fd880 handle=0x1499c000bbd0
gcn148:1672530:1672909 [0] NCCL INFO UDS proxyGetFd received handle 0x1499c000bbd0 peer 1 opId c37fe7fac33fd880
gcn148:1672530:1672912 [0] NCCL INFO Imported shareable buffer device 0 size 10485760 ptr 0x149a27400000
gcn148:1672530:1672912 [0] NCCL INFO ProxyCall UDS comm 0xa2ef580 rank 0 tpRank 6(8604a045d4e1f6be) reqSize 8 respSize 0 respFd 0x149a383dcb18 opId 0xaa8df270200d283c
gcn148:1672530:1672909 [0] NCCL INFO proxyUDSRecvReq::ncclProxyMsgGetFd rank 3 opId 0x1b033e2e12411325 handle=0x1499c0014690
gcn148:1672530:1672909 [0] NCCL INFO UDS proxyGetFd received handle 0x1499c0014690 peer 3 opId 1b033e2e12411325
gcn148:1672530:1672912 [0] NCCL INFO ProxyCall UDS comm 0xa2ef580 rank 0 tpRank 6(8604a045d4e1f6be) reqSize 8 respSize 0 respFd 104 opId 0xaa8df270200d283c - DONE
gcn148:1672530:1672912 [0] NCCL INFO UDS: ClientGetFd handle 0x14d3b001ba30 tpRank 6 returned fd 104 sameProcess 0
gcn148:1672530:1672912 [0] NCCL INFO UDS converted handle 0x14d3b001ba30 to fd 104 on remote peer 6
gcn148:1672530:1672909 [0] NCCL INFO proxyUDSRecvReq::ncclProxyMsgGetFd rank 3 opId 0xe95690eabffb8ce6 handle=0x1499c0015db0
gcn148:1672530:1672909 [0] NCCL INFO UDS proxyGetFd received handle 0x1499c0015db0 peer 3 opId e95690eabffb8ce6
gcn148:1672530:1672912 [0] NCCL INFO Imported shareable buffer device 0 size 10485760 ptr 0x149a28600000
gcn148:1672530:1672912 [0] NCCL INFO ncclPollProxyResponse Received new opId=0x1499cf505c00
gcn148:1672530:1672912 [0] NCCL INFO resp.opId=0x1499cf505c00 matches expected opId=0x1499cf505c00
gcn148:1672530:1672912 [0] NCCL INFO Connected to proxy localRank 3 -> connection 0x1524e4005af8
gcn148:1672530:1672912 [0] NCCL INFO ProxyCall UDS comm 0xa2ef580 rank 0 tpRank 7(add2ea1e824ed37) reqSize 8 respSize 0 respFd 0x149a383dcb18 opId 0x1182b2356aa45e7
gcn148:1672530:1672909 [0] NCCL INFO proxyUDSRecvReq::ncclProxyMsgGetFd rank 1 opId 0x5fdced4805e2ad7c handle=0x1499c000d2f0
gcn148:1672530:1672909 [0] NCCL INFO UDS proxyGetFd received handle 0x1499c000d2f0 peer 1 opId 5fdced4805e2ad7c
gcn148:1672530:1672912 [0] NCCL INFO ProxyCall UDS comm 0xa2ef580 rank 0 tpRank 7(add2ea1e824ed37) reqSize 8 respSize 0 respFd 103 opId 0x1182b2356aa45e7 - DONE
gcn148:1672530:1672912 [0] NCCL INFO UDS: ClientGetFd handle 0x1524e4011850 tpRank 7 returned fd 103 sameProcess 0
gcn148:1672530:1672912 [0] NCCL INFO UDS converted handle 0x1524e4011850 to fd 103 on remote peer 7
gcn148:1672530:1672909 [0] NCCL INFO proxyUDSRecvReq::ncclProxyMsgGetFd rank 3 opId 0x8da35841620c75e2 handle=0x1499c00174d0
gcn148:1672530:1672909 [0] NCCL INFO UDS proxyGetFd received handle 0x1499c00174d0 peer 3 opId 8da35841620c75e2
gcn148:1672530:1672912 [0] NCCL INFO Imported shareable buffer device 0 size 10485760 ptr 0x149a29000000
gcn148:1672530:1672912 [0] NCCL INFO ProxyCall UDS comm 0xa2ef580 rank 0 tpRank 7(add2ea1e824ed37) reqSize 8 respSize 0 respFd 0x149a383dcb18 opId 0x9068ad4978d020c4
gcn148:1672530:1672912 [0] NCCL INFO ProxyCall UDS comm 0xa2ef580 rank 0 tpRank 7(add2ea1e824ed37) reqSize 8 respSize 0 respFd 103 opId 0x9068ad4978d020c4 - DONE
gcn148:1672530:1672912 [0] NCCL INFO UDS: ClientGetFd handle 0x1524e4012f70 tpRank 7 returned fd 103 sameProcess 0
gcn148:1672530:1672912 [0] NCCL INFO UDS converted handle 0x1524e4012f70 to fd 103 on remote peer 7
gcn148:1672530:1672909 [0] NCCL INFO proxyUDSRecvReq::ncclProxyMsgGetFd rank 3 opId 0xb26461a947345242 handle=0x1499c0018bf0
gcn148:1672530:1672909 [0] NCCL INFO UDS proxyGetFd received handle 0x1499c0018bf0 peer 3 opId b26461a947345242
gcn148:1672530:1672912 [0] NCCL INFO Imported shareable buffer device 0 size 10485760 ptr 0x602000000
gcn148:1672530:1672912 [0] NCCL INFO ProxyCall UDS comm 0xa2ef580 rank 0 tpRank 7(add2ea1e824ed37) reqSize 8 respSize 0 respFd 0x149a383dcb18 opId 0xc6d24f86fb80904d
gcn148:1672530:1672905 [0] NCCL INFO New proxy send connection 30 from local rank 2, transport 0
gcn148:1672530:1672905 [0] NCCL INFO proxyProgressAsync opId=0x14d3d3f03fd0 op.type=1 op.reqBuff=0x1499c0004ee0 op.respSize=16 done
gcn148:1672530:1672912 [0] NCCL INFO ProxyCall UDS comm 0xa2ef580 rank 0 tpRank 7(add2ea1e824ed37) reqSize 8 respSize 0 respFd 105 opId 0xc6d24f86fb80904d - DONE
gcn148:1672530:1672912 [0] NCCL INFO UDS: ClientGetFd handle 0x1524e4014690 tpRank 7 returned fd 105 sameProcess 0
gcn148:1672530:1672912 [0] NCCL INFO UDS converted handle 0x1524e4014690 to fd 105 on remote peer 7
gcn148:1672530:1672905 [0] NCCL INFO Received and initiated operation=Init res=0
gcn148:1672530:1672909 [0] NCCL INFO proxyUDSRecvReq::ncclProxyMsgGetFd rank 2 opId 0xca87c2e645b83e7e handle=0x1499c000ea10
gcn148:1672530:1672909 [0] NCCL INFO UDS proxyGetFd received handle 0x1499c000ea10 peer 2 opId ca87c2e645b83e7e
gcn148:1672530:1672909 [0] NCCL INFO proxyUDSRecvReq::ncclProxyMsgGetFd rank 3 opId 0x3948a4891e0ac3f8 handle=0x1499c001c1d0
gcn148:1672530:1672909 [0] NCCL INFO UDS proxyGetFd received handle 0x1499c001c1d0 peer 3 opId 3948a4891e0ac3f8
gcn148:1672530:1672912 [0] NCCL INFO Imported shareable buffer device 0 size 10485760 ptr 0x602a00000
gcn148:1672530:1672912 [0] NCCL INFO ProxyCall UDS comm 0xa2ef580 rank 0 tpRank 7(add2ea1e824ed37) reqSize 8 respSize 0 respFd 0x149a383dcb18 opId 0x1fbec2dbef152533
gcn148:1672530:1672909 [0] NCCL INFO proxyUDSRecvReq::ncclProxyMsgGetFd rank 3 opId 0x2820af4377661475 handle=0x1499c001d8f0
gcn148:1672530:1672909 [0] NCCL INFO UDS proxyGetFd received handle 0x1499c001d8f0 peer 3 opId 2820af4377661475
gcn148:1672530:1672912 [0] NCCL INFO ProxyCall UDS comm 0xa2ef580 rank 0 tpRank 7(add2ea1e824ed37) reqSize 8 respSize 0 respFd 106 opId 0x1fbec2dbef152533 - DONE
gcn148:1672530:1672912 [0] NCCL INFO UDS: ClientGetFd handle 0x1524e4015db0 tpRank 7 returned fd 106 sameProcess 0
gcn148:1672530:1672912 [0] NCCL INFO UDS converted handle 0x1524e4015db0 to fd 106 on remote peer 7
gcn148:1672530:1672909 [0] NCCL INFO proxyUDSRecvReq::ncclProxyMsgGetFd rank 2 opId 0x8577cd79e9ce0f4 handle=0x1499c0010130
gcn148:1672530:1672909 [0] NCCL INFO UDS proxyGetFd received handle 0x1499c0010130 peer 2 opId 8577cd79e9ce0f4
gcn148:1672530:1672912 [0] NCCL INFO Imported shareable buffer device 0 size 10485760 ptr 0x603400000
gcn148:1672530:1672912 [0] NCCL INFO sendConnect ncclProxyCallAsync opId=0x1499cfa4ab00
gcn148:1672530:1672912 [0] NCCL INFO recvConnect ncclProxyCallAsync opId=0x1499cfa4acb0 &recv->proxyConn=0x1499cfa4acb8 connectInfo=0x1499cff348c0
gcn148:1672530:1672912 [0] NCCL INFO sendConnect ncclProxyCallAsync opId=0x1499cff00980
gcn148:1672530:1672912 [0] NCCL INFO recvConnect ncclProxyCallAsync opId=0x1499cff00b30 &recv->proxyConn=0x1499cff00b38 connectInfo=0x1499cff349c0
gcn148:1672530:1672912 [0] NCCL INFO ProxyCall UDS comm 0xa2ef580 rank 0 tpRank 7(add2ea1e824ed37) reqSize 8 respSize 0 respFd 0x149a383dcb08 opId 0xd97eb8888662e8b4
gcn148:1672530:1672909 [0] NCCL INFO proxyUDSRecvReq::ncclProxyMsgGetFd rank 3 opId 0x4b1a81d7bc338956 handle=0x1499c001f010
gcn148:1672530:1672909 [0] NCCL INFO UDS proxyGetFd received handle 0x1499c001f010 peer 3 opId 4b1a81d7bc338956
gcn148:1672530:1672905 [0] NCCL INFO Received and initiated operation=Connect res=0
gcn148:1672530:1672905 [0] NCCL INFO NET/IB: NCCL Dev 2 IbDev 2 Port 1 qpn 1451 mtu 5 LID 2239 subnet-prefix 33022  FLID 0 fifoRkey=0x175e1c fifoLkey=0x175e1c
gcn148:1672530:1672905 [0] NCCL INFO Received and initiated operation=Connect res=0
gcn148:1672530:1672905 [0] NCCL INFO Received and initiated operation=Connect res=0
gcn148:1672530:1672905 [0] NCCL INFO Received and initiated operation=Connect res=0
gcn148:1672530:1672912 [0] NCCL INFO ProxyCall UDS comm 0xa2ef580 rank 0 tpRank 7(add2ea1e824ed37) reqSize 8 respSize 0 respFd 109 opId 0xd97eb8888662e8b4 - DONE
gcn148:1672530:1672912 [0] NCCL INFO UDS: ClientGetFd handle 0x1524e4019390 tpRank 7 returned fd 109 sameProcess 0
gcn148:1672530:1672912 [0] NCCL INFO UDS converted handle 0x1524e4019390 to fd 109 on remote peer 7
gcn148:1672530:1672909 [0] NCCL INFO proxyUDSRecvReq::ncclProxyMsgGetFd rank 2 opId 0x28c7f080fdf4599c handle=0x1499c0011850
gcn148:1672530:1672909 [0] NCCL INFO UDS proxyGetFd received handle 0x1499c0011850 peer 2 opId 28c7f080fdf4599c
gcn148:1672530:1672905 [0] NCCL INFO Allocated shareable buffer 0x604000000 size 10485760 ipcDesc 0x1499c001b688
gcn148:1672530:1672905 [0] NCCL INFO transport/net.cc:811 Cuda Host Alloc Size 532480 pointer 0x149a05b20200
gcn148:1672530:1672905 [0] NCCL INFO Mem Realloc old size 0, new size 1024 pointer 0x1499c0066010
gcn148:1672530:1672912 [0] NCCL INFO Imported shareable buffer device 0 size 2097152 ptr 0x604a00000
gcn148:1672530:1672912 [0] NCCL INFO ProxyCall UDS comm 0xa2ef580 rank 0 tpRank 7(add2ea1e824ed37) reqSize 8 respSize 0 respFd 0x149a383dcb08 opId 0x87d26cf34c55916e
gcn148:1672530:1672909 [0] NCCL INFO proxyUDSRecvReq::ncclProxyMsgGetFd rank 3 opId 0xd5768ea546500ed1 handle=0x1499c0020730
gcn148:1672530:1672909 [0] NCCL INFO UDS proxyGetFd received handle 0x1499c0020730 peer 3 opId d5768ea546500ed1
gcn148:1672530:1672912 [0] NCCL INFO ProxyCall UDS comm 0xa2ef580 rank 0 tpRank 7(add2ea1e824ed37) reqSize 8 respSize 0 respFd 109 opId 0x87d26cf34c55916e - DONE
gcn148:1672530:1672912 [0] NCCL INFO UDS: ClientGetFd handle 0x1524e401aab0 tpRank 7 returned fd 109 sameProcess 0
gcn148:1672530:1672912 [0] NCCL INFO UDS converted handle 0x1524e401aab0 to fd 109 on remote peer 7
gcn148:1672530:1672909 [0] NCCL INFO proxyUDSRecvReq::ncclProxyMsgGetFd rank 1 opId 0x28126c0146155b28 handle=0x1499c0027ad0
gcn148:1672530:1672909 [0] NCCL INFO UDS proxyGetFd received handle 0x1499c0027ad0 peer 1 opId 28126c0146155b28
gcn148:1672530:1672905 [0] NCCL INFO proxyProgressAsync opId=0x1499cfa4ab00 op.type=4 op.reqBuff=0x1499c001a640 op.respSize=1400 done
gcn148:1672530:1672905 [0] NCCL INFO NET/IB: NCCL Dev 2 IbDev 2 Port 1 qpn 1454 mtu 5 LID 2239 subnet-prefix 33022  FLID 0 fifoRkey=0x17bc7b fifoLkey=0x17bc7b
gcn148:1672530:1672909 [0] NCCL INFO proxyUDSRecvReq::ncclProxyMsgGetFd rank 2 opId 0xefcdb5521fd0b49c handle=0x1499c0012f70
gcn148:1672530:1672909 [0] NCCL INFO UDS proxyGetFd received handle 0x1499c0012f70 peer 2 opId efcdb5521fd0b49c
gcn148:1672530:1672912 [0] NCCL INFO Imported shareable buffer device 0 size 2097152 ptr 0x604c00000
gcn148:1672530:1672912 [0] NCCL INFO ProxyCall UDS comm 0xa2ef580 rank 0 tpRank 7(add2ea1e824ed37) reqSize 8 respSize 0 respFd 0x149a383dcb08 opId 0xc0c7d6c51ca03f71
gcn148:1672530:1672912 [0] NCCL INFO ProxyCall UDS comm 0xa2ef580 rank 0 tpRank 7(add2ea1e824ed37) reqSize 8 respSize 0 respFd 109 opId 0xc0c7d6c51ca03f71 - DONE
gcn148:1672530:1672912 [0] NCCL INFO UDS: ClientGetFd handle 0x1524e401c1d0 tpRank 7 returned fd 109 sameProcess 0
gcn148:1672530:1672912 [0] NCCL INFO UDS converted handle 0x1524e401c1d0 to fd 109 on remote peer 7
gcn148:1672530:1672909 [0] NCCL INFO proxyUDSRecvReq::ncclProxyMsgGetFd rank 2 opId 0x5acfe6339610351f handle=0x1499c0021e50
gcn148:1672530:1672909 [0] NCCL INFO UDS proxyGetFd received handle 0x1499c0021e50 peer 2 opId 5acfe6339610351f
gcn148:1672530:1672912 [0] NCCL INFO Imported shareable buffer device 0 size 2097152 ptr 0x604e00000
gcn148:1672530:1672912 [0] NCCL INFO ProxyCall UDS comm 0xa2ef580 rank 0 tpRank 7(add2ea1e824ed37) reqSize 8 respSize 0 respFd 0x149a383dcb08 opId 0xc95cbbdd2ba2f19c
gcn148:1672530:1672909 [0] NCCL INFO proxyUDSRecvReq::ncclProxyMsgGetFd rank 2 opId 0x7fb1bbf618de2f39 handle=0x1499c0023570
gcn148:1672530:1672909 [0] NCCL INFO UDS proxyGetFd received handle 0x1499c0023570 peer 2 opId 7fb1bbf618de2f39
gcn148:1672530:1672912 [0] NCCL INFO ProxyCall UDS comm 0xa2ef580 rank 0 tpRank 7(add2ea1e824ed37) reqSize 8 respSize 0 respFd 105 opId 0xc95cbbdd2ba2f19c - DONE
gcn148:1672530:1672912 [0] NCCL INFO UDS: ClientGetFd handle 0x1524e401d8f0 tpRank 7 returned fd 105 sameProcess 0
gcn148:1672530:1672912 [0] NCCL INFO UDS converted handle 0x1524e401d8f0 to fd 105 on remote peer 7
gcn148:1672530:1672912 [0] NCCL INFO Imported shareable buffer device 0 size 2097152 ptr 0x605000000
gcn148:1672530:1672912 [0] NCCL INFO ProxyCall UDS comm 0xa2ef580 rank 0 tpRank 6(8604a045d4e1f6be) reqSize 8 respSize 0 respFd 0x149a383dcb08 opId 0x9d92edaf9d79be91
gcn148:1672530:1672909 [0] NCCL INFO proxyUDSRecvReq::ncclProxyMsgGetFd rank 1 opId 0xc5450e651eaeb3d8 handle=0x1499c00291f0
gcn148:1672530:1672909 [0] NCCL INFO UDS proxyGetFd received handle 0x1499c00291f0 peer 1 opId c5450e651eaeb3d8
gcn148:1672530:1672912 [0] NCCL INFO ProxyCall UDS comm 0xa2ef580 rank 0 tpRank 6(8604a045d4e1f6be) reqSize 8 respSize 0 respFd 109 opId 0x9d92edaf9d79be91 - DONE
gcn148:1672530:1672912 [0] NCCL INFO UDS: ClientGetFd handle 0x14d3b001f010 tpRank 6 returned fd 109 sameProcess 0
gcn148:1672530:1672912 [0] NCCL INFO UDS converted handle 0x14d3b001f010 to fd 109 on remote peer 6
gcn148:1672530:1672909 [0] NCCL INFO proxyUDSRecvReq::ncclProxyMsgGetFd rank 2 opId 0x649d5a530315e1c1 handle=0x1499c0024c90
gcn148:1672530:1672909 [0] NCCL INFO UDS proxyGetFd received handle 0x1499c0024c90 peer 2 opId 649d5a530315e1c1
gcn148:1672530:1672912 [0] NCCL INFO Imported shareable buffer device 0 size 2097152 ptr 0x605200000
gcn148:1672530:1672912 [0] NCCL INFO ProxyCall UDS comm 0xa2ef580 rank 0 tpRank 6(8604a045d4e1f6be) reqSize 8 respSize 0 respFd 0x149a383dcb08 opId 0x802424f89348e3ae
gcn148:1672530:1672909 [0] NCCL INFO proxyUDSRecvReq::ncclProxyMsgGetFd rank 2 opId 0x3051d021a3d3cf67 handle=0x1499c00263b0
gcn148:1672530:1672909 [0] NCCL INFO UDS proxyGetFd received handle 0x1499c00263b0 peer 2 opId 3051d021a3d3cf67
gcn148:1672530:1672912 [0] NCCL INFO ProxyCall UDS comm 0xa2ef580 rank 0 tpRank 6(8604a045d4e1f6be) reqSize 8 respSize 0 respFd 109 opId 0x802424f89348e3ae - DONE
gcn148:1672530:1672912 [0] NCCL INFO UDS: ClientGetFd handle 0x14d3b0020730 tpRank 6 returned fd 109 sameProcess 0
gcn148:1672530:1672912 [0] NCCL INFO UDS converted handle 0x14d3b0020730 to fd 109 on remote peer 6
gcn148:1672530:1672912 [0] NCCL INFO Imported shareable buffer device 0 size 2097152 ptr 0x605400000
gcn148:1672530:1672912 [0] NCCL INFO ProxyCall UDS comm 0xa2ef580 rank 0 tpRank 6(8604a045d4e1f6be) reqSize 8 respSize 0 respFd 0x149a383dcb08 opId 0x36076345e3798ceb
gcn148:1672530:1672909 [0] NCCL INFO proxyUDSRecvReq::ncclProxyMsgGetFd rank 1 opId 0xabe641dd6b570e23 handle=0x1499c002a910
gcn148:1672530:1672909 [0] NCCL INFO UDS proxyGetFd received handle 0x1499c002a910 peer 1 opId abe641dd6b570e23
gcn148:1672530:1672912 [0] NCCL INFO ProxyCall UDS comm 0xa2ef580 rank 0 tpRank 6(8604a045d4e1f6be) reqSize 8 respSize 0 respFd 109 opId 0x36076345e3798ceb - DONE
gcn148:1672530:1672912 [0] NCCL INFO UDS: ClientGetFd handle 0x14d3b0021e50 tpRank 6 returned fd 109 sameProcess 0
gcn148:1672530:1672912 [0] NCCL INFO UDS converted handle 0x14d3b0021e50 to fd 109 on remote peer 6
gcn148:1672530:1672912 [0] NCCL INFO Imported shareable buffer device 0 size 2097152 ptr 0x605600000
gcn148:1672530:1672912 [0] NCCL INFO ProxyCall UDS comm 0xa2ef580 rank 0 tpRank 6(8604a045d4e1f6be) reqSize 8 respSize 0 respFd 0x149a383dcb08 opId 0x7179c812c1bc33b
gcn148:1672530:1672905 [0] NCCL INFO Allocated shareable buffer 0x606000000 size 9633792 ipcDesc 0x1499c001af98
gcn148:1672530:1672905 [0] NCCL INFO transport/net.cc:972 Cuda Host Alloc Size 8192 pointer 0x149a05ba2200
gcn148:1672530:1672912 [0] NCCL INFO ProxyCall UDS comm 0xa2ef580 rank 0 tpRank 6(8604a045d4e1f6be) reqSize 8 respSize 0 respFd 105 opId 0x7179c812c1bc33b - DONE
gcn148:1672530:1672912 [0] NCCL INFO UDS: ClientGetFd handle 0x14d3b0023570 tpRank 6 returned fd 105 sameProcess 0
gcn148:1672530:1672912 [0] NCCL INFO UDS converted handle 0x14d3b0023570 to fd 105 on remote peer 6
gcn148:1672530:1672912 [0] NCCL INFO Imported shareable buffer device 0 size 2097152 ptr 0x606a00000
gcn148:1672530:1672912 [0] NCCL INFO ProxyCall UDS comm 0xa2ef580 rank 0 tpRank 5(7164a850ef2e8886) reqSize 8 respSize 0 respFd 0x149a383dcb08 opId 0xd4f27081baffd632
gcn148:1672530:1672905 [0] NCCL INFO proxyProgressAsync opId=0x1499cff00b30 op.type=4 op.reqBuff=0x1499c0004ee0 op.respSize=1400 done
gcn148:1672530:1672905 [0] NCCL INFO Allocated shareable buffer 0x606c00000 size 10485760 ipcDesc 0x1499c001bcc8
gcn148:1672530:1672912 [0] NCCL INFO ProxyCall UDS comm 0xa2ef580 rank 0 tpRank 5(7164a850ef2e8886) reqSize 8 respSize 0 respFd 105 opId 0xd4f27081baffd632 - DONE
gcn148:1672530:1672912 [0] NCCL INFO UDS: ClientGetFd handle 0x14d854027ad0 tpRank 5 returned fd 105 sameProcess 0
gcn148:1672530:1672912 [0] NCCL INFO UDS converted handle 0x14d854027ad0 to fd 105 on remote peer 5
gcn148:1672530:1672905 [0] NCCL INFO transport/net.cc:811 Cuda Host Alloc Size 532480 pointer 0x607600000
gcn148:1672530:1672912 [0] NCCL INFO Imported shareable buffer device 0 size 2097152 ptr 0x607800000
gcn148:1672530:1672912 [0] NCCL INFO ProxyCall UDS comm 0xa2ef580 rank 0 tpRank 5(7164a850ef2e8886) reqSize 8 respSize 0 respFd 0x149a383dcb08 opId 0xadef7e710ca5c769
gcn148:1672530:1672909 [0] NCCL INFO proxyUDSRecvReq::ncclProxyMsgGetFd rank 1 opId 0x90be505032a58d06 handle=0x1499c002c030
gcn148:1672530:1672909 [0] NCCL INFO UDS proxyGetFd received handle 0x1499c002c030 peer 1 opId 90be505032a58d06
gcn148:1672530:1672905 [0] NCCL INFO proxyProgressAsync opId=0x1499cff00980 op.type=4 op.reqBuff=0x1499c0057060 op.respSize=1400 done
gcn148:1672530:1672912 [0] NCCL INFO ProxyCall UDS comm 0xa2ef580 rank 0 tpRank 5(7164a850ef2e8886) reqSize 8 respSize 0 respFd 95 opId 0xadef7e710ca5c769 - DONE
gcn148:1672530:1672912 [0] NCCL INFO UDS: ClientGetFd handle 0x14d8540291f0 tpRank 5 returned fd 95 sameProcess 0
gcn148:1672530:1672912 [0] NCCL INFO UDS converted handle 0x14d8540291f0 to fd 95 on remote peer 5
gcn148:1672530:1672905 [0] NCCL INFO Allocated shareable buffer 0x608000000 size 9633792 ipcDesc 0x1499c001a808
gcn148:1672530:1672905 [0] NCCL INFO transport/net.cc:972 Cuda Host Alloc Size 8192 pointer 0x149a05ba4200
gcn148:1672530:1672912 [0] NCCL INFO Imported shareable buffer device 0 size 2097152 ptr 0x608a00000
gcn148:1672530:1672912 [0] NCCL INFO ProxyCall UDS comm 0xa2ef580 rank 0 tpRank 5(7164a850ef2e8886) reqSize 8 respSize 0 respFd 0x149a383dcb08 opId 0x58cce56fbfa4a551
gcn148:1672530:1672912 [0] NCCL INFO ProxyCall UDS comm 0xa2ef580 rank 0 tpRank 5(7164a850ef2e8886) reqSize 8 respSize 0 respFd 97 opId 0x58cce56fbfa4a551 - DONE
gcn148:1672530:1672912 [0] NCCL INFO UDS: ClientGetFd handle 0x14d85402a910 tpRank 5 returned fd 97 sameProcess 0
gcn148:1672530:1672912 [0] NCCL INFO UDS converted handle 0x14d85402a910 to fd 97 on remote peer 5
gcn148:1672530:1672905 [0] NCCL INFO proxyProgressAsync opId=0x1499cfa4acb0 op.type=4 op.reqBuff=0x1499c0004f00 op.respSize=1400 done
gcn148:1672530:1672912 [0] NCCL INFO Imported shareable buffer device 0 size 2097152 ptr 0x608c00000
gcn148:1672530:1672912 [0] NCCL INFO ProxyCall UDS comm 0xa2ef580 rank 0 tpRank 5(7164a850ef2e8886) reqSize 8 respSize 0 respFd 0x149a383dcb08 opId 0x3a7634f5e753c6f6
gcn148:1672530:1672912 [0] NCCL INFO ProxyCall UDS comm 0xa2ef580 rank 0 tpRank 5(7164a850ef2e8886) reqSize 8 respSize 0 respFd 97 opId 0x3a7634f5e753c6f6 - DONE
gcn148:1672530:1672912 [0] NCCL INFO UDS: ClientGetFd handle 0x14d85402c030 tpRank 5 returned fd 97 sameProcess 0
gcn148:1672530:1672912 [0] NCCL INFO UDS converted handle 0x14d85402c030 to fd 97 on remote peer 5
gcn148:1672530:1672912 [0] NCCL INFO Imported shareable buffer device 0 size 2097152 ptr 0x608e00000
gcn148:1672530:1672912 [0] NCCL INFO ncclPollProxyResponse Received new opId=0x1499cfa4ab00
gcn148:1672530:1672912 [0] NCCL INFO resp.opId=0x1499cfa4ab00 matches expected opId=0x1499cfa4ab00
gcn148:1672530:1672912 [0] NCCL INFO sendConnect ncclPollProxyResponse opId=0x1499cfa4ab00
gcn148:1672530:1672912 [0] NCCL INFO ncclPollProxyResponse Received new opId=0x1499cff00b30
gcn148:1672530:1672912 [0] NCCL INFO Queuing opId=0x1499cff00b30 respBuff=0x1499cff60f20 respSize=1400
gcn148:1672530:1672912 [0] NCCL INFO ncclPollProxyResponse Received new opId=0x1499cff00980
gcn148:1672530:1672912 [0] NCCL INFO resp.opId=0x1499cff00980 matches expected opId=0x1499cff00980
gcn148:1672530:1672912 [0] NCCL INFO sendConnect ncclPollProxyResponse opId=0x1499cff00980
gcn148:1672530:1672912 [0] NCCL INFO ncclPollProxyResponse Dequeued cached opId=0x1499cff00b30
gcn148:1672530:1672912 [0] NCCL INFO recvConnect ncclPollProxyResponse opId=0x1499cff00b30
gcn148:1672530:1672912 [0] NCCL INFO ncclPollProxyResponse Received new opId=0x1499cfa4acb0
gcn148:1672530:1672912 [0] NCCL INFO resp.opId=0x1499cfa4acb0 matches expected opId=0x1499cfa4acb0
gcn148:1672530:1672912 [0] NCCL INFO recvConnect ncclPollProxyResponse opId=0x1499cfa4acb0
gcn148:1672530:1672912 [0] NCCL INFO Connected all trees
gcn148:1672530:1672905 [0] NCCL INFO Received and initiated operation=Stop res=0
gcn148:1672530:1672905 [0] NCCL INFO Received and initiated operation=Close res=0
gcn148:1672530:1672905 [0] NCCL INFO Received and initiated operation=Close res=0
gcn148:1672530:1672905 [0] NCCL INFO Received and initiated operation=Close res=0
gcn148:1672530:1672905 [0] NCCL INFO Received and initiated operation=Close res=0
gcn148:1672530:1672909 [0] NCCL INFO [Proxy Service UDS] exit: stop 1 abortFlag 0
gcn148:1672530:1672530 [0] NCCL INFO comm 0xa2ef580 rank 4 nranks 8 cudaDev 0 busId 6000 - Destroy COMPLETE
gcn148:1672530:1672903 [0] NCCL INFO RAS current socket connection with 172.18.62.148<54665> closed by peer on receive; terminating it
gcn148:1672530:1672903 [0] NCCL INFO RAS current socket connection with 172.18.62.148<57427> closed by peer on receive; terminating it
gcn148:1672530:1672903 [0] NCCL INFO RAS handling local termination request
gcn148:1672530:1672903 [0] NCCL INFO RAS terminating a connection with 172.18.62.148<57427>
gcn148:1672530:1672903 [0] NCCL INFO RAS terminating a connection with 172.18.62.148<54665>
gcn148:1672530:1672903 [0] NCCL INFO RAS thread terminating
