gcn148:1672530:1672530 [0] NCCL INFO cudaDriverVersion 12090
gcn148:1672530:1672530 [0] NCCL INFO NCCL_SOCKET_IFNAME set by environment to eno
gcn148:1672530:1672530 [0] NCCL INFO NCCL_SOCKET_IFNAME set to eno
gcn148:1672530:1672530 [0] NCCL INFO Bootstrap: Using eno2np0:172.18.62.148<0>
gcn148:1672530:1672530 [0] NCCL INFO NCCL version 2.27.3+cuda12.9
gcn148:1672530:1672530 [0] NCCL INFO init.cc:1792 Cuda Host Alloc Size 4 pointer 0x149a05a00000
gcn148:1672530:1672530 [0] NCCL INFO Comm config Blocking set to 1
gcn148:1672530:1672867 [0] NCCL INFO NET/Plugin: Plugin name set by env to libnccl-net.so
gcn148:1672530:1672867 [0] NCCL INFO NET/Plugin: Loaded net plugin NCCL RDMA Plugin v10 (v10)
gcn148:1672530:1672867 [0] NCCL INFO NET/Plugin: Loaded collnet plugin NCCL RDMA Plugin v10 (v10)
gcn148:1672530:1672867 [0] NCCL INFO Successfully loaded external plugin libnccl-net.so
gcn148:1672530:1672867 [0] NCCL INFO Plugin Path : /opt/hpcx/nccl_rdma_sharp_plugin/lib/libnccl-net.so
gcn148:1672530:1672867 [0] NCCL INFO P2P plugin v10 IBext_v10
gcn148:1672530:1672867 [0] NCCL INFO NCCL_SOCKET_IFNAME set by environment to eno
gcn148:1672530:1672867 [0] NCCL INFO NCCL_SOCKET_IFNAME set to eno
gcn148:1672530:1672867 [0] NCCL INFO NET/IB : Made virtual device [0] name=mlx5_0 speed=25000 ndevs=1
gcn148:1672530:1672867 [0] NCCL INFO NET/IB : Made virtual device [1] name=mlx5_2 speed=200000 ndevs=1
gcn148:1672530:1672867 [0] NCCL INFO NET/IB : Made virtual device [2] name=mlx5_3 speed=200000 ndevs=1
gcn148:1672530:1672867 [0] NCCL INFO NET/IB : Made virtual device [3] name=mlx5_4 speed=200000 ndevs=1
gcn148:1672530:1672867 [0] NCCL INFO NET/IB : Made virtual device [4] name=mlx5_5 speed=200000 ndevs=1
gcn148:1672530:1672867 [0] NCCL INFO NET/IB : Using [0]mlx5_0:1/RoCE [1]mlx5_2:1/IB/SHARP [2]mlx5_3:1/IB/SHARP [3]mlx5_4:1/IB/SHARP [4]mlx5_5:1/IB/SHARP [RO]; OOB eno2np0:172.18.62.148<0>
gcn148:1672530:1672867 [0] NCCL INFO Initialized NET plugin IBext_v10
gcn148:1672530:1672867 [0] NCCL INFO NET/IB : GPU Direct RDMA (nvidia-peermem) enabled for HCA 0 'mlx5_0
gcn148:1672530:1672867 [0] NCCL INFO NET/IB : GPU Direct RDMA (DMABUF) enabled for HCA 0 'mlx5_0
gcn148:1672530:1672867 [0] NCCL INFO Assigned NET plugin IBext_v10 to comm
gcn148:1672530:1672867 [0] NCCL INFO Using network IBext_v10
gcn148:1672530:1672867 [0] NCCL INFO ncclCommInitRankConfig comm 0xa2ef580 rank 4 nranks 8 cudaDev 0 nvmlDev 0 busId 6000 commId 0xb7d06f621956a582 - Init START
gcn148:1672530:1672867 [0] NCCL INFO RAS network listening socket at 172.18.62.148<57337>
gcn148:1672530:1672867 [0] NCCL INFO RAS client listening socket at ::1<28028>
gcn148:1672530:1672867 [0] NCCL INFO Mem Realloc old size 0, new size 256 pointer 0x1499cf556fd0
gcn148:1672530:1672903 [0] NCCL INFO RAS thread started
gcn148:1672530:1672903 [0] NCCL INFO Mem Realloc old size 0, new size 32 pointer 0x1499c4004e10
gcn148:1672530:1672867 [0] NCCL INFO Bootstrap timings total 0.001817 (create 0.000068, send 0.000150, recv 0.000388, ring 0.000389, delay 0.000001)
gcn148:1672530:1672903 [0] NCCL INFO RAS handling local addRanks request (old nRasPeers 0)
gcn148:1672530:1672903 [0] NCCL INFO RAS finished local processing of addRanks request (new nRasPeers 8, nRankPeers 8)
gcn148:1672530:1672903 [0] NCCL INFO RAS link 1: opening new primary connection with 172.18.62.148<57427>
gcn148:1672530:1672903 [0] NCCL INFO RAS link -1: calculated deferred primary connection with 172.18.62.148<54665>
gcn148:1672530:1672903 [0] NCCL INFO Mem Realloc old size 32, new size 64 pointer 0x1499c4005530
gcn148:1672530:1672903 [0] NCCL INFO RAS new incoming socket connection from 172.18.62.148<50808>
gcn148:1672530:1672903 [0] NCCL INFO RAS handling connInitAck from 172.18.62.148<57427> (nack 0)
gcn148:1672530:1672903 [0] NCCL INFO RAS established connection with 172.18.62.148<57427> (sendQ empty, experiencingDelays 0, startRetryTime 0.00s)
gcn148:1672530:1672903 [0] NCCL INFO RAS handling connInit from 172.18.62.148<50808> (version 22703, listeningAddr 172.18.62.148<54665>, peersHash 0x84597fb74e78c478, deadPeersHash 0x0)
gcn148:1672530:1672867 [0] NCCL INFO TOPO/NET : Importing network plugins to topology
gcn148:1672530:1672867 [0] NCCL INFO Retrieving state for SHARP
gcn148:1672530:1672867 [0] NCCL INFO Initialized state 0 for SHARP
gcn148:1672530:1672867 [0] NCCL INFO NET/IB : GPU Direct RDMA (nvidia-peermem) enabled for HCA 0 'mlx5_0
gcn148:1672530:1672867 [0] NCCL INFO NET/IB : GPU Direct RDMA (DMABUF) enabled for HCA 0 'mlx5_0
gcn148:1672530:1672867 [0] NCCL INFO NET/SHARP : GPU Direct RDMA Enabled for HCA 0 'mlx5_0'
gcn148:1672530:1672867 [0] NCCL INFO ncclTopoPopulateNics : Filled mlx5_0 in topo with pciPath=/sys/devices/pci0000:40/0000:40:01.3/0000:42:00.0 keep=1 coll=1
gcn148:1672530:1672867 [0] NCCL INFO NET/IB : GPU Direct RDMA (nvidia-peermem) enabled for HCA 1 'mlx5_2
gcn148:1672530:1672867 [0] NCCL INFO NET/IB : GPU Direct RDMA (DMABUF) enabled for HCA 1 'mlx5_2
gcn148:1672530:1672867 [0] NCCL INFO NET/SHARP : GPU Direct RDMA Enabled for HCA 1 'mlx5_2'
gcn148:1672530:1672867 [0] NCCL INFO ncclTopoPopulateNics : Filled mlx5_2 in topo with pciPath=/sys/devices/pci0000:20/0000:20:01.1/0000:21:00.0/0000:22:00.0/0000:23:00.0 keep=1 coll=1
gcn148:1672530:1672867 [0] NCCL INFO NET/IB : GPU Direct RDMA (nvidia-peermem) enabled for HCA 2 'mlx5_3
gcn148:1672530:1672867 [0] NCCL INFO NET/IB : GPU Direct RDMA (DMABUF) enabled for HCA 2 'mlx5_3
gcn148:1672530:1672867 [0] NCCL INFO NET/SHARP : GPU Direct RDMA Enabled for HCA 2 'mlx5_3'
gcn148:1672530:1672867 [0] NCCL INFO ncclTopoPopulateNics : Filled mlx5_3 in topo with pciPath=/sys/devices/pci0000:00/0000:00:01.1/0000:01:00.0/0000:02:00.0/0000:03:00.0 keep=1 coll=1
gcn148:1672530:1672867 [0] NCCL INFO NET/IB : GPU Direct RDMA (nvidia-peermem) enabled for HCA 3 'mlx5_4
gcn148:1672530:1672867 [0] NCCL INFO NET/IB : GPU Direct RDMA (DMABUF) enabled for HCA 3 'mlx5_4
gcn148:1672530:1672867 [0] NCCL INFO NET/SHARP : GPU Direct RDMA Enabled for HCA 3 'mlx5_4'
gcn148:1672530:1672867 [0] NCCL INFO ncclTopoPopulateNics : Filled mlx5_4 in topo with pciPath=/sys/devices/pci0000:c0/0000:c0:01.1/0000:c1:00.0/0000:c2:00.0/0000:c3:00.0 keep=1 coll=1
gcn148:1672530:1672867 [0] NCCL INFO Retrieving state for IBext_v10
gcn148:1672530:1672867 [0] NCCL INFO Initialized state 0 for IBext_v10
gcn148:1672530:1672867 [0] NCCL INFO NET/IB : GPU Direct RDMA (nvidia-peermem) enabled for HCA 0 'mlx5_0
gcn148:1672530:1672867 [0] NCCL INFO NET/IB : GPU Direct RDMA (DMABUF) enabled for HCA 0 'mlx5_0
gcn148:1672530:1672867 [0] NCCL INFO NET/IBext_v10 : GPU Direct RDMA Enabled for HCA 0 'mlx5_0'
gcn148:1672530:1672867 [0] NCCL INFO ncclTopoPopulateNics : Filled mlx5_0 in topo with pciPath=/sys/devices/pci0000:40/0000:40:01.3/0000:42:00.0 keep=1 coll=1
gcn148:1672530:1672867 [0] NCCL INFO NET/IB : GPU Direct RDMA (nvidia-peermem) enabled for HCA 1 'mlx5_2
gcn148:1672530:1672867 [0] NCCL INFO NET/IB : GPU Direct RDMA (DMABUF) enabled for HCA 1 'mlx5_2
gcn148:1672530:1672867 [0] NCCL INFO NET/IBext_v10 : GPU Direct RDMA Enabled for HCA 1 'mlx5_2'
gcn148:1672530:1672867 [0] NCCL INFO ncclTopoPopulateNics : Filled mlx5_2 in topo with pciPath=/sys/devices/pci0000:20/0000:20:01.1/0000:21:00.0/0000:22:00.0/0000:23:00.0 keep=1 coll=1
gcn148:1672530:1672867 [0] NCCL INFO NET/IB : GPU Direct RDMA (nvidia-peermem) enabled for HCA 2 'mlx5_3
gcn148:1672530:1672867 [0] NCCL INFO NET/IB : GPU Direct RDMA (DMABUF) enabled for HCA 2 'mlx5_3
gcn148:1672530:1672867 [0] NCCL INFO NET/IBext_v10 : GPU Direct RDMA Enabled for HCA 2 'mlx5_3'
gcn148:1672530:1672867 [0] NCCL INFO ncclTopoPopulateNics : Filled mlx5_3 in topo with pciPath=/sys/devices/pci0000:00/0000:00:01.1/0000:01:00.0/0000:02:00.0/0000:03:00.0 keep=1 coll=1
gcn148:1672530:1672867 [0] NCCL INFO NET/IB : GPU Direct RDMA (nvidia-peermem) enabled for HCA 3 'mlx5_4
gcn148:1672530:1672867 [0] NCCL INFO NET/IB : GPU Direct RDMA (DMABUF) enabled for HCA 3 'mlx5_4
gcn148:1672530:1672867 [0] NCCL INFO NET/IBext_v10 : GPU Direct RDMA Enabled for HCA 3 'mlx5_4'
gcn148:1672530:1672867 [0] NCCL INFO ncclTopoPopulateNics : Filled mlx5_4 in topo with pciPath=/sys/devices/pci0000:c0/0000:c0:01.1/0000:c1:00.0/0000:c2:00.0/0000:c3:00.0 keep=1 coll=1
gcn148:1672530:1672867 [0] NCCL INFO NET/IB : GPU Direct RDMA (nvidia-peermem) enabled for HCA 4 'mlx5_5
gcn148:1672530:1672867 [0] NCCL INFO NET/IB : GPU Direct RDMA (DMABUF) enabled for HCA 4 'mlx5_5
gcn148:1672530:1672867 [0] NCCL INFO NET/IBext_v10 : GPU Direct RDMA Enabled for HCA 4 'mlx5_5'
gcn148:1672530:1672867 [0] NCCL INFO ncclTopoPopulateNics : Filled mlx5_5 in topo with pciPath=/sys/devices/pci0000:a0/0000:a0:01.1/0000:a1:00.0/0000:a2:00.0/0000:a3:00.0 keep=1 coll=(null)
gcn148:1672530:1672867 [0] NCCL INFO NET/IB : GPU Direct RDMA (nvidia-peermem) enabled for HCA 0 'mlx5_0
gcn148:1672530:1672867 [0] NCCL INFO NET/IB : GPU Direct RDMA (DMABUF) enabled for HCA 0 'mlx5_0
gcn148:1672530:1672867 [0] NCCL INFO NET/IB : GPU Direct RDMA (nvidia-peermem) enabled for HCA 1 'mlx5_2
gcn148:1672530:1672867 [0] NCCL INFO NET/IB : GPU Direct RDMA (DMABUF) enabled for HCA 1 'mlx5_2
gcn148:1672530:1672867 [0] NCCL INFO NET/IB : GPU Direct RDMA (nvidia-peermem) enabled for HCA 2 'mlx5_3
gcn148:1672530:1672867 [0] NCCL INFO NET/IB : GPU Direct RDMA (DMABUF) enabled for HCA 2 'mlx5_3
gcn148:1672530:1672867 [0] NCCL INFO NET/IB : GPU Direct RDMA (nvidia-peermem) enabled for HCA 3 'mlx5_4
gcn148:1672530:1672867 [0] NCCL INFO NET/IB : GPU Direct RDMA (DMABUF) enabled for HCA 3 'mlx5_4
gcn148:1672530:1672867 [0] NCCL INFO NET/IB : GPU Direct RDMA (nvidia-peermem) enabled for HCA 4 'mlx5_5
gcn148:1672530:1672867 [0] NCCL INFO NET/IB : GPU Direct RDMA (DMABUF) enabled for HCA 4 'mlx5_5
gcn148:1672530:1672867 [0] NCCL INFO GPU Direct RDMA Enabled for GPU 4 / HCA 2 (distance 5 <= 5), read 0 mode Default
gcn148:1672530:1672867 [0] NCCL INFO GPU Direct RDMA Enabled for GPU 5 / HCA 2 (distance 5 <= 5), read 0 mode Default
gcn148:1672530:1672867 [0] NCCL INFO GPU Direct RDMA Enabled for GPU 6 / HCA 2 (distance 5 <= 5), read 0 mode Default
gcn148:1672530:1672867 [0] NCCL INFO GPU Direct RDMA Enabled for GPU 7 / HCA 2 (distance 5 <= 5), read 0 mode Default
gcn148:1672530:1672867 [0] NCCL INFO GPU Direct RDMA Enabled for GPU 4 / HCA 1 (distance 5 <= 5), read 0 mode Default
gcn148:1672530:1672867 [0] NCCL INFO GPU Direct RDMA Enabled for GPU 5 / HCA 1 (distance 5 <= 5), read 0 mode Default
gcn148:1672530:1672867 [0] NCCL INFO GPU Direct RDMA Enabled for GPU 6 / HCA 1 (distance 5 <= 5), read 0 mode Default
gcn148:1672530:1672867 [0] NCCL INFO GPU Direct RDMA Enabled for GPU 7 / HCA 1 (distance 5 <= 5), read 0 mode Default
gcn148:1672530:1672867 [0] NCCL INFO GPU Direct RDMA Enabled for GPU 4 / HCA 4 (distance 5 <= 5), read 0 mode Default
gcn148:1672530:1672867 [0] NCCL INFO GPU Direct RDMA Enabled for GPU 5 / HCA 4 (distance 5 <= 5), read 0 mode Default
gcn148:1672530:1672867 [0] NCCL INFO GPU Direct RDMA Enabled for GPU 6 / HCA 4 (distance 5 <= 5), read 0 mode Default
gcn148:1672530:1672867 [0] NCCL INFO GPU Direct RDMA Enabled for GPU 7 / HCA 4 (distance 5 <= 5), read 0 mode Default
gcn148:1672530:1672867 [0] NCCL INFO GPU Direct RDMA Enabled for GPU 4 / HCA 3 (distance 5 <= 5), read 0 mode Default
gcn148:1672530:1672867 [0] NCCL INFO GPU Direct RDMA Enabled for GPU 5 / HCA 3 (distance 5 <= 5), read 0 mode Default
gcn148:1672530:1672867 [0] NCCL INFO GPU Direct RDMA Enabled for GPU 6 / HCA 3 (distance 5 <= 5), read 0 mode Default
gcn148:1672530:1672867 [0] NCCL INFO GPU Direct RDMA Enabled for GPU 7 / HCA 3 (distance 5 <= 5), read 0 mode Default
gcn148:1672530:1672867 [0] NCCL INFO GPU Direct RDMA Enabled for GPU 4 / HCA 2 (distance 5 <= 5), read 0 mode Default
gcn148:1672530:1672867 [0] NCCL INFO GPU Direct RDMA Enabled for GPU 5 / HCA 2 (distance 5 <= 5), read 0 mode Default
gcn148:1672530:1672867 [0] NCCL INFO GPU Direct RDMA Enabled for GPU 6 / HCA 2 (distance 5 <= 5), read 0 mode Default
gcn148:1672530:1672867 [0] NCCL INFO GPU Direct RDMA Enabled for GPU 7 / HCA 2 (distance 5 <= 5), read 0 mode Default
gcn148:1672530:1672867 [0] NCCL INFO GPU Direct RDMA Enabled for GPU 4 / HCA 1 (distance 5 <= 5), read 0 mode Default
gcn148:1672530:1672867 [0] NCCL INFO GPU Direct RDMA Enabled for GPU 5 / HCA 1 (distance 5 <= 5), read 0 mode Default
gcn148:1672530:1672867 [0] NCCL INFO GPU Direct RDMA Enabled for GPU 6 / HCA 1 (distance 5 <= 5), read 0 mode Default
gcn148:1672530:1672867 [0] NCCL INFO GPU Direct RDMA Enabled for GPU 7 / HCA 1 (distance 5 <= 5), read 0 mode Default
gcn148:1672530:1672867 [0] NCCL INFO GPU Direct RDMA Enabled for GPU 4 / HCA 4 (distance 5 <= 5), read 0 mode Default
gcn148:1672530:1672867 [0] NCCL INFO GPU Direct RDMA Enabled for GPU 5 / HCA 4 (distance 5 <= 5), read 0 mode Default
gcn148:1672530:1672867 [0] NCCL INFO GPU Direct RDMA Enabled for GPU 6 / HCA 4 (distance 5 <= 5), read 0 mode Default
gcn148:1672530:1672867 [0] NCCL INFO GPU Direct RDMA Enabled for GPU 7 / HCA 4 (distance 5 <= 5), read 0 mode Default
gcn148:1672530:1672867 [0] NCCL INFO GPU Direct RDMA Enabled for GPU 4 / HCA 3 (distance 5 <= 5), read 0 mode Default
gcn148:1672530:1672867 [0] NCCL INFO GPU Direct RDMA Enabled for GPU 5 / HCA 3 (distance 5 <= 5), read 0 mode Default
gcn148:1672530:1672867 [0] NCCL INFO GPU Direct RDMA Enabled for GPU 6 / HCA 3 (distance 5 <= 5), read 0 mode Default
gcn148:1672530:1672867 [0] NCCL INFO GPU Direct RDMA Enabled for GPU 7 / HCA 3 (distance 5 <= 5), read 0 mode Default
gcn148:1672530:1672867 [0] NCCL INFO === System : maxBw 25.0 totalBw 370.8 ===
gcn148:1672530:1672867 [0] NCCL INFO CPU/0-0 (1/2/-1)
gcn148:1672530:1672867 [0] NCCL INFO + PCI[48.0] - PCI/0-1000 (15b3197900000000)
gcn148:1672530:1672867 [0] NCCL INFO               + PCI[48.0] - NIC/0-3000
gcn148:1672530:1672867 [0] NCCL INFO                             + NET[25.0] - NET/0-2 (1/8811460003e1a258/1/25.000000)
gcn148:1672530:1672867 [0] NCCL INFO               + PCI[48.0] - PCI/0-4000 (15b3197900000000)
gcn148:1672530:1672867 [0] NCCL INFO                             + PCI[48.0] - GPU/0-6000 (4)
gcn148:1672530:1672867 [0] NCCL INFO                                           + NVL[123.6] - GPU/0-26000
gcn148:1672530:1672867 [0] NCCL INFO                                           + NVL[123.6] - GPU/0-a6000
gcn148:1672530:1672867 [0] NCCL INFO                                           + NVL[123.6] - GPU/0-c6000
gcn148:1672530:1672867 [0] NCCL INFO + PCI[48.0] - PCI/0-21000 (15b3197900000000)
gcn148:1672530:1672867 [0] NCCL INFO               + PCI[48.0] - NIC/0-23000
gcn148:1672530:1672867 [0] NCCL INFO                             + NET[25.0] - NET/0-1 (1/8411460003e1a258/1/25.000000)
gcn148:1672530:1672867 [0] NCCL INFO               + PCI[48.0] - PCI/0-24000 (15b3197900000000)
gcn148:1672530:1672867 [0] NCCL INFO                             + PCI[48.0] - GPU/0-26000 (5)
gcn148:1672530:1672867 [0] NCCL INFO                                           + NVL[123.6] - GPU/0-6000
gcn148:1672530:1672867 [0] NCCL INFO                                           + NVL[123.6] - GPU/0-c6000
gcn148:1672530:1672867 [0] NCCL INFO                                           + NVL[123.6] - GPU/0-a6000
gcn148:1672530:1672867 [0] NCCL INFO + SYS[16.0] - CPU/0-1
gcn148:1672530:1672867 [0] NCCL INFO + PCI[6.0] - NIC/0-42000
gcn148:1672530:1672867 [0] NCCL INFO              + NET[3.1] - NET/0-0 (1/275bc30003767c38/1/3.125000)
gcn148:1672530:1672867 [0] NCCL INFO CPU/0-1 (1/2/-1)
gcn148:1672530:1672867 [0] NCCL INFO + PCI[48.0] - PCI/0-a1000 (15b3197900000000)
gcn148:1672530:1672867 [0] NCCL INFO               + PCI[48.0] - NIC/0-a3000
gcn148:1672530:1672867 [0] NCCL INFO                             + NET[25.0] - NET/0-4 (0/8011460003e1a258/1/25.000000)
gcn148:1672530:1672867 [0] NCCL INFO               + PCI[48.0] - PCI/0-a4000 (15b3197900000000)
gcn148:1672530:1672867 [0] NCCL INFO                             + PCI[48.0] - GPU/0-a6000 (6)
gcn148:1672530:1672867 [0] NCCL INFO                                           + NVL[123.6] - GPU/0-26000
gcn148:1672530:1672867 [0] NCCL INFO                                           + NVL[123.6] - GPU/0-6000
gcn148:1672530:1672867 [0] NCCL INFO                                           + NVL[123.6] - GPU/0-c6000
gcn148:1672530:1672867 [0] NCCL INFO + PCI[48.0] - PCI/0-c1000 (15b3197900000000)
gcn148:1672530:1672867 [0] NCCL INFO               + PCI[48.0] - NIC/0-c3000
gcn148:1672530:1672867 [0] NCCL INFO                             + NET[25.0] - NET/0-3 (1/7c11460003e1a258/1/25.000000)
gcn148:1672530:1672867 [0] NCCL INFO               + PCI[48.0] - PCI/0-c4000 (15b3197900000000)
gcn148:1672530:1672867 [0] NCCL INFO                             + PCI[48.0] - GPU/0-c6000 (7)
gcn148:1672530:1672867 [0] NCCL INFO                                           + NVL[123.6] - GPU/0-6000
gcn148:1672530:1672867 [0] NCCL INFO                                           + NVL[123.6] - GPU/0-26000
gcn148:1672530:1672867 [0] NCCL INFO                                           + NVL[123.6] - GPU/0-a6000
gcn148:1672530:1672867 [0] NCCL INFO + SYS[16.0] - CPU/0-0
gcn148:1672530:1672867 [0] NCCL INFO ==========================================
gcn148:1672530:1672867 [0] NCCL INFO GPU/0-6000 :GPU/0-6000 (0/5000.0/LOC) GPU/0-26000 (1/123.6/NVL) GPU/0-a6000 (1/123.6/NVL) GPU/0-c6000 (1/123.6/NVL) CPU/0-0 (3/48.0/PHB) CPU/0-1 (4/16.0/SYS) NET/0-2 (4/25.0/PXB) NET/0-1 (5/25.0/PXN) NET/0-0 (5/3.1/PHB) NET/0-4 (5/25.0/PXN) NET/0-3 (5/25.0/PXN) 
gcn148:1672530:1672867 [0] NCCL INFO GPU/0-26000 :GPU/0-6000 (1/123.6/NVL) GPU/0-26000 (0/5000.0/LOC) GPU/0-a6000 (1/123.6/NVL) GPU/0-c6000 (1/123.6/NVL) CPU/0-0 (3/48.0/PHB) CPU/0-1 (4/16.0/SYS) NET/0-2 (5/25.0/PXN) NET/0-1 (4/25.0/PXB) NET/0-0 (5/3.1/PHB) NET/0-4 (5/25.0/PXN) NET/0-3 (5/25.0/PXN) 
gcn148:1672530:1672867 [0] NCCL INFO GPU/0-a6000 :GPU/0-6000 (1/123.6/NVL) GPU/0-26000 (1/123.6/NVL) GPU/0-a6000 (0/5000.0/LOC) GPU/0-c6000 (1/123.6/NVL) CPU/0-0 (4/16.0/SYS) CPU/0-1 (3/48.0/PHB) NET/0-2 (5/25.0/PXN) NET/0-1 (5/25.0/PXN) NET/0-0 (6/3.1/SYS) NET/0-4 (4/25.0/PXB) NET/0-3 (5/25.0/PXN) 
gcn148:1672530:1672867 [0] NCCL INFO GPU/0-c6000 :GPU/0-6000 (1/123.6/NVL) GPU/0-26000 (1/123.6/NVL) GPU/0-a6000 (1/123.6/NVL) GPU/0-c6000 (0/5000.0/LOC) CPU/0-0 (4/16.0/SYS) CPU/0-1 (3/48.0/PHB) NET/0-2 (5/25.0/PXN) NET/0-1 (5/25.0/PXN) NET/0-0 (6/3.1/SYS) NET/0-4 (5/25.0/PXN) NET/0-3 (4/25.0/PXB) 
gcn148:1672530:1672867 [0] NCCL INFO NET/0-2 :GPU/0-6000 (4/25.0/PXB) GPU/0-26000 (6/25.0/PHB) GPU/0-a6000 (7/16.0/SYS) GPU/0-c6000 (7/16.0/SYS) CPU/0-0 (3/25.0/PHB) CPU/0-1 (4/16.0/SYS) NET/0-2 (0/5000.0/LOC) NET/0-1 (6/25.0/PHB) NET/0-0 (5/3.1/PHB) NET/0-4 (7/16.0/SYS) NET/0-3 (7/16.0/SYS) 
gcn148:1672530:1672867 [0] NCCL INFO NET/0-1 :GPU/0-6000 (6/25.0/PHB) GPU/0-26000 (4/25.0/PXB) GPU/0-a6000 (7/16.0/SYS) GPU/0-c6000 (7/16.0/SYS) CPU/0-0 (3/25.0/PHB) CPU/0-1 (4/16.0/SYS) NET/0-2 (6/25.0/PHB) NET/0-1 (0/5000.0/LOC) NET/0-0 (5/3.1/PHB) NET/0-4 (7/16.0/SYS) NET/0-3 (7/16.0/SYS) 
gcn148:1672530:1672867 [0] NCCL INFO NET/0-0 :GPU/0-6000 (5/3.1/PHB) GPU/0-26000 (5/3.1/PHB) GPU/0-a6000 (6/3.1/SYS) GPU/0-c6000 (6/3.1/SYS) CPU/0-0 (2/3.1/PHB) CPU/0-1 (3/3.1/SYS) NET/0-2 (5/3.1/PHB) NET/0-1 (5/3.1/PHB) NET/0-0 (0/5000.0/LOC) NET/0-4 (6/3.1/SYS) NET/0-3 (6/3.1/SYS) 
gcn148:1672530:1672867 [0] NCCL INFO NET/0-4 :GPU/0-6000 (7/16.0/SYS) GPU/0-26000 (7/16.0/SYS) GPU/0-a6000 (4/25.0/PXB) GPU/0-c6000 (6/25.0/PHB) CPU/0-0 (4/16.0/SYS) CPU/0-1 (3/25.0/PHB) NET/0-2 (7/16.0/SYS) NET/0-1 (7/16.0/SYS) NET/0-0 (6/3.1/SYS) NET/0-4 (0/5000.0/LOC) NET/0-3 (6/25.0/PHB) 
gcn148:1672530:1672867 [0] NCCL INFO NET/0-3 :GPU/0-6000 (7/16.0/SYS) GPU/0-26000 (7/16.0/SYS) GPU/0-a6000 (6/25.0/PHB) GPU/0-c6000 (4/25.0/PXB) CPU/0-0 (4/16.0/SYS) CPU/0-1 (3/25.0/PHB) NET/0-2 (7/16.0/SYS) NET/0-1 (7/16.0/SYS) NET/0-0 (6/3.1/SYS) NET/0-4 (6/25.0/PHB) NET/0-3 (0/5000.0/LOC) 
gcn148:1672530:1672867 [0] NCCL INFO Setting affinity for GPU 0 to 0-31
gcn148:1672530:1672867 [0] NCCL INFO NVLS multicast support is not available on dev 0 (NVLS_NCHANNELS 0)
gcn148:1672530:1672867 [0] NCCL INFO Pattern 4, crossNic 0, nChannels 4, bw 24.000000/24.000000, type NVL/PXN, sameChannels 0
gcn148:1672530:1672867 [0] NCCL INFO  0 : NET/0-2 GPU/4 GPU/5 GPU/6 GPU/7 NET/0-2
gcn148:1672530:1672867 [0] NCCL INFO  1 : NET/0-1 GPU/5 GPU/7 GPU/6 GPU/4 NET/0-1
gcn148:1672530:1672867 [0] NCCL INFO  2 : NET/0-4 GPU/6 GPU/5 GPU/4 GPU/7 NET/0-4
gcn148:1672530:1672867 [0] NCCL INFO  3 : NET/0-3 GPU/7 GPU/5 GPU/4 GPU/6 NET/0-3
gcn148:1672530:1672867 [0] NCCL INFO Pattern 3, crossNic 0, nChannels 4, bw 48.000000/24.000000, type NVL/PXB, sameChannels 0
gcn148:1672530:1672867 [0] NCCL INFO  0 : NET/0-2 GPU/4 GPU/5 GPU/6 GPU/7 NET/0-2
gcn148:1672530:1672867 [0] NCCL INFO  1 : NET/0-1 GPU/5 GPU/6 GPU/7 GPU/4 NET/0-1
gcn148:1672530:1672867 [0] NCCL INFO  2 : NET/0-4 GPU/6 GPU/4 GPU/5 GPU/7 NET/0-4
gcn148:1672530:1672867 [0] NCCL INFO  3 : NET/0-3 GPU/7 GPU/4 GPU/6 GPU/5 NET/0-3
gcn148:1672530:1672867 [0] NCCL INFO comm 0xa2ef580 rank 4 nRanks 8 nNodes 2 localRanks 4 localRank 0 MNNVL 0
gcn148:1672530:1672867 [0] NCCL INFO Tree 0 : 0 -> 4 -> 5/-1/-1
gcn148:1672530:1672867 [0] NCCL INFO Tree 4 : -1 -> 4 -> 5/0/-1
gcn148:1672530:1672867 [0] NCCL INFO Ring 00 : 3 -> 4 -> 5
gcn148:1672530:1672867 [0] NCCL INFO Ring 01 : 6 -> 4 -> 1
gcn148:1672530:1672867 [0] NCCL INFO Ring 02 : 5 -> 4 -> 7
gcn148:1672530:1672867 [0] NCCL INFO Ring 03 : 5 -> 4 -> 6
gcn148:1672530:1672867 [0] NCCL INFO Ring 04 : 3 -> 4 -> 5
gcn148:1672530:1672867 [0] NCCL INFO Ring 05 : 6 -> 4 -> 1
gcn148:1672530:1672867 [0] NCCL INFO Ring 06 : 5 -> 4 -> 7
gcn148:1672530:1672867 [0] NCCL INFO Ring 07 : 5 -> 4 -> 6
gcn148:1672530:1672867 [0] NCCL INFO Trees [0] 5/-1/-1->4->0 [1] -1/-1/-1->4->7 [2] 5/-1/-1->4->6 [3] 6/-1/-1->4->7 [4] 5/0/-1->4->-1 [5] -1/-1/-1->4->7 [6] 5/-1/-1->4->6 [7] 6/-1/-1->4->7
gcn148:1672530:1672867 [0] NCCL INFO P2P Chunksize set to 131072
gcn148:1672530:1672867 [0] NCCL INFO PROFILER/Plugin: Could not find: libnccl-profiler.so. 
gcn148:1672530:1672867 [0] NCCL INFO UDS: Creating service thread comm 0xa2ef580 rank 4
gcn148:1672530:1672867 [0] NCCL INFO misc/utils.cc:233 memory stack hunk malloc(65536)
gcn148:1672530:1672909 [0] NCCL INFO [Proxy Service UDS] Device 0 CPU core 16
gcn148:1672530:1672905 [0] NCCL INFO [Proxy Service] Device 0 CPU core 30
gcn148:1672530:1672867 [0] NCCL INFO channel.cc:42 Cuda Alloc Size 4864 pointer 0x149a0e600000
gcn148:1672530:1672867 [0] NCCL INFO channel.cc:45 Cuda Alloc Size 104 pointer 0x149a0e800000
gcn148:1672530:1672867 [0] NCCL INFO channel.cc:56 Cuda Alloc Size 32 pointer 0x149a0ea00000
gcn148:1672530:1672867 [0] NCCL INFO channel.cc:42 Cuda Alloc Size 4864 pointer 0x149a0ec00000
gcn148:1672530:1672867 [0] NCCL INFO channel.cc:45 Cuda Alloc Size 104 pointer 0x149a0ee00000
gcn148:1672530:1672867 [0] NCCL INFO channel.cc:56 Cuda Alloc Size 32 pointer 0x149a0f000000
gcn148:1672530:1672867 [0] NCCL INFO channel.cc:42 Cuda Alloc Size 4864 pointer 0x149a0f200000
gcn148:1672530:1672867 [0] NCCL INFO channel.cc:45 Cuda Alloc Size 104 pointer 0x149a0f400000
gcn148:1672530:1672867 [0] NCCL INFO channel.cc:56 Cuda Alloc Size 32 pointer 0x149a0f600000
gcn148:1672530:1672867 [0] NCCL INFO channel.cc:42 Cuda Alloc Size 4864 pointer 0x149a0f800000
gcn148:1672530:1672867 [0] NCCL INFO channel.cc:45 Cuda Alloc Size 104 pointer 0x149a0fa00000
gcn148:1672530:1672867 [0] NCCL INFO channel.cc:56 Cuda Alloc Size 32 pointer 0x149a0fc00000
gcn148:1672530:1672867 [0] NCCL INFO channel.cc:42 Cuda Alloc Size 4864 pointer 0x149a0fe00000
gcn148:1672530:1672867 [0] NCCL INFO channel.cc:45 Cuda Alloc Size 104 pointer 0x149a10000000
gcn148:1672530:1672867 [0] NCCL INFO channel.cc:56 Cuda Alloc Size 32 pointer 0x149a10200000
gcn148:1672530:1672867 [0] NCCL INFO channel.cc:42 Cuda Alloc Size 4864 pointer 0x149a10400000
gcn148:1672530:1672867 [0] NCCL INFO channel.cc:45 Cuda Alloc Size 104 pointer 0x149a10600000
gcn148:1672530:1672867 [0] NCCL INFO channel.cc:56 Cuda Alloc Size 32 pointer 0x149a10800000
gcn148:1672530:1672867 [0] NCCL INFO channel.cc:42 Cuda Alloc Size 4864 pointer 0x149a10a00000
gcn148:1672530:1672867 [0] NCCL INFO channel.cc:45 Cuda Alloc Size 104 pointer 0x149a10c00000
gcn148:1672530:1672867 [0] NCCL INFO channel.cc:56 Cuda Alloc Size 32 pointer 0x149a10e00000
gcn148:1672530:1672867 [0] NCCL INFO channel.cc:42 Cuda Alloc Size 4864 pointer 0x149a11000000
gcn148:1672530:1672867 [0] NCCL INFO channel.cc:45 Cuda Alloc Size 104 pointer 0x149a11200000
gcn148:1672530:1672867 [0] NCCL INFO channel.cc:56 Cuda Alloc Size 32 pointer 0x149a11400000
gcn148:1672530:1672867 [0] NCCL INFO threadThresholds 8/8/64 | 64/8/64 | 512 | 512
gcn148:1672530:1672867 [0] NCCL INFO 8 coll channels, 8 collnet channels, 0 nvls channels, 8 p2p channels, 2 p2p channels per peer
gcn148:1672530:1672867 [0] NCCL INFO init.cc:447 Cuda Alloc Size 23648 pointer 0x149a11600000
gcn148:1672530:1672867 [0] NCCL INFO init.cc:449 Cuda Alloc Size 32 pointer 0x149a11800000
gcn148:1672530:1672867 [0] NCCL INFO init.cc:491 Cuda Host Alloc Size 1048576 pointer 0x149a05a00200
gcn148:1672530:1672867 [0] NCCL INFO init.cc:501 Cuda Host Alloc Size 65536 pointer 0x149a05b00200
gcn148:1672530:1672867 [0] NCCL INFO init.cc:502 Cuda Host Alloc Size 65536 pointer 0x149a05b10200
gcn148:1672530:1672867 [0] NCCL INFO TUNER/Plugin: Could not find: libnccl-tuner.so. Using internal tuner plugin.
gcn148:1672530:1672867 [0] NCCL INFO TUNER/Plugin: Failed to find ncclTunerPlugin_v4 symbol.
gcn148:1672530:1672867 [0] NCCL INFO TUNER/Plugin: Failed to find ncclTunerPlugin_v3 symbol.
gcn148:1672530:1672867 [0] NCCL INFO TUNER/Plugin: Failed to find ncclTunerPlugin_v2 symbol, using internal tuner instead.
gcn148:1672530:1672867 [0] NCCL INFO ncclCommInitRankConfig comm 0xa2ef580 rank 4 nranks 8 cudaDev 0 nvmlDev 0 busId 6000 commId 0xb7d06f621956a582 - Init COMPLETE
gcn148:1672530:1672867 [0] NCCL INFO Init timings - ncclCommInitRankConfig: rank 4 nranks 8 total 2.16 (kernels 0.41, alloc 1.66, bootstrap 0.00, allgathers 0.00, topo 0.02, graphs 0.04, connections 0.01, rest 0.00)
gcn148:1672530:1672530 [0] NCCL INFO AllReduce: opCount 0 sendbuff 0x149a21e00000 recvbuff 0x149a21e00000 count 1 datatype 2 op 0 root 0 comm 0xa2ef580 [nranks=8] stream (nil)
gcn148:1672530:1672530 [0] NCCL INFO misc/utils.cc:233 memory stack hunk malloc(65536)
gcn148:1672530:1672912 [0] NCCL INFO Channel 00/0 : 4[0] -> 5[1] via P2P/CUMEM
gcn148:1672530:1672905 [0] NCCL INFO Mem Realloc old size 0, new size 8 pointer 0x1499c0004f20
gcn148:1672530:1672905 [0] NCCL INFO New proxy send connection 0 from local rank 0, transport 0
gcn148:1672530:1672905 [0] NCCL INFO proxyProgressAsync opId=0x1499cfa492c0 op.type=1 op.reqBuff=0x1499c0004ee0 op.respSize=16 done
gcn148:1672530:1672912 [0] NCCL INFO ncclPollProxyResponse Received new opId=0x1499cfa492c0
gcn148:1672530:1672912 [0] NCCL INFO resp.opId=0x1499cfa492c0 matches expected opId=0x1499cfa492c0
gcn148:1672530:1672912 [0] NCCL INFO Connected to proxy localRank 0 -> connection 0x1499c0004f40
gcn148:1672530:1672905 [0] NCCL INFO Received and initiated operation=Init res=0
gcn148:1672530:1672905 [0] NCCL INFO Allocated shareable buffer 0x149a15a00000 size 2097152 ipcDesc 0x1499c0008b60
gcn148:1672530:1672905 [0] NCCL INFO proxyProgressAsync opId=0x1499cfa492c0 op.type=3 op.reqBuff=0x1499c0004f00 op.respSize=88 done
gcn148:1672530:1672912 [0] NCCL INFO ncclPollProxyResponse Received new opId=0x1499cfa492c0
gcn148:1672530:1672905 [0] NCCL INFO Received and initiated operation=Setup res=0
gcn148:1672530:1672912 [0] NCCL INFO resp.opId=0x1499cfa492c0 matches expected opId=0x1499cfa492c0
gcn148:1672530:1672912 [0] NCCL INFO Channel 02/0 : 4[0] -> 5[1] via P2P/CUMEM
gcn148:1672530:1672905 [0] NCCL INFO New proxy send connection 1 from local rank 0, transport 0
gcn148:1672530:1672905 [0] NCCL INFO proxyProgressAsync opId=0x1499cfa492c0 op.type=1 op.reqBuff=0x1499c0004f00 op.respSize=16 done
gcn148:1672530:1672912 [0] NCCL INFO ncclPollProxyResponse Received new opId=0x1499cfa492c0
gcn148:1672530:1672905 [0] NCCL INFO Received and initiated operation=Init res=0
gcn148:1672530:1672912 [0] NCCL INFO resp.opId=0x1499cfa492c0 matches expected opId=0x1499cfa492c0
gcn148:1672530:1672912 [0] NCCL INFO Connected to proxy localRank 0 -> connection 0x1499c0004fb8
gcn148:1672530:1672905 [0] NCCL INFO Allocated shareable buffer 0x149a15c00000 size 2097152 ipcDesc 0x1499c0008b60
gcn148:1672530:1672905 [0] NCCL INFO proxyProgressAsync opId=0x1499cfa492c0 op.type=3 op.reqBuff=0x1499c0004ee0 op.respSize=88 done
gcn148:1672530:1672912 [0] NCCL INFO ncclPollProxyResponse Received new opId=0x1499cfa492c0
gcn148:1672530:1672905 [0] NCCL INFO Received and initiated operation=Setup res=0
gcn148:1672530:1672912 [0] NCCL INFO resp.opId=0x1499cfa492c0 matches expected opId=0x1499cfa492c0
gcn148:1672530:1672912 [0] NCCL INFO Channel 04/0 : 4[0] -> 5[1] via P2P/CUMEM
gcn148:1672530:1672905 [0] NCCL INFO New proxy send connection 2 from local rank 0, transport 0
gcn148:1672530:1672905 [0] NCCL INFO proxyProgressAsync opId=0x1499cfa492c0 op.type=1 op.reqBuff=0x1499c0004ee0 op.respSize=16 done
gcn148:1672530:1672912 [0] NCCL INFO ncclPollProxyResponse Received new opId=0x1499cfa492c0
gcn148:1672530:1672905 [0] NCCL INFO Received and initiated operation=Init res=0
gcn148:1672530:1672912 [0] NCCL INFO resp.opId=0x1499cfa492c0 matches expected opId=0x1499cfa492c0
gcn148:1672530:1672912 [0] NCCL INFO Connected to proxy localRank 0 -> connection 0x1499c0005030
gcn148:1672530:1672905 [0] NCCL INFO Allocated shareable buffer 0x149a15e00000 size 2097152 ipcDesc 0x1499c0008b60
gcn148:1672530:1672905 [0] NCCL INFO proxyProgressAsync opId=0x1499cfa492c0 op.type=3 op.reqBuff=0x1499c0004f00 op.respSize=88 done
gcn148:1672530:1672912 [0] NCCL INFO ncclPollProxyResponse Received new opId=0x1499cfa492c0
gcn148:1672530:1672905 [0] NCCL INFO Received and initiated operation=Setup res=0
gcn148:1672530:1672912 [0] NCCL INFO resp.opId=0x1499cfa492c0 matches expected opId=0x1499cfa492c0
gcn148:1672530:1672912 [0] NCCL INFO Channel 06/0 : 4[0] -> 5[1] via P2P/CUMEM
gcn148:1672530:1672905 [0] NCCL INFO New proxy send connection 3 from local rank 0, transport 0
gcn148:1672530:1672905 [0] NCCL INFO proxyProgressAsync opId=0x1499cfa492c0 op.type=1 op.reqBuff=0x1499c0004f00 op.respSize=16 done
gcn148:1672530:1672912 [0] NCCL INFO ncclPollProxyResponse Received new opId=0x1499cfa492c0
gcn148:1672530:1672905 [0] NCCL INFO Received and initiated operation=Init res=0
gcn148:1672530:1672912 [0] NCCL INFO resp.opId=0x1499cfa492c0 matches expected opId=0x1499cfa492c0
gcn148:1672530:1672912 [0] NCCL INFO Connected to proxy localRank 0 -> connection 0x1499c00050a8
gcn148:1672530:1672905 [0] NCCL INFO Allocated shareable buffer 0x149a16000000 size 2097152 ipcDesc 0x1499c0008b60
gcn148:1672530:1672905 [0] NCCL INFO proxyProgressAsync opId=0x1499cfa492c0 op.type=3 op.reqBuff=0x1499c0004ee0 op.respSize=88 done
gcn148:1672530:1672912 [0] NCCL INFO ncclPollProxyResponse Received new opId=0x1499cfa492c0
gcn148:1672530:1672905 [0] NCCL INFO Received and initiated operation=Setup res=0
gcn148:1672530:1672912 [0] NCCL INFO resp.opId=0x1499cfa492c0 matches expected opId=0x1499cfa492c0
gcn148:1672530:1672912 [0] NCCL INFO Channel 02/0 : 4[0] -> 6[2] via P2P/CUMEM
gcn148:1672530:1672905 [0] NCCL INFO New proxy send connection 4 from local rank 0, transport 0
gcn148:1672530:1672905 [0] NCCL INFO proxyProgressAsync opId=0x1499cfa492c0 op.type=1 op.reqBuff=0x1499c0004ee0 op.respSize=16 done
gcn148:1672530:1672912 [0] NCCL INFO ncclPollProxyResponse Received new opId=0x1499cfa492c0
gcn148:1672530:1672905 [0] NCCL INFO Received and initiated operation=Init res=0
gcn148:1672530:1672912 [0] NCCL INFO resp.opId=0x1499cfa492c0 matches expected opId=0x1499cfa492c0
gcn148:1672530:1672912 [0] NCCL INFO Connected to proxy localRank 0 -> connection 0x1499c0005120
gcn148:1672530:1672905 [0] NCCL INFO Allocated shareable buffer 0x149a16200000 size 2097152 ipcDesc 0x1499c0008b60
gcn148:1672530:1672905 [0] NCCL INFO proxyProgressAsync opId=0x1499cfa492c0 op.type=3 op.reqBuff=0x1499c0004f00 op.respSize=88 done
gcn148:1672530:1672912 [0] NCCL INFO ncclPollProxyResponse Received new opId=0x1499cfa492c0
gcn148:1672530:1672905 [0] NCCL INFO Received and initiated operation=Setup res=0
gcn148:1672530:1672912 [0] NCCL INFO resp.opId=0x1499cfa492c0 matches expected opId=0x1499cfa492c0
gcn148:1672530:1672912 [0] NCCL INFO Channel 03/0 : 4[0] -> 6[2] via P2P/CUMEM
gcn148:1672530:1672905 [0] NCCL INFO New proxy send connection 5 from local rank 0, transport 0
gcn148:1672530:1672905 [0] NCCL INFO proxyProgressAsync opId=0x1499cfa492c0 op.type=1 op.reqBuff=0x1499c0004f00 op.respSize=16 done
gcn148:1672530:1672912 [0] NCCL INFO ncclPollProxyResponse Received new opId=0x1499cfa492c0
gcn148:1672530:1672905 [0] NCCL INFO Received and initiated operation=Init res=0
gcn148:1672530:1672912 [0] NCCL INFO resp.opId=0x1499cfa492c0 matches expected opId=0x1499cfa492c0
gcn148:1672530:1672912 [0] NCCL INFO Connected to proxy localRank 0 -> connection 0x1499c0005198
gcn148:1672530:1672905 [0] NCCL INFO Allocated shareable buffer 0x149a16400000 size 2097152 ipcDesc 0x1499c0008b60
gcn148:1672530:1672905 [0] NCCL INFO proxyProgressAsync opId=0x1499cfa492c0 op.type=3 op.reqBuff=0x1499c0004ee0 op.respSize=88 done
gcn148:1672530:1672912 [0] NCCL INFO ncclPollProxyResponse Received new opId=0x1499cfa492c0
gcn148:1672530:1672905 [0] NCCL INFO Received and initiated operation=Setup res=0
gcn148:1672530:1672912 [0] NCCL INFO resp.opId=0x1499cfa492c0 matches expected opId=0x1499cfa492c0
gcn148:1672530:1672912 [0] NCCL INFO Channel 06/0 : 4[0] -> 6[2] via P2P/CUMEM
gcn148:1672530:1672905 [0] NCCL INFO New proxy send connection 6 from local rank 0, transport 0
gcn148:1672530:1672905 [0] NCCL INFO proxyProgressAsync opId=0x1499cfa492c0 op.type=1 op.reqBuff=0x1499c0004ee0 op.respSize=16 done
gcn148:1672530:1672912 [0] NCCL INFO ncclPollProxyResponse Received new opId=0x1499cfa492c0
gcn148:1672530:1672905 [0] NCCL INFO Received and initiated operation=Init res=0
gcn148:1672530:1672912 [0] NCCL INFO resp.opId=0x1499cfa492c0 matches expected opId=0x1499cfa492c0
gcn148:1672530:1672912 [0] NCCL INFO Connected to proxy localRank 0 -> connection 0x1499c0005210
gcn148:1672530:1672905 [0] NCCL INFO Allocated shareable buffer 0x149a16600000 size 2097152 ipcDesc 0x1499c0008b60
gcn148:1672530:1672905 [0] NCCL INFO proxyProgressAsync opId=0x1499cfa492c0 op.type=3 op.reqBuff=0x1499c0004f00 op.respSize=88 done
gcn148:1672530:1672912 [0] NCCL INFO ncclPollProxyResponse Received new opId=0x1499cfa492c0
gcn148:1672530:1672905 [0] NCCL INFO Received and initiated operation=Setup res=0
gcn148:1672530:1672912 [0] NCCL INFO resp.opId=0x1499cfa492c0 matches expected opId=0x1499cfa492c0
gcn148:1672530:1672912 [0] NCCL INFO Channel 07/0 : 4[0] -> 6[2] via P2P/CUMEM
gcn148:1672530:1672905 [0] NCCL INFO New proxy send connection 7 from local rank 0, transport 0
gcn148:1672530:1672905 [0] NCCL INFO proxyProgressAsync opId=0x1499cfa492c0 op.type=1 op.reqBuff=0x1499c0004f00 op.respSize=16 done
gcn148:1672530:1672912 [0] NCCL INFO ncclPollProxyResponse Received new opId=0x1499cfa492c0
gcn148:1672530:1672905 [0] NCCL INFO Received and initiated operation=Init res=0
gcn148:1672530:1672912 [0] NCCL INFO resp.opId=0x1499cfa492c0 matches expected opId=0x1499cfa492c0
gcn148:1672530:1672912 [0] NCCL INFO Connected to proxy localRank 0 -> connection 0x1499c0005288
gcn148:1672530:1672905 [0] NCCL INFO Allocated shareable buffer 0x149a16800000 size 2097152 ipcDesc 0x1499c0008b60
gcn148:1672530:1672905 [0] NCCL INFO proxyProgressAsync opId=0x1499cfa492c0 op.type=3 op.reqBuff=0x1499c0004ee0 op.respSize=88 done
gcn148:1672530:1672912 [0] NCCL INFO ncclPollProxyResponse Received new opId=0x1499cfa492c0
gcn148:1672530:1672905 [0] NCCL INFO Received and initiated operation=Setup res=0
gcn148:1672530:1672912 [0] NCCL INFO resp.opId=0x1499cfa492c0 matches expected opId=0x1499cfa492c0
gcn148:1672530:1672912 [0] NCCL INFO Channel 01/0 : 4[0] -> 7[3] via P2P/CUMEM
gcn148:1672530:1672905 [0] NCCL INFO New proxy send connection 8 from local rank 0, transport 0
gcn148:1672530:1672905 [0] NCCL INFO proxyProgressAsync opId=0x1499cfa492c0 op.type=1 op.reqBuff=0x1499c0004ee0 op.respSize=16 done
gcn148:1672530:1672912 [0] NCCL INFO ncclPollProxyResponse Received new opId=0x1499cfa492c0
gcn148:1672530:1672905 [0] NCCL INFO Received and initiated operation=Init res=0
gcn148:1672530:1672912 [0] NCCL INFO resp.opId=0x1499cfa492c0 matches expected opId=0x1499cfa492c0
gcn148:1672530:1672912 [0] NCCL INFO Connected to proxy localRank 0 -> connection 0x1499c0005300
gcn148:1672530:1672905 [0] NCCL INFO Allocated shareable buffer 0x149a16a00000 size 2097152 ipcDesc 0x1499c0008b60
gcn148:1672530:1672905 [0] NCCL INFO proxyProgressAsync opId=0x1499cfa492c0 op.type=3 op.reqBuff=0x1499c0004f00 op.respSize=88 done
gcn148:1672530:1672912 [0] NCCL INFO ncclPollProxyResponse Received new opId=0x1499cfa492c0
gcn148:1672530:1672905 [0] NCCL INFO Received and initiated operation=Setup res=0
gcn148:1672530:1672912 [0] NCCL INFO resp.opId=0x1499cfa492c0 matches expected opId=0x1499cfa492c0
gcn148:1672530:1672912 [0] NCCL INFO Channel 03/0 : 4[0] -> 7[3] via P2P/CUMEM
gcn148:1672530:1672905 [0] NCCL INFO New proxy send connection 9 from local rank 0, transport 0
gcn148:1672530:1672905 [0] NCCL INFO proxyProgressAsync opId=0x1499cfa492c0 op.type=1 op.reqBuff=0x1499c0004f00 op.respSize=16 done
gcn148:1672530:1672912 [0] NCCL INFO ncclPollProxyResponse Received new opId=0x1499cfa492c0
gcn148:1672530:1672905 [0] NCCL INFO Received and initiated operation=Init res=0
gcn148:1672530:1672912 [0] NCCL INFO resp.opId=0x1499cfa492c0 matches expected opId=0x1499cfa492c0
gcn148:1672530:1672912 [0] NCCL INFO Connected to proxy localRank 0 -> connection 0x1499c0005378
gcn148:1672530:1672905 [0] NCCL INFO Allocated shareable buffer 0x149a16c00000 size 2097152 ipcDesc 0x1499c0008b60
gcn148:1672530:1672905 [0] NCCL INFO proxyProgressAsync opId=0x1499cfa492c0 op.type=3 op.reqBuff=0x1499c0004ee0 op.respSize=88 done
gcn148:1672530:1672912 [0] NCCL INFO ncclPollProxyResponse Received new opId=0x1499cfa492c0
gcn148:1672530:1672905 [0] NCCL INFO Received and initiated operation=Setup res=0
gcn148:1672530:1672912 [0] NCCL INFO resp.opId=0x1499cfa492c0 matches expected opId=0x1499cfa492c0
gcn148:1672530:1672912 [0] NCCL INFO Channel 05/0 : 4[0] -> 7[3] via P2P/CUMEM
gcn148:1672530:1672905 [0] NCCL INFO New proxy send connection 10 from local rank 0, transport 0
gcn148:1672530:1672905 [0] NCCL INFO proxyProgressAsync opId=0x1499cfa492c0 op.type=1 op.reqBuff=0x1499c0004ee0 op.respSize=16 done
gcn148:1672530:1672912 [0] NCCL INFO ncclPollProxyResponse Received new opId=0x1499cfa492c0
gcn148:1672530:1672905 [0] NCCL INFO Received and initiated operation=Init res=0
gcn148:1672530:1672912 [0] NCCL INFO resp.opId=0x1499cfa492c0 matches expected opId=0x1499cfa492c0
gcn148:1672530:1672912 [0] NCCL INFO Connected to proxy localRank 0 -> connection 0x1499c00053f0
gcn148:1672530:1672905 [0] NCCL INFO Allocated shareable buffer 0x149a16e00000 size 2097152 ipcDesc 0x1499c0008b60
gcn148:1672530:1672905 [0] NCCL INFO proxyProgressAsync opId=0x1499cfa492c0 op.type=3 op.reqBuff=0x1499c0004f00 op.respSize=88 done
gcn148:1672530:1672912 [0] NCCL INFO ncclPollProxyResponse Received new opId=0x1499cfa492c0
gcn148:1672530:1672905 [0] NCCL INFO Received and initiated operation=Setup res=0
gcn148:1672530:1672912 [0] NCCL INFO resp.opId=0x1499cfa492c0 matches expected opId=0x1499cfa492c0
gcn148:1672530:1672912 [0] NCCL INFO Channel 07/0 : 4[0] -> 7[3] via P2P/CUMEM
gcn148:1672530:1672905 [0] NCCL INFO New proxy send connection 11 from local rank 0, transport 0
gcn148:1672530:1672905 [0] NCCL INFO proxyProgressAsync opId=0x1499cfa492c0 op.type=1 op.reqBuff=0x1499c0004f00 op.respSize=16 done
gcn148:1672530:1672912 [0] NCCL INFO ncclPollProxyResponse Received new opId=0x1499cfa492c0
gcn148:1672530:1672905 [0] NCCL INFO Received and initiated operation=Init res=0
gcn148:1672530:1672912 [0] NCCL INFO resp.opId=0x1499cfa492c0 matches expected opId=0x1499cfa492c0
gcn148:1672530:1672912 [0] NCCL INFO Connected to proxy localRank 0 -> connection 0x1499c0005468
gcn148:1672530:1672905 [0] NCCL INFO Allocated shareable buffer 0x149a17000000 size 2097152 ipcDesc 0x1499c0008b60
gcn148:1672530:1672905 [0] NCCL INFO proxyProgressAsync opId=0x1499cfa492c0 op.type=3 op.reqBuff=0x1499c0004ee0 op.respSize=88 done
gcn148:1672530:1672912 [0] NCCL INFO ncclPollProxyResponse Received new opId=0x1499cfa492c0
gcn148:1672530:1672905 [0] NCCL INFO Received and initiated operation=Setup res=0
gcn148:1672530:1672912 [0] NCCL INFO resp.opId=0x1499cfa492c0 matches expected opId=0x1499cfa492c0
gcn148:1672530:1672912 [0] NCCL INFO GPU Direct RDMA Enabled for GPU 4 / HCA 2 (distance 5 <= 5), read 0 mode Default
gcn148:1672530:1672912 [0] NCCL INFO NET/IB : GPU Direct RDMA (nvidia-peermem) enabled for HCA 2 'mlx5_3
gcn148:1672530:1672912 [0] NCCL INFO NET/IB : GPU Direct RDMA (DMABUF) enabled for HCA 2 'mlx5_3
gcn148:1672530:1672905 [0] NCCL INFO Allocated 33030532 bytes of shared memory in /dev/shm/nccl-znFNli
gcn148:1672530:1672905 [0] NCCL INFO New proxy recv connection 12 from local rank 0, transport 2
gcn148:1672530:1672905 [0] NCCL INFO proxyProgressAsync opId=0x1499cfa492c0 op.type=1 op.reqBuff=0x1499c0004ee0 op.respSize=16 done
gcn148:1672530:1672912 [0] NCCL INFO ncclPollProxyResponse Received new opId=0x1499cfa492c0
gcn148:1672530:1672905 [0] NCCL INFO Received and initiated operation=Init res=0
gcn148:1672530:1672912 [0] NCCL INFO resp.opId=0x1499cfa492c0 matches expected opId=0x1499cfa492c0
gcn148:1672530:1672912 [0] NCCL INFO Connected to proxy localRank 0 -> connection 0x1499c00054e0
gcn148:1672530:1672918 [0] NCCL INFO [Proxy Progress] Device 0 CPU core 23
gcn148:1672530:1672905 [0] NCCL INFO NET/IB : GPU Direct RDMA (nvidia-peermem) enabled for HCA 2 'mlx5_3
gcn148:1672530:1672905 [0] NCCL INFO NET/IB : GPU Direct RDMA (DMABUF) enabled for HCA 2 'mlx5_3
gcn148:1672530:1672905 [0] NCCL INFO proxyProgressAsync opId=0x1499cfa492c0 op.type=3 op.reqBuff=0x1499c001a610 op.respSize=128 done
gcn148:1672530:1672912 [0] NCCL INFO ncclPollProxyResponse Received new opId=0x1499cfa492c0
gcn148:1672530:1672905 [0] NCCL INFO Received and initiated operation=Setup res=0
gcn148:1672530:1672912 [0] NCCL INFO resp.opId=0x1499cfa492c0 matches expected opId=0x1499cfa492c0
gcn148:1672530:1672912 [0] NCCL INFO Channel 00/0 : 0[0] -> 4[0] [receive] via NET/IBext_v10/2/GDRDMA
gcn148:1672530:1672912 [0] NCCL INFO GPU Direct RDMA Enabled for GPU 4 / HCA 2 (distance 5 <= 5), read 0 mode Default
gcn148:1672530:1672912 [0] NCCL INFO NET/IB : GPU Direct RDMA (nvidia-peermem) enabled for HCA 2 'mlx5_3
gcn148:1672530:1672912 [0] NCCL INFO NET/IB : GPU Direct RDMA (DMABUF) enabled for HCA 2 'mlx5_3
gcn148:1672530:1672905 [0] NCCL INFO New proxy recv connection 13 from local rank 0, transport 2
gcn148:1672530:1672905 [0] NCCL INFO proxyProgressAsync opId=0x1499cfa492c0 op.type=1 op.reqBuff=0x1499c0004f00 op.respSize=16 done
gcn148:1672530:1672912 [0] NCCL INFO ncclPollProxyResponse Received new opId=0x1499cfa492c0
gcn148:1672530:1672905 [0] NCCL INFO Received and initiated operation=Init res=0
gcn148:1672530:1672912 [0] NCCL INFO resp.opId=0x1499cfa492c0 matches expected opId=0x1499cfa492c0
gcn148:1672530:1672912 [0] NCCL INFO Connected to proxy localRank 0 -> connection 0x1499c0005558
gcn148:1672530:1672905 [0] NCCL INFO NET/IB : GPU Direct RDMA (nvidia-peermem) enabled for HCA 2 'mlx5_3
gcn148:1672530:1672905 [0] NCCL INFO NET/IB : GPU Direct RDMA (DMABUF) enabled for HCA 2 'mlx5_3
gcn148:1672530:1672905 [0] NCCL INFO proxyProgressAsync opId=0x1499cfa492c0 op.type=3 op.reqBuff=0x1499c001a610 op.respSize=128 done
gcn148:1672530:1672912 [0] NCCL INFO ncclPollProxyResponse Received new opId=0x1499cfa492c0
gcn148:1672530:1672905 [0] NCCL INFO Received and initiated operation=Setup res=0
gcn148:1672530:1672912 [0] NCCL INFO resp.opId=0x1499cfa492c0 matches expected opId=0x1499cfa492c0
gcn148:1672530:1672912 [0] NCCL INFO Channel 04/0 : 0[0] -> 4[0] [receive] via NET/IBext_v10/2/GDRDMA
gcn148:1672530:1672912 [0] NCCL INFO GPU Direct RDMA Enabled for GPU 4 / HCA 2 (distance 5 <= 5), read 1 mode Default
gcn148:1672530:1672905 [0] NCCL INFO New proxy send connection 14 from local rank 0, transport 2
gcn148:1672530:1672905 [0] NCCL INFO proxyProgressAsync opId=0x1499cfa492c0 op.type=1 op.reqBuff=0x1499c0004ee0 op.respSize=16 done
gcn148:1672530:1672912 [0] NCCL INFO ncclPollProxyResponse Received new opId=0x1499cfa492c0
gcn148:1672530:1672905 [0] NCCL INFO Received and initiated operation=Init res=0
gcn148:1672530:1672912 [0] NCCL INFO resp.opId=0x1499cfa492c0 matches expected opId=0x1499cfa492c0
gcn148:1672530:1672912 [0] NCCL INFO Connected to proxy localRank 0 -> connection 0x1499c00055d0
gcn148:1672530:1672905 [0] NCCL INFO NET/IB : GPU Direct RDMA (nvidia-peermem) enabled for HCA 2 'mlx5_3
gcn148:1672530:1672905 [0] NCCL INFO NET/IB : GPU Direct RDMA (DMABUF) enabled for HCA 2 'mlx5_3
gcn148:1672530:1672905 [0] NCCL INFO proxyProgressAsync opId=0x1499cfa492c0 op.type=3 op.reqBuff=0x1499c001a610 op.respSize=0 done
gcn148:1672530:1672905 [0] NCCL INFO Received and initiated operation=Setup res=0
gcn148:1672530:1672912 [0] NCCL INFO ncclPollProxyResponse Received new opId=0x1499cfa492c0
gcn148:1672530:1672912 [0] NCCL INFO resp.opId=0x1499cfa492c0 matches expected opId=0x1499cfa492c0
gcn148:1672530:1672912 [0] NCCL INFO Channel 00/0 : 4[0] -> 0[0] [send] via NET/IBext_v10/2/GDRDMA
gcn148:1672530:1672912 [0] NCCL INFO GPU Direct RDMA Enabled for GPU 4 / HCA 2 (distance 5 <= 5), read 1 mode Default
gcn148:1672530:1672905 [0] NCCL INFO New proxy send connection 15 from local rank 0, transport 2
gcn148:1672530:1672905 [0] NCCL INFO proxyProgressAsync opId=0x1499cfa492c0 op.type=1 op.reqBuff=0x1499c0004f00 op.respSize=16 done
gcn148:1672530:1672912 [0] NCCL INFO ncclPollProxyResponse Received new opId=0x1499cfa492c0
gcn148:1672530:1672905 [0] NCCL INFO Received and initiated operation=Init res=0
gcn148:1672530:1672912 [0] NCCL INFO resp.opId=0x1499cfa492c0 matches expected opId=0x1499cfa492c0
gcn148:1672530:1672912 [0] NCCL INFO Connected to proxy localRank 0 -> connection 0x1499c0005648
gcn148:1672530:1672905 [0] NCCL INFO NET/IB : GPU Direct RDMA (nvidia-peermem) enabled for HCA 2 'mlx5_3
gcn148:1672530:1672905 [0] NCCL INFO NET/IB : GPU Direct RDMA (DMABUF) enabled for HCA 2 'mlx5_3
gcn148:1672530:1672905 [0] NCCL INFO proxyProgressAsync opId=0x1499cfa492c0 op.type=3 op.reqBuff=0x1499c001a610 op.respSize=0 done
gcn148:1672530:1672905 [0] NCCL INFO Received and initiated operation=Setup res=0
gcn148:1672530:1672912 [0] NCCL INFO ncclPollProxyResponse Received new opId=0x1499cfa492c0
gcn148:1672530:1672912 [0] NCCL INFO resp.opId=0x1499cfa492c0 matches expected opId=0x1499cfa492c0
gcn148:1672530:1672912 [0] NCCL INFO Channel 04/0 : 4[0] -> 0[0] [send] via NET/IBext_v10/2/GDRDMA
gcn148:1672530:1672905 [0] NCCL INFO New proxy recv connection 16 from local rank 0, transport 0
gcn148:1672530:1672905 [0] NCCL INFO proxyProgressAsync opId=0x1499cfa492c0 op.type=1 op.reqBuff=0x1499c0004ee0 op.respSize=16 done
gcn148:1672530:1672912 [0] NCCL INFO ncclPollProxyResponse Received new opId=0x1499cfa492c0
gcn148:1672530:1672905 [0] NCCL INFO Received and initiated operation=Init res=0
gcn148:1672530:1672912 [0] NCCL INFO resp.opId=0x1499cfa492c0 matches expected opId=0x1499cfa492c0
gcn148:1672530:1672912 [0] NCCL INFO Connected to proxy localRank 0 -> connection 0x1499c00056c0
gcn148:1672530:1672905 [0] NCCL INFO Allocated shareable buffer 0x149a17200000 size 10485760 ipcDesc 0x1499c0008b60
gcn148:1672530:1672905 [0] NCCL INFO proxyProgressAsync opId=0x1499cfa492c0 op.type=3 op.reqBuff=0x1499c0004f00 op.respSize=88 done
gcn148:1672530:1672912 [0] NCCL INFO ncclPollProxyResponse Received new opId=0x1499cfa492c0
gcn148:1672530:1672905 [0] NCCL INFO Received and initiated operation=Setup res=0
gcn148:1672530:1672912 [0] NCCL INFO resp.opId=0x1499cfa492c0 matches expected opId=0x1499cfa492c0
gcn148:1672530:1672905 [0] NCCL INFO New proxy recv connection 17 from local rank 0, transport 0
gcn148:1672530:1672905 [0] NCCL INFO proxyProgressAsync opId=0x1499cfa492c0 op.type=1 op.reqBuff=0x1499c0004f00 op.respSize=16 done
gcn148:1672530:1672912 [0] NCCL INFO ncclPollProxyResponse Received new opId=0x1499cfa492c0
gcn148:1672530:1672905 [0] NCCL INFO Received and initiated operation=Init res=0
gcn148:1672530:1672912 [0] NCCL INFO resp.opId=0x1499cfa492c0 matches expected opId=0x1499cfa492c0
gcn148:1672530:1672912 [0] NCCL INFO Connected to proxy localRank 0 -> connection 0x1499c0005738
gcn148:1672530:1672905 [0] NCCL INFO Allocated shareable buffer 0x149a17c00000 size 10485760 ipcDesc 0x1499c0008b60
gcn148:1672530:1672905 [0] NCCL INFO proxyProgressAsync opId=0x1499cfa492c0 op.type=3 op.reqBuff=0x1499c0004ee0 op.respSize=88 done
gcn148:1672530:1672912 [0] NCCL INFO ncclPollProxyResponse Received new opId=0x1499cfa492c0
gcn148:1672530:1672905 [0] NCCL INFO Received and initiated operation=Setup res=0
gcn148:1672530:1672912 [0] NCCL INFO resp.opId=0x1499cfa492c0 matches expected opId=0x1499cfa492c0
gcn148:1672530:1672905 [0] NCCL INFO New proxy recv connection 18 from local rank 0, transport 0
gcn148:1672530:1672905 [0] NCCL INFO proxyProgressAsync opId=0x1499cfa492c0 op.type=1 op.reqBuff=0x1499c0004ee0 op.respSize=16 done
gcn148:1672530:1672912 [0] NCCL INFO ncclPollProxyResponse Received new opId=0x1499cfa492c0
gcn148:1672530:1672905 [0] NCCL INFO Received and initiated operation=Init res=0
gcn148:1672530:1672912 [0] NCCL INFO resp.opId=0x1499cfa492c0 matches expected opId=0x1499cfa492c0
gcn148:1672530:1672912 [0] NCCL INFO Connected to proxy localRank 0 -> connection 0x1499c00057b0
