gcn146:2092980:2092980 [0] NCCL INFO NCCL_SOCKET_IFNAME set by environment to eno
gcn146:2092980:2092980 [0] NCCL INFO NCCL_SOCKET_IFNAME set to eno
gcn146:2092980:2092980 [0] NCCL INFO Bootstrap: Using eno2np0:172.18.62.146<0>
gcn146:2092980:2092980 [0] NCCL INFO cudaDriverVersion 12090
gcn146:2092980:2092980 [0] NCCL INFO NCCL version 2.27.3+cuda12.9
gcn146:2092980:2092980 [0] NCCL INFO init.cc:1792 Cuda Host Alloc Size 4 pointer 0x14dd93a00000
gcn146:2092980:2092980 [0] NCCL INFO Comm config Blocking set to 1
gcn146:2092980:2093292 [0] NCCL INFO NET/Plugin: Plugin name set by env to libnccl-net.so
gcn146:2092980:2093292 [0] NCCL INFO NET/Plugin: Loaded net plugin NCCL RDMA Plugin v10 (v10)
gcn146:2092980:2093292 [0] NCCL INFO NET/Plugin: Loaded collnet plugin NCCL RDMA Plugin v10 (v10)
gcn146:2092980:2093292 [0] NCCL INFO Successfully loaded external plugin libnccl-net.so
gcn146:2092980:2093292 [0] NCCL INFO Plugin Path : /opt/hpcx/nccl_rdma_sharp_plugin/lib/libnccl-net.so
gcn146:2092980:2093292 [0] NCCL INFO P2P plugin v10 IBext_v10
gcn146:2092980:2093292 [0] NCCL INFO NCCL_SOCKET_IFNAME set by environment to eno
gcn146:2092980:2093292 [0] NCCL INFO NCCL_SOCKET_IFNAME set to eno
gcn146:2092980:2093292 [0] NCCL INFO NET/IB : Made virtual device [0] name=mlx5_0 speed=25000 ndevs=1
gcn146:2092980:2093292 [0] NCCL INFO NET/IB : Made virtual device [1] name=mlx5_2 speed=200000 ndevs=1
gcn146:2092980:2093292 [0] NCCL INFO NET/IB : Made virtual device [2] name=mlx5_3 speed=200000 ndevs=1
gcn146:2092980:2093292 [0] NCCL INFO NET/IB : Made virtual device [3] name=mlx5_4 speed=200000 ndevs=1
gcn146:2092980:2093292 [0] NCCL INFO NET/IB : Made virtual device [4] name=mlx5_5 speed=200000 ndevs=1
gcn146:2092980:2093292 [0] NCCL INFO NET/IB : Using [0]mlx5_0:1/RoCE [1]mlx5_2:1/IB/SHARP [2]mlx5_3:1/IB/SHARP [3]mlx5_4:1/IB/SHARP [4]mlx5_5:1/IB/SHARP [RO]; OOB eno2np0:172.18.62.146<0>
gcn146:2092980:2093292 [0] NCCL INFO Initialized NET plugin IBext_v10
gcn146:2092980:2093292 [0] NCCL INFO NET/IB : GPU Direct RDMA (nvidia-peermem) enabled for HCA 0 'mlx5_0
gcn146:2092980:2093292 [0] NCCL INFO NET/IB : GPU Direct RDMA (DMABUF) enabled for HCA 0 'mlx5_0
gcn146:2092980:2093292 [0] NCCL INFO Assigned NET plugin IBext_v10 to comm
gcn146:2092980:2093292 [0] NCCL INFO Using network IBext_v10
gcn146:2092980:2093292 [0] NCCL INFO ncclCommInitRankConfig comm 0xab30580 rank 0 nranks 8 cudaDev 0 nvmlDev 0 busId 6000 commId 0x279d0119d43bce71 - Init START
gcn146:2092980:2093292 [0] NCCL INFO RAS network listening socket at 172.18.62.146<33777>
gcn146:2092980:2093292 [0] NCCL INFO RAS client listening socket at ::1<28028>
gcn146:2092980:2093292 [0] NCCL INFO Mem Realloc old size 0, new size 256 pointer 0x14dd73556fd0
gcn146:2092980:2093319 [0] NCCL INFO RAS thread started
gcn146:2092980:2093319 [0] NCCL INFO Mem Realloc old size 0, new size 32 pointer 0x14dd58004e10
gcn146:2092980:2093292 [0] NCCL INFO Bootstrap timings total 0.008179 (create 0.000061, send 0.000258, recv 0.000734, ring 0.000693, delay 0.000001)
gcn146:2092980:2093319 [0] NCCL INFO RAS handling local addRanks request (old nRasPeers 0)
gcn146:2092980:2093319 [0] NCCL INFO RAS finished local processing of addRanks request (new nRasPeers 8, nRankPeers 8)
gcn146:2092980:2093319 [0] NCCL INFO RAS peer 0: socket 172.18.62.146<33777>, pid 2092980, GPU 0 [this process]
gcn146:2092980:2093319 [0] NCCL INFO RAS peer 1: socket 172.18.62.146<35387>, pid 2092960, GPU 1
gcn146:2092980:2093319 [0] NCCL INFO RAS peer 2: socket 172.18.62.146<46501>, pid 2092966, GPU 3
gcn146:2092980:2093319 [0] NCCL INFO RAS peer 3: socket 172.18.62.146<55995>, pid 2092972, GPU 2
gcn146:2092980:2093319 [0] NCCL INFO RAS peer 4: socket 172.18.62.148<39269>, pid 1696549, GPU 0
gcn146:2092980:2093319 [0] NCCL INFO RAS peer 5: socket 172.18.62.148<48647>, pid 1696557, GPU 2
gcn146:2092980:2093319 [0] NCCL INFO RAS peer 6: socket 172.18.62.148<53497>, pid 1696542, GPU 1
gcn146:2092980:2093319 [0] NCCL INFO RAS peer 7: socket 172.18.62.148<59419>, pid 1696536, GPU 3
gcn146:2092980:2093319 [0] NCCL INFO RAS peersHash 0x819730885a33e425
gcn146:2092980:2093319 [0] NCCL INFO RAS link 1: opening new primary connection with 172.18.62.146<35387>
gcn146:2092980:2093319 [0] NCCL INFO RAS link -1: opening new primary connection with 172.18.62.148<59419>
gcn146:2092980:2093319 [0] NCCL INFO Mem Realloc old size 32, new size 64 pointer 0x14dd58005580
gcn146:2092980:2093319 [0] NCCL INFO RAS handling connInitAck from 172.18.62.146<35387> (nack 0)
gcn146:2092980:2093319 [0] NCCL INFO RAS established connection with 172.18.62.146<35387> (sendQ empty, experiencingDelays 0, startRetryTime 0.00s)
gcn146:2092980:2093319 [0] NCCL INFO RAS handling connInitAck from 172.18.62.148<59419> (nack 0)
gcn146:2092980:2093319 [0] NCCL INFO RAS established connection with 172.18.62.148<59419> (sendQ empty, experiencingDelays 0, startRetryTime 0.00s)
gcn146:2092980:2093292 [0] NCCL INFO TOPO/NET : Importing network plugins to topology
gcn146:2092980:2093292 [0] NCCL INFO Retrieving state for SHARP
gcn146:2092980:2093292 [0] NCCL INFO Initialized state 0 for SHARP
gcn146:2092980:2093292 [0] NCCL INFO NET/IB : GPU Direct RDMA (nvidia-peermem) enabled for HCA 0 'mlx5_0
gcn146:2092980:2093292 [0] NCCL INFO NET/IB : GPU Direct RDMA (DMABUF) enabled for HCA 0 'mlx5_0
gcn146:2092980:2093292 [0] NCCL INFO NET/SHARP : GPU Direct RDMA Enabled for HCA 0 'mlx5_0'
gcn146:2092980:2093292 [0] NCCL INFO ncclTopoPopulateNics : Filled mlx5_0 in topo with pciPath=/sys/devices/pci0000:40/0000:40:01.3/0000:42:00.0 keep=1 coll=1
gcn146:2092980:2093292 [0] NCCL INFO NET/IB : GPU Direct RDMA (nvidia-peermem) enabled for HCA 1 'mlx5_2
gcn146:2092980:2093292 [0] NCCL INFO NET/IB : GPU Direct RDMA (DMABUF) enabled for HCA 1 'mlx5_2
gcn146:2092980:2093292 [0] NCCL INFO NET/SHARP : GPU Direct RDMA Enabled for HCA 1 'mlx5_2'
gcn146:2092980:2093292 [0] NCCL INFO ncclTopoPopulateNics : Filled mlx5_2 in topo with pciPath=/sys/devices/pci0000:20/0000:20:01.1/0000:21:00.0/0000:22:00.0/0000:23:00.0 keep=1 coll=1
gcn146:2092980:2093292 [0] NCCL INFO NET/IB : GPU Direct RDMA (nvidia-peermem) enabled for HCA 2 'mlx5_3
gcn146:2092980:2093292 [0] NCCL INFO NET/IB : GPU Direct RDMA (DMABUF) enabled for HCA 2 'mlx5_3
gcn146:2092980:2093292 [0] NCCL INFO NET/SHARP : GPU Direct RDMA Enabled for HCA 2 'mlx5_3'
gcn146:2092980:2093292 [0] NCCL INFO ncclTopoPopulateNics : Filled mlx5_3 in topo with pciPath=/sys/devices/pci0000:00/0000:00:01.1/0000:01:00.0/0000:02:00.0/0000:03:00.0 keep=1 coll=1
gcn146:2092980:2093292 [0] NCCL INFO NET/IB : GPU Direct RDMA (nvidia-peermem) enabled for HCA 3 'mlx5_4
gcn146:2092980:2093292 [0] NCCL INFO NET/IB : GPU Direct RDMA (DMABUF) enabled for HCA 3 'mlx5_4
gcn146:2092980:2093292 [0] NCCL INFO NET/SHARP : GPU Direct RDMA Enabled for HCA 3 'mlx5_4'
gcn146:2092980:2093292 [0] NCCL INFO ncclTopoPopulateNics : Filled mlx5_4 in topo with pciPath=/sys/devices/pci0000:c0/0000:c0:01.1/0000:c1:00.0/0000:c2:00.0/0000:c3:00.0 keep=1 coll=1
gcn146:2092980:2093292 [0] NCCL INFO Retrieving state for IBext_v10
gcn146:2092980:2093292 [0] NCCL INFO Initialized state 0 for IBext_v10
gcn146:2092980:2093292 [0] NCCL INFO NET/IB : GPU Direct RDMA (nvidia-peermem) enabled for HCA 0 'mlx5_0
gcn146:2092980:2093292 [0] NCCL INFO NET/IB : GPU Direct RDMA (DMABUF) enabled for HCA 0 'mlx5_0
gcn146:2092980:2093292 [0] NCCL INFO NET/IBext_v10 : GPU Direct RDMA Enabled for HCA 0 'mlx5_0'
gcn146:2092980:2093292 [0] NCCL INFO ncclTopoPopulateNics : Filled mlx5_0 in topo with pciPath=/sys/devices/pci0000:40/0000:40:01.3/0000:42:00.0 keep=1 coll=1
gcn146:2092980:2093292 [0] NCCL INFO NET/IB : GPU Direct RDMA (nvidia-peermem) enabled for HCA 1 'mlx5_2
gcn146:2092980:2093292 [0] NCCL INFO NET/IB : GPU Direct RDMA (DMABUF) enabled for HCA 1 'mlx5_2
gcn146:2092980:2093292 [0] NCCL INFO NET/IBext_v10 : GPU Direct RDMA Enabled for HCA 1 'mlx5_2'
gcn146:2092980:2093292 [0] NCCL INFO ncclTopoPopulateNics : Filled mlx5_2 in topo with pciPath=/sys/devices/pci0000:20/0000:20:01.1/0000:21:00.0/0000:22:00.0/0000:23:00.0 keep=1 coll=1
gcn146:2092980:2093292 [0] NCCL INFO NET/IB : GPU Direct RDMA (nvidia-peermem) enabled for HCA 2 'mlx5_3
gcn146:2092980:2093292 [0] NCCL INFO NET/IB : GPU Direct RDMA (DMABUF) enabled for HCA 2 'mlx5_3
gcn146:2092980:2093292 [0] NCCL INFO NET/IBext_v10 : GPU Direct RDMA Enabled for HCA 2 'mlx5_3'
gcn146:2092980:2093292 [0] NCCL INFO ncclTopoPopulateNics : Filled mlx5_3 in topo with pciPath=/sys/devices/pci0000:00/0000:00:01.1/0000:01:00.0/0000:02:00.0/0000:03:00.0 keep=1 coll=1
gcn146:2092980:2093292 [0] NCCL INFO NET/IB : GPU Direct RDMA (nvidia-peermem) enabled for HCA 3 'mlx5_4
gcn146:2092980:2093292 [0] NCCL INFO NET/IB : GPU Direct RDMA (DMABUF) enabled for HCA 3 'mlx5_4
gcn146:2092980:2093292 [0] NCCL INFO NET/IBext_v10 : GPU Direct RDMA Enabled for HCA 3 'mlx5_4'
gcn146:2092980:2093292 [0] NCCL INFO ncclTopoPopulateNics : Filled mlx5_4 in topo with pciPath=/sys/devices/pci0000:c0/0000:c0:01.1/0000:c1:00.0/0000:c2:00.0/0000:c3:00.0 keep=1 coll=1
gcn146:2092980:2093292 [0] NCCL INFO NET/IB : GPU Direct RDMA (nvidia-peermem) enabled for HCA 4 'mlx5_5
gcn146:2092980:2093292 [0] NCCL INFO NET/IB : GPU Direct RDMA (DMABUF) enabled for HCA 4 'mlx5_5
gcn146:2092980:2093292 [0] NCCL INFO NET/IBext_v10 : GPU Direct RDMA Enabled for HCA 4 'mlx5_5'
gcn146:2092980:2093292 [0] NCCL INFO ncclTopoPopulateNics : Filled mlx5_5 in topo with pciPath=/sys/devices/pci0000:a0/0000:a0:01.1/0000:a1:00.0/0000:a2:00.0/0000:a3:00.0 keep=1 coll=(null)
gcn146:2092980:2093292 [0] NCCL INFO NET/IB : GPU Direct RDMA (nvidia-peermem) enabled for HCA 0 'mlx5_0
gcn146:2092980:2093292 [0] NCCL INFO NET/IB : GPU Direct RDMA (DMABUF) enabled for HCA 0 'mlx5_0
gcn146:2092980:2093292 [0] NCCL INFO NET/IB : GPU Direct RDMA (nvidia-peermem) enabled for HCA 1 'mlx5_2
gcn146:2092980:2093292 [0] NCCL INFO NET/IB : GPU Direct RDMA (DMABUF) enabled for HCA 1 'mlx5_2
gcn146:2092980:2093292 [0] NCCL INFO NET/IB : GPU Direct RDMA (nvidia-peermem) enabled for HCA 2 'mlx5_3
gcn146:2092980:2093292 [0] NCCL INFO NET/IB : GPU Direct RDMA (DMABUF) enabled for HCA 2 'mlx5_3
gcn146:2092980:2093292 [0] NCCL INFO NET/IB : GPU Direct RDMA (nvidia-peermem) enabled for HCA 3 'mlx5_4
gcn146:2092980:2093292 [0] NCCL INFO NET/IB : GPU Direct RDMA (DMABUF) enabled for HCA 3 'mlx5_4
gcn146:2092980:2093292 [0] NCCL INFO NET/IB : GPU Direct RDMA (nvidia-peermem) enabled for HCA 4 'mlx5_5
gcn146:2092980:2093292 [0] NCCL INFO NET/IB : GPU Direct RDMA (DMABUF) enabled for HCA 4 'mlx5_5
gcn146:2092980:2093292 [0] NCCL INFO GPU Direct RDMA Enabled for GPU 0 / HCA 2 (distance 5 <= 5), read 0 mode Default
gcn146:2092980:2093292 [0] NCCL INFO GPU Direct RDMA Enabled for GPU 1 / HCA 2 (distance 5 <= 5), read 0 mode Default
gcn146:2092980:2093292 [0] NCCL INFO GPU Direct RDMA Enabled for GPU 2 / HCA 2 (distance 5 <= 5), read 0 mode Default
gcn146:2092980:2093292 [0] NCCL INFO GPU Direct RDMA Enabled for GPU 3 / HCA 2 (distance 5 <= 5), read 0 mode Default
gcn146:2092980:2093292 [0] NCCL INFO GPU Direct RDMA Enabled for GPU 0 / HCA 1 (distance 5 <= 5), read 0 mode Default
gcn146:2092980:2093292 [0] NCCL INFO GPU Direct RDMA Enabled for GPU 1 / HCA 1 (distance 5 <= 5), read 0 mode Default
gcn146:2092980:2093292 [0] NCCL INFO GPU Direct RDMA Enabled for GPU 2 / HCA 1 (distance 5 <= 5), read 0 mode Default
gcn146:2092980:2093292 [0] NCCL INFO GPU Direct RDMA Enabled for GPU 3 / HCA 1 (distance 5 <= 5), read 0 mode Default
gcn146:2092980:2093292 [0] NCCL INFO GPU Direct RDMA Enabled for GPU 0 / HCA 4 (distance 5 <= 5), read 0 mode Default
gcn146:2092980:2093292 [0] NCCL INFO GPU Direct RDMA Enabled for GPU 1 / HCA 4 (distance 5 <= 5), read 0 mode Default
gcn146:2092980:2093292 [0] NCCL INFO GPU Direct RDMA Enabled for GPU 2 / HCA 4 (distance 5 <= 5), read 0 mode Default
gcn146:2092980:2093292 [0] NCCL INFO GPU Direct RDMA Enabled for GPU 3 / HCA 4 (distance 5 <= 5), read 0 mode Default
gcn146:2092980:2093292 [0] NCCL INFO GPU Direct RDMA Enabled for GPU 0 / HCA 3 (distance 5 <= 5), read 0 mode Default
gcn146:2092980:2093292 [0] NCCL INFO GPU Direct RDMA Enabled for GPU 1 / HCA 3 (distance 5 <= 5), read 0 mode Default
gcn146:2092980:2093292 [0] NCCL INFO GPU Direct RDMA Enabled for GPU 2 / HCA 3 (distance 5 <= 5), read 0 mode Default
gcn146:2092980:2093292 [0] NCCL INFO GPU Direct RDMA Enabled for GPU 3 / HCA 3 (distance 5 <= 5), read 0 mode Default
gcn146:2092980:2093292 [0] NCCL INFO GPU Direct RDMA Enabled for GPU 0 / HCA 2 (distance 5 <= 5), read 0 mode Default
gcn146:2092980:2093292 [0] NCCL INFO GPU Direct RDMA Enabled for GPU 1 / HCA 2 (distance 5 <= 5), read 0 mode Default
gcn146:2092980:2093292 [0] NCCL INFO GPU Direct RDMA Enabled for GPU 2 / HCA 2 (distance 5 <= 5), read 0 mode Default
gcn146:2092980:2093292 [0] NCCL INFO GPU Direct RDMA Enabled for GPU 3 / HCA 2 (distance 5 <= 5), read 0 mode Default
gcn146:2092980:2093292 [0] NCCL INFO GPU Direct RDMA Enabled for GPU 0 / HCA 1 (distance 5 <= 5), read 0 mode Default
gcn146:2092980:2093292 [0] NCCL INFO GPU Direct RDMA Enabled for GPU 1 / HCA 1 (distance 5 <= 5), read 0 mode Default
gcn146:2092980:2093292 [0] NCCL INFO GPU Direct RDMA Enabled for GPU 2 / HCA 1 (distance 5 <= 5), read 0 mode Default
gcn146:2092980:2093292 [0] NCCL INFO GPU Direct RDMA Enabled for GPU 3 / HCA 1 (distance 5 <= 5), read 0 mode Default
gcn146:2092980:2093292 [0] NCCL INFO GPU Direct RDMA Enabled for GPU 0 / HCA 4 (distance 5 <= 5), read 0 mode Default
gcn146:2092980:2093292 [0] NCCL INFO GPU Direct RDMA Enabled for GPU 1 / HCA 4 (distance 5 <= 5), read 0 mode Default
gcn146:2092980:2093292 [0] NCCL INFO GPU Direct RDMA Enabled for GPU 2 / HCA 4 (distance 5 <= 5), read 0 mode Default
gcn146:2092980:2093292 [0] NCCL INFO GPU Direct RDMA Enabled for GPU 3 / HCA 4 (distance 5 <= 5), read 0 mode Default
gcn146:2092980:2093292 [0] NCCL INFO GPU Direct RDMA Enabled for GPU 0 / HCA 3 (distance 5 <= 5), read 0 mode Default
gcn146:2092980:2093292 [0] NCCL INFO GPU Direct RDMA Enabled for GPU 1 / HCA 3 (distance 5 <= 5), read 0 mode Default
gcn146:2092980:2093292 [0] NCCL INFO GPU Direct RDMA Enabled for GPU 2 / HCA 3 (distance 5 <= 5), read 0 mode Default
gcn146:2092980:2093292 [0] NCCL INFO GPU Direct RDMA Enabled for GPU 3 / HCA 3 (distance 5 <= 5), read 0 mode Default
gcn146:2092980:2093292 [0] NCCL INFO === System : maxBw 25.0 totalBw 370.8 ===
gcn146:2092980:2093292 [0] NCCL INFO CPU/0-0 (1/2/-1)
gcn146:2092980:2093292 [0] NCCL INFO + PCI[48.0] - PCI/0-1000 (15b3197900000000)
gcn146:2092980:2093292 [0] NCCL INFO               + PCI[48.0] - NIC/0-3000
gcn146:2092980:2093292 [0] NCCL INFO                             + NET[25.0] - NET/0-2 (1/811460003e1a258/1/25.000000)
gcn146:2092980:2093292 [0] NCCL INFO               + PCI[48.0] - PCI/0-4000 (15b3197900000000)
gcn146:2092980:2093292 [0] NCCL INFO                             + PCI[48.0] - GPU/0-6000 (0)
gcn146:2092980:2093292 [0] NCCL INFO                                           + NVL[123.6] - GPU/0-26000
gcn146:2092980:2093292 [0] NCCL INFO                                           + NVL[123.6] - GPU/0-a6000
gcn146:2092980:2093292 [0] NCCL INFO                                           + NVL[123.6] - GPU/0-c6000
gcn146:2092980:2093292 [0] NCCL INFO + PCI[48.0] - PCI/0-21000 (15b3197900000000)
gcn146:2092980:2093292 [0] NCCL INFO               + PCI[48.0] - NIC/0-23000
gcn146:2092980:2093292 [0] NCCL INFO                             + NET[25.0] - NET/0-1 (1/411460003e1a258/1/25.000000)
gcn146:2092980:2093292 [0] NCCL INFO               + PCI[48.0] - PCI/0-24000 (15b3197900000000)
gcn146:2092980:2093292 [0] NCCL INFO                             + PCI[48.0] - GPU/0-26000 (1)
gcn146:2092980:2093292 [0] NCCL INFO                                           + NVL[123.6] - GPU/0-6000
gcn146:2092980:2093292 [0] NCCL INFO                                           + NVL[123.6] - GPU/0-c6000
gcn146:2092980:2093292 [0] NCCL INFO                                           + NVL[123.6] - GPU/0-a6000
gcn146:2092980:2093292 [0] NCCL INFO + SYS[16.0] - CPU/0-1
gcn146:2092980:2093292 [0] NCCL INFO + PCI[6.0] - NIC/0-42000
gcn146:2092980:2093292 [0] NCCL INFO              + NET[3.1] - NET/0-0 (1/21bf3700034a3b8c/1/3.125000)
gcn146:2092980:2093292 [0] NCCL INFO CPU/0-1 (1/2/-1)
gcn146:2092980:2093292 [0] NCCL INFO + PCI[48.0] - PCI/0-a1000 (15b3197900000000)
gcn146:2092980:2093292 [0] NCCL INFO               + PCI[48.0] - NIC/0-a3000
gcn146:2092980:2093292 [0] NCCL INFO                             + NET[25.0] - NET/0-4 (0/11460003e1a258/1/25.000000)
gcn146:2092980:2093292 [0] NCCL INFO               + PCI[48.0] - PCI/0-a4000 (15b3197900000000)
gcn146:2092980:2093292 [0] NCCL INFO                             + PCI[48.0] - GPU/0-a6000 (2)
gcn146:2092980:2093292 [0] NCCL INFO                                           + NVL[123.6] - GPU/0-26000
gcn146:2092980:2093292 [0] NCCL INFO                                           + NVL[123.6] - GPU/0-6000
gcn146:2092980:2093292 [0] NCCL INFO                                           + NVL[123.6] - GPU/0-c6000
gcn146:2092980:2093292 [0] NCCL INFO + PCI[48.0] - PCI/0-c1000 (15b3197900000000)
gcn146:2092980:2093292 [0] NCCL INFO               + PCI[48.0] - NIC/0-c3000
gcn146:2092980:2093292 [0] NCCL INFO                             + NET[25.0] - NET/0-3 (1/fc10460003e1a258/1/25.000000)
gcn146:2092980:2093292 [0] NCCL INFO               + PCI[48.0] - PCI/0-c4000 (15b3197900000000)
gcn146:2092980:2093292 [0] NCCL INFO                             + PCI[48.0] - GPU/0-c6000 (3)
gcn146:2092980:2093292 [0] NCCL INFO                                           + NVL[123.6] - GPU/0-6000
gcn146:2092980:2093292 [0] NCCL INFO                                           + NVL[123.6] - GPU/0-26000
gcn146:2092980:2093292 [0] NCCL INFO                                           + NVL[123.6] - GPU/0-a6000
gcn146:2092980:2093292 [0] NCCL INFO + SYS[16.0] - CPU/0-0
gcn146:2092980:2093292 [0] NCCL INFO ==========================================
gcn146:2092980:2093292 [0] NCCL INFO GPU/0-6000 :GPU/0-6000 (0/5000.0/LOC) GPU/0-26000 (1/123.6/NVL) GPU/0-a6000 (1/123.6/NVL) GPU/0-c6000 (1/123.6/NVL) CPU/0-0 (3/48.0/PHB) CPU/0-1 (4/16.0/SYS) NET/0-2 (4/25.0/PXB) NET/0-1 (5/25.0/PXN) NET/0-0 (5/3.1/PHB) NET/0-4 (5/25.0/PXN) NET/0-3 (5/25.0/PXN) 
gcn146:2092980:2093292 [0] NCCL INFO GPU/0-26000 :GPU/0-6000 (1/123.6/NVL) GPU/0-26000 (0/5000.0/LOC) GPU/0-a6000 (1/123.6/NVL) GPU/0-c6000 (1/123.6/NVL) CPU/0-0 (3/48.0/PHB) CPU/0-1 (4/16.0/SYS) NET/0-2 (5/25.0/PXN) NET/0-1 (4/25.0/PXB) NET/0-0 (5/3.1/PHB) NET/0-4 (5/25.0/PXN) NET/0-3 (5/25.0/PXN) 
gcn146:2092980:2093292 [0] NCCL INFO GPU/0-a6000 :GPU/0-6000 (1/123.6/NVL) GPU/0-26000 (1/123.6/NVL) GPU/0-a6000 (0/5000.0/LOC) GPU/0-c6000 (1/123.6/NVL) CPU/0-0 (4/16.0/SYS) CPU/0-1 (3/48.0/PHB) NET/0-2 (5/25.0/PXN) NET/0-1 (5/25.0/PXN) NET/0-0 (6/3.1/SYS) NET/0-4 (4/25.0/PXB) NET/0-3 (5/25.0/PXN) 
gcn146:2092980:2093292 [0] NCCL INFO GPU/0-c6000 :GPU/0-6000 (1/123.6/NVL) GPU/0-26000 (1/123.6/NVL) GPU/0-a6000 (1/123.6/NVL) GPU/0-c6000 (0/5000.0/LOC) CPU/0-0 (4/16.0/SYS) CPU/0-1 (3/48.0/PHB) NET/0-2 (5/25.0/PXN) NET/0-1 (5/25.0/PXN) NET/0-0 (6/3.1/SYS) NET/0-4 (5/25.0/PXN) NET/0-3 (4/25.0/PXB) 
gcn146:2092980:2093292 [0] NCCL INFO NET/0-2 :GPU/0-6000 (4/25.0/PXB) GPU/0-26000 (6/25.0/PHB) GPU/0-a6000 (7/16.0/SYS) GPU/0-c6000 (7/16.0/SYS) CPU/0-0 (3/25.0/PHB) CPU/0-1 (4/16.0/SYS) NET/0-2 (0/5000.0/LOC) NET/0-1 (6/25.0/PHB) NET/0-0 (5/3.1/PHB) NET/0-4 (7/16.0/SYS) NET/0-3 (7/16.0/SYS) 
gcn146:2092980:2093292 [0] NCCL INFO NET/0-1 :GPU/0-6000 (6/25.0/PHB) GPU/0-26000 (4/25.0/PXB) GPU/0-a6000 (7/16.0/SYS) GPU/0-c6000 (7/16.0/SYS) CPU/0-0 (3/25.0/PHB) CPU/0-1 (4/16.0/SYS) NET/0-2 (6/25.0/PHB) NET/0-1 (0/5000.0/LOC) NET/0-0 (5/3.1/PHB) NET/0-4 (7/16.0/SYS) NET/0-3 (7/16.0/SYS) 
gcn146:2092980:2093292 [0] NCCL INFO NET/0-0 :GPU/0-6000 (5/3.1/PHB) GPU/0-26000 (5/3.1/PHB) GPU/0-a6000 (6/3.1/SYS) GPU/0-c6000 (6/3.1/SYS) CPU/0-0 (2/3.1/PHB) CPU/0-1 (3/3.1/SYS) NET/0-2 (5/3.1/PHB) NET/0-1 (5/3.1/PHB) NET/0-0 (0/5000.0/LOC) NET/0-4 (6/3.1/SYS) NET/0-3 (6/3.1/SYS) 
gcn146:2092980:2093292 [0] NCCL INFO NET/0-4 :GPU/0-6000 (7/16.0/SYS) GPU/0-26000 (7/16.0/SYS) GPU/0-a6000 (4/25.0/PXB) GPU/0-c6000 (6/25.0/PHB) CPU/0-0 (4/16.0/SYS) CPU/0-1 (3/25.0/PHB) NET/0-2 (7/16.0/SYS) NET/0-1 (7/16.0/SYS) NET/0-0 (6/3.1/SYS) NET/0-4 (0/5000.0/LOC) NET/0-3 (6/25.0/PHB) 
gcn146:2092980:2093292 [0] NCCL INFO NET/0-3 :GPU/0-6000 (7/16.0/SYS) GPU/0-26000 (7/16.0/SYS) GPU/0-a6000 (6/25.0/PHB) GPU/0-c6000 (4/25.0/PXB) CPU/0-0 (4/16.0/SYS) CPU/0-1 (3/25.0/PHB) NET/0-2 (7/16.0/SYS) NET/0-1 (7/16.0/SYS) NET/0-0 (6/3.1/SYS) NET/0-4 (6/25.0/PHB) NET/0-3 (0/5000.0/LOC) 
gcn146:2092980:2093292 [0] NCCL INFO Setting affinity for GPU 0 to 0-31
gcn146:2092980:2093292 [0] NCCL INFO NVLS multicast support is not available on dev 0 (NVLS_NCHANNELS 0)
gcn146:2092980:2093292 [0] NCCL INFO Pattern 4, crossNic 0, nChannels 4, bw 24.000000/24.000000, type NVL/PXN, sameChannels 0
gcn146:2092980:2093292 [0] NCCL INFO  0 : NET/0-2 GPU/0 GPU/1 GPU/2 GPU/3 NET/0-2
gcn146:2092980:2093292 [0] NCCL INFO  1 : NET/0-1 GPU/1 GPU/3 GPU/2 GPU/0 NET/0-1
gcn146:2092980:2093292 [0] NCCL INFO  2 : NET/0-4 GPU/2 GPU/1 GPU/0 GPU/3 NET/0-4
gcn146:2092980:2093292 [0] NCCL INFO  3 : NET/0-3 GPU/3 GPU/1 GPU/0 GPU/2 NET/0-3
gcn146:2092980:2093292 [0] NCCL INFO Pattern 3, crossNic 0, nChannels 4, bw 48.000000/24.000000, type NVL/PXB, sameChannels 0
gcn146:2092980:2093292 [0] NCCL INFO  0 : NET/0-2 GPU/0 GPU/1 GPU/2 GPU/3 NET/0-2
gcn146:2092980:2093292 [0] NCCL INFO  1 : NET/0-1 GPU/1 GPU/2 GPU/3 GPU/0 NET/0-1
gcn146:2092980:2093292 [0] NCCL INFO  2 : NET/0-4 GPU/2 GPU/0 GPU/1 GPU/3 NET/0-4
gcn146:2092980:2093292 [0] NCCL INFO  3 : NET/0-3 GPU/3 GPU/0 GPU/2 GPU/1 NET/0-3
gcn146:2092980:2093292 [0] NCCL INFO comm 0xab30580 rank 0 nRanks 8 nNodes 2 localRanks 4 localRank 0 MNNVL 0
gcn146:2092980:2093292 [0] NCCL INFO Tree 0 : -1 -> 0 -> 1/4/-1
gcn146:2092980:2093292 [0] NCCL INFO Tree 4 : 4 -> 0 -> 1/-1/-1
gcn146:2092980:2093292 [0] NCCL INFO Channel 00/08 : 0 1 2 3 4 5 6 7
gcn146:2092980:2093292 [0] NCCL INFO Channel 01/08 : 0 5 7 6 4 1 3 2
gcn146:2092980:2093292 [0] NCCL INFO Channel 02/08 : 0 3 6 5 4 7 2 1
gcn146:2092980:2093292 [0] NCCL INFO Channel 03/08 : 0 2 7 5 4 6 3 1
gcn146:2092980:2093292 [0] NCCL INFO Channel 04/08 : 0 1 2 3 4 5 6 7
gcn146:2092980:2093292 [0] NCCL INFO Channel 05/08 : 0 5 7 6 4 1 3 2
gcn146:2092980:2093292 [0] NCCL INFO Channel 06/08 : 0 3 6 5 4 7 2 1
gcn146:2092980:2093292 [0] NCCL INFO Channel 07/08 : 0 2 7 5 4 6 3 1
gcn146:2092980:2093292 [0] NCCL INFO Ring 00 : 7 -> 0 -> 1
gcn146:2092980:2093292 [0] NCCL INFO Ring 01 : 2 -> 0 -> 5
gcn146:2092980:2093292 [0] NCCL INFO Ring 02 : 1 -> 0 -> 3
gcn146:2092980:2093292 [0] NCCL INFO Ring 03 : 1 -> 0 -> 2
gcn146:2092980:2093292 [0] NCCL INFO Ring 04 : 7 -> 0 -> 1
gcn146:2092980:2093292 [0] NCCL INFO Ring 05 : 2 -> 0 -> 5
gcn146:2092980:2093292 [0] NCCL INFO Ring 06 : 1 -> 0 -> 3
gcn146:2092980:2093292 [0] NCCL INFO Ring 07 : 1 -> 0 -> 2
gcn146:2092980:2093292 [0] NCCL INFO Trees [0] 1/4/-1->0->-1 [1] -1/-1/-1->0->3 [2] 1/-1/-1->0->2 [3] 2/-1/-1->0->3 [4] 1/-1/-1->0->4 [5] -1/-1/-1->0->3 [6] 1/-1/-1->0->2 [7] 2/-1/-1->0->3
gcn146:2092980:2093292 [0] NCCL INFO P2P Chunksize set to 131072
gcn146:2092980:2093292 [0] NCCL INFO PROFILER/Plugin: Could not find: libnccl-profiler.so. 
gcn146:2092980:2093292 [0] NCCL INFO Check P2P Type isAllDirectP2p 1 directMode 0
gcn146:2092980:2093292 [0] NCCL INFO UDS: Creating service thread comm 0xab30580 rank 0
gcn146:2092980:2093292 [0] NCCL INFO misc/utils.cc:233 memory stack hunk malloc(65536)
gcn146:2092980:2093324 [0] NCCL INFO [Proxy Service] Device 0 CPU core 25
gcn146:2092980:2093325 [0] NCCL INFO [Proxy Service UDS] Device 0 CPU core 21
gcn146:2092980:2093292 [0] NCCL INFO channel.cc:42 Cuda Alloc Size 4864 pointer 0x14dd9a600000
gcn146:2092980:2093292 [0] NCCL INFO channel.cc:45 Cuda Alloc Size 104 pointer 0x14dd9a800000
gcn146:2092980:2093292 [0] NCCL INFO channel.cc:56 Cuda Alloc Size 32 pointer 0x14dd9aa00000
gcn146:2092980:2093292 [0] NCCL INFO channel.cc:42 Cuda Alloc Size 4864 pointer 0x14dd9ac00000
gcn146:2092980:2093292 [0] NCCL INFO channel.cc:45 Cuda Alloc Size 104 pointer 0x14dd9ae00000
gcn146:2092980:2093292 [0] NCCL INFO channel.cc:56 Cuda Alloc Size 32 pointer 0x14dd9b000000
gcn146:2092980:2093292 [0] NCCL INFO channel.cc:42 Cuda Alloc Size 4864 pointer 0x14dd9b200000
gcn146:2092980:2093292 [0] NCCL INFO channel.cc:45 Cuda Alloc Size 104 pointer 0x14dd9b400000
gcn146:2092980:2093292 [0] NCCL INFO channel.cc:56 Cuda Alloc Size 32 pointer 0x14dd9b600000
gcn146:2092980:2093292 [0] NCCL INFO channel.cc:42 Cuda Alloc Size 4864 pointer 0x14dd9b800000
gcn146:2092980:2093292 [0] NCCL INFO channel.cc:45 Cuda Alloc Size 104 pointer 0x14dd9ba00000
gcn146:2092980:2093292 [0] NCCL INFO channel.cc:56 Cuda Alloc Size 32 pointer 0x14dd9bc00000
gcn146:2092980:2093292 [0] NCCL INFO channel.cc:42 Cuda Alloc Size 4864 pointer 0x14dd9be00000
gcn146:2092980:2093292 [0] NCCL INFO channel.cc:45 Cuda Alloc Size 104 pointer 0x14dd9c000000
gcn146:2092980:2093292 [0] NCCL INFO channel.cc:56 Cuda Alloc Size 32 pointer 0x14dd9c200000
gcn146:2092980:2093292 [0] NCCL INFO channel.cc:42 Cuda Alloc Size 4864 pointer 0x14dd9c400000
gcn146:2092980:2093292 [0] NCCL INFO channel.cc:45 Cuda Alloc Size 104 pointer 0x14dd9c600000
gcn146:2092980:2093292 [0] NCCL INFO channel.cc:56 Cuda Alloc Size 32 pointer 0x14dd9c800000
gcn146:2092980:2093292 [0] NCCL INFO channel.cc:42 Cuda Alloc Size 4864 pointer 0x14dd9ca00000
gcn146:2092980:2093292 [0] NCCL INFO channel.cc:45 Cuda Alloc Size 104 pointer 0x14dd9cc00000
gcn146:2092980:2093292 [0] NCCL INFO channel.cc:56 Cuda Alloc Size 32 pointer 0x14dd9ce00000
gcn146:2092980:2093292 [0] NCCL INFO channel.cc:42 Cuda Alloc Size 4864 pointer 0x14dd9d000000
gcn146:2092980:2093292 [0] NCCL INFO channel.cc:45 Cuda Alloc Size 104 pointer 0x14dd9d200000
gcn146:2092980:2093292 [0] NCCL INFO channel.cc:56 Cuda Alloc Size 32 pointer 0x14dd9d400000
gcn146:2092980:2093292 [0] NCCL INFO   Algorithm   |                            Tree                  |                            Ring                  |                   CollNetDirect                  |
gcn146:2092980:2093292 [0] NCCL INFO   Protocol    |             LL |          LL128 |         Simple |             LL |          LL128 |         Simple |             LL |          LL128 |         Simple |
gcn146:2092980:2093292 [0] NCCL INFO  Max NThreads |            512 |            640 |            512 |            512 |            640 |            512 |              0 |              0 |            640 |
gcn146:2092980:2093292 [0] NCCL INFO     Broadcast |     0.0/   0.0 |     0.0/   0.0 |     0.0/   0.0 |    28.2/  22.5 |    46.0/  88.3 |   120.4/  96.0 |     0.0/   0.0 |     0.0/   0.0 |     0.0/   0.0 |
gcn146:2092980:2093292 [0] NCCL INFO        Reduce |     0.0/   0.0 |     0.0/   0.0 |     0.0/   0.0 |    28.2/  22.5 |    46.0/  88.3 |   120.4/  96.0 |     0.0/   0.0 |     0.0/   0.0 |     0.0/   0.0 |
gcn146:2092980:2093292 [0] NCCL INFO     AllGather |     0.0/   0.0 |     0.0/   0.0 |     0.0/   0.0 |    21.3/  25.7 |    30.0/ 100.9 |    58.4/ 109.7 |     2.4/   0.0 |     2.4/   0.0 |    40.8/   0.0 |
gcn146:2092980:2093292 [0] NCCL INFO ReduceScatter |     0.0/   0.0 |     0.0/   0.0 |     0.0/   0.0 |    21.3/  25.7 |    30.0/ 100.9 |    58.4/ 109.7 |     2.4/   0.0 |     2.4/   0.0 |    40.8/   0.0 |
gcn146:2092980:2093292 [0] NCCL INFO     AllReduce |    20.4/   9.6 |    38.5/  62.4 |    60.4/  70.4 |    36.0/  12.9 |    46.0/  50.5 |   108.4/  54.9 |     2.4/   0.0 |     2.4/   0.0 |    40.8/   0.0 |
gcn146:2092980:2093292 [0] NCCL INFO   Algorithm   |                    CollNetChain                  |                            NVLS                  |                        NVLSTree                  |
gcn146:2092980:2093292 [0] NCCL INFO   Protocol    |             LL |          LL128 |         Simple |             LL |          LL128 |         Simple |             LL |          LL128 |         Simple |
gcn146:2092980:2093292 [0] NCCL INFO  Max NThreads |              0 |              0 |            640 |              0 |              0 |            640 |              0 |              0 |            640 |
gcn146:2092980:2093292 [0] NCCL INFO     Broadcast |     0.0/   0.0 |     0.0/   0.0 |     0.0/   0.0 |     0.0/   0.0 |     0.0/   0.0 |     0.0/   0.0 |     0.0/   0.0 |     0.0/   0.0 |     0.0/   0.0 |
gcn146:2092980:2093292 [0] NCCL INFO        Reduce |     0.0/   0.0 |     0.0/   0.0 |     0.0/   0.0 |     0.0/   0.0 |     0.0/   0.0 |     0.0/   0.0 |     0.0/   0.0 |     0.0/   0.0 |     0.0/   0.0 |
gcn146:2092980:2093292 [0] NCCL INFO     AllGather |     0.0/   0.0 |     0.0/   0.0 |     0.0/   0.0 |     0.0/   0.0 |     0.0/   0.0 |    18.0/   0.0 |     0.0/   0.0 |     0.0/   0.0 |     0.0/   0.0 |
gcn146:2092980:2093292 [0] NCCL INFO ReduceScatter |     0.0/   0.0 |     0.0/   0.0 |     0.0/   0.0 |     0.0/   0.0 |     0.0/   0.0 |    18.0/   0.0 |     0.0/   0.0 |     0.0/   0.0 |     0.0/   0.0 |
gcn146:2092980:2093292 [0] NCCL INFO     AllReduce |     0.0/   0.0 |     0.0/   0.0 |    46.8/   0.0 |     0.0/   0.0 |     0.0/   0.0 |    18.0/   0.0 |     0.0/   0.0 |     0.0/   0.0 |    28.0/   0.0 |
gcn146:2092980:2093292 [0] NCCL INFO   Algorithm   |                             PAT                  |
gcn146:2092980:2093292 [0] NCCL INFO   Protocol    |             LL |          LL128 |         Simple |             LL |          LL128 |         Simple |             LL |          LL128 |         Simple |
gcn146:2092980:2093292 [0] NCCL INFO  Max NThreads |              0 |              0 |              0 |
gcn146:2092980:2093292 [0] NCCL INFO     Broadcast |     0.0/   0.0 |     0.0/   0.0 |     0.0/   0.0 |
gcn146:2092980:2093292 [0] NCCL INFO        Reduce |     0.0/   0.0 |     0.0/   0.0 |     0.0/   0.0 |
gcn146:2092980:2093292 [0] NCCL INFO     AllGather |     0.0/   0.0 |     0.0/   0.0 |     0.0/   0.0 |
gcn146:2092980:2093292 [0] NCCL INFO ReduceScatter |     0.0/   0.0 |     0.0/   0.0 |     0.0/   0.0 |
gcn146:2092980:2093292 [0] NCCL INFO     AllReduce |     0.0/   0.0 |     0.0/   0.0 |     0.0/   0.0 |
gcn146:2092980:2093292 [0] NCCL INFO threadThresholds 8/8/64 | 64/8/64 | 512 | 512
gcn146:2092980:2093292 [0] NCCL INFO 8 coll channels, 8 collnet channels, 0 nvls channels, 8 p2p channels, 2 p2p channels per peer
gcn146:2092980:2093292 [0] NCCL INFO init.cc:447 Cuda Alloc Size 23648 pointer 0x14dd9d600000
gcn146:2092980:2093292 [0] NCCL INFO init.cc:449 Cuda Alloc Size 32 pointer 0x14dd9d800000
gcn146:2092980:2093292 [0] NCCL INFO CC Off, workFifoBytes 1048576
gcn146:2092980:2093292 [0] NCCL INFO init.cc:491 Cuda Host Alloc Size 1048576 pointer 0x14dd93a00200
gcn146:2092980:2093292 [0] NCCL INFO init.cc:501 Cuda Host Alloc Size 65536 pointer 0x14dd93b00200
gcn146:2092980:2093292 [0] NCCL INFO init.cc:502 Cuda Host Alloc Size 65536 pointer 0x14dd93b10200
gcn146:2092980:2093292 [0] NCCL INFO TUNER/Plugin: Could not find: libnccl-tuner.so. Using internal tuner plugin.
gcn146:2092980:2093292 [0] NCCL INFO TUNER/Plugin: Failed to find ncclTunerPlugin_v4 symbol.
gcn146:2092980:2093292 [0] NCCL INFO TUNER/Plugin: Failed to find ncclTunerPlugin_v3 symbol.
gcn146:2092980:2093292 [0] NCCL INFO TUNER/Plugin: Failed to find ncclTunerPlugin_v2 symbol, using internal tuner instead.
gcn146:2092980:2093292 [0] NCCL INFO ncclCommInitRankConfig comm 0xab30580 rank 0 nranks 8 cudaDev 0 nvmlDev 0 busId 6000 commId 0x279d0119d43bce71 - Init COMPLETE
gcn146:2092980:2093292 [0] NCCL INFO Init timings - ncclCommInitRankConfig: rank 0 nranks 8 total 2.13 (kernels 0.40, alloc 1.64, bootstrap 0.01, allgathers 0.00, topo 0.02, graphs 0.04, connections 0.01, rest 0.00)
gcn146:2092980:2092980 [0] NCCL INFO AllReduce: opCount 0 sendbuff 0x14ddade00000 recvbuff 0x14ddade00000 count 1 datatype 2 op 0 root 0 comm 0xab30580 [nranks=8] stream (nil)
gcn146:2092980:2092980 [0] NCCL INFO misc/utils.cc:233 memory stack hunk malloc(65536)
gcn146:2092980:2093329 [0] NCCL INFO Channel 00/0 : 0[0] -> 1[1] via P2P/CUMEM
gcn146:2092980:2093324 [0] NCCL INFO Mem Realloc old size 0, new size 8 pointer 0x14dd50004f20
gcn146:2092980:2093324 [0] NCCL INFO New proxy send connection 0 from local rank 0, transport 0
gcn146:2092980:2093324 [0] NCCL INFO proxyProgressAsync opId=0x14dd73a49020 op.type=1 op.reqBuff=0x14dd50004ee0 op.respSize=16 done
gcn146:2092980:2093329 [0] NCCL INFO ncclPollProxyResponse Received new opId=0x14dd73a49020
gcn146:2092980:2093329 [0] NCCL INFO resp.opId=0x14dd73a49020 matches expected opId=0x14dd73a49020
gcn146:2092980:2093329 [0] NCCL INFO Connected to proxy localRank 0 -> connection 0x14dd50004f40
gcn146:2092980:2093324 [0] NCCL INFO Received and initiated operation=Init res=0
gcn146:2092980:2093324 [0] NCCL INFO Allocated shareable buffer 0x14dda1a00000 size 2097152 ipcDesc 0x14dd50008b60
gcn146:2092980:2093324 [0] NCCL INFO proxyProgressAsync opId=0x14dd73a49020 op.type=3 op.reqBuff=0x14dd50004f00 op.respSize=88 done
gcn146:2092980:2093329 [0] NCCL INFO ncclPollProxyResponse Received new opId=0x14dd73a49020
gcn146:2092980:2093324 [0] NCCL INFO Received and initiated operation=Setup res=0
gcn146:2092980:2093329 [0] NCCL INFO resp.opId=0x14dd73a49020 matches expected opId=0x14dd73a49020
gcn146:2092980:2093329 [0] NCCL INFO Channel 02/0 : 0[0] -> 1[1] via P2P/CUMEM
gcn146:2092980:2093324 [0] NCCL INFO New proxy send connection 1 from local rank 0, transport 0
gcn146:2092980:2093324 [0] NCCL INFO proxyProgressAsync opId=0x14dd73a49020 op.type=1 op.reqBuff=0x14dd50004f00 op.respSize=16 done
gcn146:2092980:2093329 [0] NCCL INFO ncclPollProxyResponse Received new opId=0x14dd73a49020
gcn146:2092980:2093324 [0] NCCL INFO Received and initiated operation=Init res=0
gcn146:2092980:2093329 [0] NCCL INFO resp.opId=0x14dd73a49020 matches expected opId=0x14dd73a49020
gcn146:2092980:2093329 [0] NCCL INFO Connected to proxy localRank 0 -> connection 0x14dd50004fb8
gcn146:2092980:2093324 [0] NCCL INFO Allocated shareable buffer 0x14dda1c00000 size 2097152 ipcDesc 0x14dd50008b60
gcn146:2092980:2093324 [0] NCCL INFO proxyProgressAsync opId=0x14dd73a49020 op.type=3 op.reqBuff=0x14dd50004ee0 op.respSize=88 done
gcn146:2092980:2093329 [0] NCCL INFO ncclPollProxyResponse Received new opId=0x14dd73a49020
gcn146:2092980:2093324 [0] NCCL INFO Received and initiated operation=Setup res=0
gcn146:2092980:2093329 [0] NCCL INFO resp.opId=0x14dd73a49020 matches expected opId=0x14dd73a49020
gcn146:2092980:2093329 [0] NCCL INFO Channel 04/0 : 0[0] -> 1[1] via P2P/CUMEM
gcn146:2092980:2093324 [0] NCCL INFO New proxy send connection 2 from local rank 0, transport 0
gcn146:2092980:2093324 [0] NCCL INFO proxyProgressAsync opId=0x14dd73a49020 op.type=1 op.reqBuff=0x14dd50004ee0 op.respSize=16 done
gcn146:2092980:2093329 [0] NCCL INFO ncclPollProxyResponse Received new opId=0x14dd73a49020
gcn146:2092980:2093324 [0] NCCL INFO Received and initiated operation=Init res=0
gcn146:2092980:2093329 [0] NCCL INFO resp.opId=0x14dd73a49020 matches expected opId=0x14dd73a49020
gcn146:2092980:2093329 [0] NCCL INFO Connected to proxy localRank 0 -> connection 0x14dd50005030
gcn146:2092980:2093324 [0] NCCL INFO Allocated shareable buffer 0x14dda1e00000 size 2097152 ipcDesc 0x14dd50008b60
gcn146:2092980:2093324 [0] NCCL INFO proxyProgressAsync opId=0x14dd73a49020 op.type=3 op.reqBuff=0x14dd50004f00 op.respSize=88 done
gcn146:2092980:2093329 [0] NCCL INFO ncclPollProxyResponse Received new opId=0x14dd73a49020
gcn146:2092980:2093324 [0] NCCL INFO Received and initiated operation=Setup res=0
gcn146:2092980:2093329 [0] NCCL INFO resp.opId=0x14dd73a49020 matches expected opId=0x14dd73a49020
gcn146:2092980:2093329 [0] NCCL INFO Channel 06/0 : 0[0] -> 1[1] via P2P/CUMEM
gcn146:2092980:2093324 [0] NCCL INFO New proxy send connection 3 from local rank 0, transport 0
gcn146:2092980:2093324 [0] NCCL INFO proxyProgressAsync opId=0x14dd73a49020 op.type=1 op.reqBuff=0x14dd50004f00 op.respSize=16 done
gcn146:2092980:2093329 [0] NCCL INFO ncclPollProxyResponse Received new opId=0x14dd73a49020
gcn146:2092980:2093324 [0] NCCL INFO Received and initiated operation=Init res=0
gcn146:2092980:2093329 [0] NCCL INFO resp.opId=0x14dd73a49020 matches expected opId=0x14dd73a49020
gcn146:2092980:2093329 [0] NCCL INFO Connected to proxy localRank 0 -> connection 0x14dd500050a8
gcn146:2092980:2093324 [0] NCCL INFO Allocated shareable buffer 0x14dda2000000 size 2097152 ipcDesc 0x14dd50008b60
gcn146:2092980:2093324 [0] NCCL INFO proxyProgressAsync opId=0x14dd73a49020 op.type=3 op.reqBuff=0x14dd50004ee0 op.respSize=88 done
gcn146:2092980:2093329 [0] NCCL INFO ncclPollProxyResponse Received new opId=0x14dd73a49020
gcn146:2092980:2093324 [0] NCCL INFO Received and initiated operation=Setup res=0
gcn146:2092980:2093329 [0] NCCL INFO resp.opId=0x14dd73a49020 matches expected opId=0x14dd73a49020
gcn146:2092980:2093329 [0] NCCL INFO Channel 02/0 : 0[0] -> 2[2] via P2P/CUMEM
gcn146:2092980:2093324 [0] NCCL INFO New proxy send connection 4 from local rank 0, transport 0
gcn146:2092980:2093324 [0] NCCL INFO proxyProgressAsync opId=0x14dd73a49020 op.type=1 op.reqBuff=0x14dd50004ee0 op.respSize=16 done
gcn146:2092980:2093329 [0] NCCL INFO ncclPollProxyResponse Received new opId=0x14dd73a49020
gcn146:2092980:2093324 [0] NCCL INFO Received and initiated operation=Init res=0
gcn146:2092980:2093329 [0] NCCL INFO resp.opId=0x14dd73a49020 matches expected opId=0x14dd73a49020
gcn146:2092980:2093329 [0] NCCL INFO Connected to proxy localRank 0 -> connection 0x14dd50005120
gcn146:2092980:2093324 [0] NCCL INFO Allocated shareable buffer 0x14dda2200000 size 2097152 ipcDesc 0x14dd50008b60
gcn146:2092980:2093324 [0] NCCL INFO proxyProgressAsync opId=0x14dd73a49020 op.type=3 op.reqBuff=0x14dd50004f00 op.respSize=88 done
gcn146:2092980:2093329 [0] NCCL INFO ncclPollProxyResponse Received new opId=0x14dd73a49020
gcn146:2092980:2093324 [0] NCCL INFO Received and initiated operation=Setup res=0
gcn146:2092980:2093329 [0] NCCL INFO resp.opId=0x14dd73a49020 matches expected opId=0x14dd73a49020
gcn146:2092980:2093329 [0] NCCL INFO Channel 03/0 : 0[0] -> 2[2] via P2P/CUMEM
gcn146:2092980:2093324 [0] NCCL INFO New proxy send connection 5 from local rank 0, transport 0
gcn146:2092980:2093324 [0] NCCL INFO proxyProgressAsync opId=0x14dd73a49020 op.type=1 op.reqBuff=0x14dd50004f00 op.respSize=16 done
gcn146:2092980:2093329 [0] NCCL INFO ncclPollProxyResponse Received new opId=0x14dd73a49020
gcn146:2092980:2093324 [0] NCCL INFO Received and initiated operation=Init res=0
gcn146:2092980:2093329 [0] NCCL INFO resp.opId=0x14dd73a49020 matches expected opId=0x14dd73a49020
gcn146:2092980:2093329 [0] NCCL INFO Connected to proxy localRank 0 -> connection 0x14dd50005198
gcn146:2092980:2093324 [0] NCCL INFO Allocated shareable buffer 0x14dda2400000 size 2097152 ipcDesc 0x14dd50008b60
gcn146:2092980:2093324 [0] NCCL INFO proxyProgressAsync opId=0x14dd73a49020 op.type=3 op.reqBuff=0x14dd50004ee0 op.respSize=88 done
gcn146:2092980:2093329 [0] NCCL INFO ncclPollProxyResponse Received new opId=0x14dd73a49020
gcn146:2092980:2093329 [0] NCCL INFO resp.opId=0x14dd73a49020 matches expected opId=0x14dd73a49020
gcn146:2092980:2093324 [0] NCCL INFO Received and initiated operation=Setup res=0
gcn146:2092980:2093329 [0] NCCL INFO Channel 06/0 : 0[0] -> 2[2] via P2P/CUMEM
gcn146:2092980:2093324 [0] NCCL INFO New proxy send connection 6 from local rank 0, transport 0
gcn146:2092980:2093324 [0] NCCL INFO proxyProgressAsync opId=0x14dd73a49020 op.type=1 op.reqBuff=0x14dd50004ee0 op.respSize=16 done
gcn146:2092980:2093329 [0] NCCL INFO ncclPollProxyResponse Received new opId=0x14dd73a49020
gcn146:2092980:2093324 [0] NCCL INFO Received and initiated operation=Init res=0
gcn146:2092980:2093329 [0] NCCL INFO resp.opId=0x14dd73a49020 matches expected opId=0x14dd73a49020
gcn146:2092980:2093329 [0] NCCL INFO Connected to proxy localRank 0 -> connection 0x14dd50005210
gcn146:2092980:2093324 [0] NCCL INFO Allocated shareable buffer 0x14dda2600000 size 2097152 ipcDesc 0x14dd50008b60
gcn146:2092980:2093324 [0] NCCL INFO proxyProgressAsync opId=0x14dd73a49020 op.type=3 op.reqBuff=0x14dd50004f00 op.respSize=88 done
gcn146:2092980:2093329 [0] NCCL INFO ncclPollProxyResponse Received new opId=0x14dd73a49020
gcn146:2092980:2093324 [0] NCCL INFO Received and initiated operation=Setup res=0
gcn146:2092980:2093329 [0] NCCL INFO resp.opId=0x14dd73a49020 matches expected opId=0x14dd73a49020
gcn146:2092980:2093329 [0] NCCL INFO Channel 07/0 : 0[0] -> 2[2] via P2P/CUMEM
gcn146:2092980:2093324 [0] NCCL INFO New proxy send connection 7 from local rank 0, transport 0
gcn146:2092980:2093324 [0] NCCL INFO proxyProgressAsync opId=0x14dd73a49020 op.type=1 op.reqBuff=0x14dd50004f00 op.respSize=16 done
gcn146:2092980:2093329 [0] NCCL INFO ncclPollProxyResponse Received new opId=0x14dd73a49020
gcn146:2092980:2093324 [0] NCCL INFO Received and initiated operation=Init res=0
gcn146:2092980:2093329 [0] NCCL INFO resp.opId=0x14dd73a49020 matches expected opId=0x14dd73a49020
gcn146:2092980:2093329 [0] NCCL INFO Connected to proxy localRank 0 -> connection 0x14dd50005288
gcn146:2092980:2093324 [0] NCCL INFO Allocated shareable buffer 0x14dda2800000 size 2097152 ipcDesc 0x14dd50008b60
gcn146:2092980:2093324 [0] NCCL INFO proxyProgressAsync opId=0x14dd73a49020 op.type=3 op.reqBuff=0x14dd50004ee0 op.respSize=88 done
gcn146:2092980:2093329 [0] NCCL INFO ncclPollProxyResponse Received new opId=0x14dd73a49020
gcn146:2092980:2093324 [0] NCCL INFO Received and initiated operation=Setup res=0
gcn146:2092980:2093329 [0] NCCL INFO resp.opId=0x14dd73a49020 matches expected opId=0x14dd73a49020
gcn146:2092980:2093329 [0] NCCL INFO Channel 01/0 : 0[0] -> 3[3] via P2P/CUMEM
gcn146:2092980:2093324 [0] NCCL INFO New proxy send connection 8 from local rank 0, transport 0
gcn146:2092980:2093324 [0] NCCL INFO proxyProgressAsync opId=0x14dd73a49020 op.type=1 op.reqBuff=0x14dd50004ee0 op.respSize=16 done
gcn146:2092980:2093329 [0] NCCL INFO ncclPollProxyResponse Received new opId=0x14dd73a49020
gcn146:2092980:2093324 [0] NCCL INFO Received and initiated operation=Init res=0
gcn146:2092980:2093329 [0] NCCL INFO resp.opId=0x14dd73a49020 matches expected opId=0x14dd73a49020
gcn146:2092980:2093329 [0] NCCL INFO Connected to proxy localRank 0 -> connection 0x14dd50005300
gcn146:2092980:2093324 [0] NCCL INFO Allocated shareable buffer 0x14dda2a00000 size 2097152 ipcDesc 0x14dd50008b60
gcn146:2092980:2093324 [0] NCCL INFO proxyProgressAsync opId=0x14dd73a49020 op.type=3 op.reqBuff=0x14dd50004f00 op.respSize=88 done
gcn146:2092980:2093329 [0] NCCL INFO ncclPollProxyResponse Received new opId=0x14dd73a49020
gcn146:2092980:2093324 [0] NCCL INFO Received and initiated operation=Setup res=0
gcn146:2092980:2093329 [0] NCCL INFO resp.opId=0x14dd73a49020 matches expected opId=0x14dd73a49020
gcn146:2092980:2093329 [0] NCCL INFO Channel 03/0 : 0[0] -> 3[3] via P2P/CUMEM
gcn146:2092980:2093324 [0] NCCL INFO New proxy send connection 9 from local rank 0, transport 0
gcn146:2092980:2093324 [0] NCCL INFO proxyProgressAsync opId=0x14dd73a49020 op.type=1 op.reqBuff=0x14dd50004f00 op.respSize=16 done
gcn146:2092980:2093329 [0] NCCL INFO ncclPollProxyResponse Received new opId=0x14dd73a49020
gcn146:2092980:2093324 [0] NCCL INFO Received and initiated operation=Init res=0
gcn146:2092980:2093329 [0] NCCL INFO resp.opId=0x14dd73a49020 matches expected opId=0x14dd73a49020
gcn146:2092980:2093329 [0] NCCL INFO Connected to proxy localRank 0 -> connection 0x14dd50005378
gcn146:2092980:2093324 [0] NCCL INFO Allocated shareable buffer 0x14dda2c00000 size 2097152 ipcDesc 0x14dd50008b60
gcn146:2092980:2093324 [0] NCCL INFO proxyProgressAsync opId=0x14dd73a49020 op.type=3 op.reqBuff=0x14dd50004ee0 op.respSize=88 done
gcn146:2092980:2093329 [0] NCCL INFO ncclPollProxyResponse Received new opId=0x14dd73a49020
gcn146:2092980:2093324 [0] NCCL INFO Received and initiated operation=Setup res=0
gcn146:2092980:2093329 [0] NCCL INFO resp.opId=0x14dd73a49020 matches expected opId=0x14dd73a49020
gcn146:2092980:2093329 [0] NCCL INFO Channel 05/0 : 0[0] -> 3[3] via P2P/CUMEM
gcn146:2092980:2093324 [0] NCCL INFO New proxy send connection 10 from local rank 0, transport 0
gcn146:2092980:2093324 [0] NCCL INFO proxyProgressAsync opId=0x14dd73a49020 op.type=1 op.reqBuff=0x14dd50004ee0 op.respSize=16 done
gcn146:2092980:2093329 [0] NCCL INFO ncclPollProxyResponse Received new opId=0x14dd73a49020
gcn146:2092980:2093324 [0] NCCL INFO Received and initiated operation=Init res=0
gcn146:2092980:2093329 [0] NCCL INFO resp.opId=0x14dd73a49020 matches expected opId=0x14dd73a49020
gcn146:2092980:2093329 [0] NCCL INFO Connected to proxy localRank 0 -> connection 0x14dd500053f0
gcn146:2092980:2093324 [0] NCCL INFO Allocated shareable buffer 0x14dda2e00000 size 2097152 ipcDesc 0x14dd50008b60
gcn146:2092980:2093324 [0] NCCL INFO proxyProgressAsync opId=0x14dd73a49020 op.type=3 op.reqBuff=0x14dd50004f00 op.respSize=88 done
gcn146:2092980:2093329 [0] NCCL INFO ncclPollProxyResponse Received new opId=0x14dd73a49020
gcn146:2092980:2093324 [0] NCCL INFO Received and initiated operation=Setup res=0
gcn146:2092980:2093329 [0] NCCL INFO resp.opId=0x14dd73a49020 matches expected opId=0x14dd73a49020
gcn146:2092980:2093329 [0] NCCL INFO Channel 07/0 : 0[0] -> 3[3] via P2P/CUMEM
gcn146:2092980:2093324 [0] NCCL INFO New proxy send connection 11 from local rank 0, transport 0
gcn146:2092980:2093324 [0] NCCL INFO proxyProgressAsync opId=0x14dd73a49020 op.type=1 op.reqBuff=0x14dd50004f00 op.respSize=16 done
gcn146:2092980:2093329 [0] NCCL INFO ncclPollProxyResponse Received new opId=0x14dd73a49020
gcn146:2092980:2093324 [0] NCCL INFO Received and initiated operation=Init res=0
gcn146:2092980:2093329 [0] NCCL INFO resp.opId=0x14dd73a49020 matches expected opId=0x14dd73a49020
gcn146:2092980:2093329 [0] NCCL INFO Connected to proxy localRank 0 -> connection 0x14dd50005468
gcn146:2092980:2093324 [0] NCCL INFO Allocated shareable buffer 0x14dda3000000 size 2097152 ipcDesc 0x14dd50008b60
gcn146:2092980:2093324 [0] NCCL INFO proxyProgressAsync opId=0x14dd73a49020 op.type=3 op.reqBuff=0x14dd50004ee0 op.respSize=88 done
gcn146:2092980:2093329 [0] NCCL INFO ncclPollProxyResponse Received new opId=0x14dd73a49020
gcn146:2092980:2093324 [0] NCCL INFO Received and initiated operation=Setup res=0
gcn146:2092980:2093329 [0] NCCL INFO resp.opId=0x14dd73a49020 matches expected opId=0x14dd73a49020
gcn146:2092980:2093329 [0] NCCL INFO GPU Direct RDMA Enabled for GPU 0 / HCA 2 (distance 5 <= 5), read 0 mode Default
gcn146:2092980:2093329 [0] NCCL INFO NET/IB : GPU Direct RDMA (nvidia-peermem) enabled for HCA 2 'mlx5_3
gcn146:2092980:2093329 [0] NCCL INFO NET/IB : GPU Direct RDMA (DMABUF) enabled for HCA 2 'mlx5_3
gcn146:2092980:2093324 [0] NCCL INFO Allocated 33030532 bytes of shared memory in /dev/shm/nccl-j99rRh
gcn146:2092980:2093324 [0] NCCL INFO New proxy recv connection 12 from local rank 0, transport 2
gcn146:2092980:2093324 [0] NCCL INFO proxyProgressAsync opId=0x14dd73a49020 op.type=1 op.reqBuff=0x14dd50004ee0 op.respSize=16 done
gcn146:2092980:2093329 [0] NCCL INFO ncclPollProxyResponse Received new opId=0x14dd73a49020
gcn146:2092980:2093324 [0] NCCL INFO Received and initiated operation=Init res=0
gcn146:2092980:2093329 [0] NCCL INFO resp.opId=0x14dd73a49020 matches expected opId=0x14dd73a49020
gcn146:2092980:2093329 [0] NCCL INFO Connected to proxy localRank 0 -> connection 0x14dd500054e0
gcn146:2092980:2093335 [0] NCCL INFO [Proxy Progress] Device 0 CPU core 14
gcn146:2092980:2093324 [0] NCCL INFO NET/IB : GPU Direct RDMA (nvidia-peermem) enabled for HCA 2 'mlx5_3
gcn146:2092980:2093324 [0] NCCL INFO NET/IB : GPU Direct RDMA (DMABUF) enabled for HCA 2 'mlx5_3
gcn146:2092980:2093324 [0] NCCL INFO proxyProgressAsync opId=0x14dd73a49020 op.type=3 op.reqBuff=0x14dd5001a610 op.respSize=128 done
gcn146:2092980:2093329 [0] NCCL INFO ncclPollProxyResponse Received new opId=0x14dd73a49020
gcn146:2092980:2093324 [0] NCCL INFO Received and initiated operation=Setup res=0
gcn146:2092980:2093329 [0] NCCL INFO resp.opId=0x14dd73a49020 matches expected opId=0x14dd73a49020
gcn146:2092980:2093329 [0] NCCL INFO Channel 00/0 : 4[0] -> 0[0] [receive] via NET/IBext_v10/2/GDRDMA
gcn146:2092980:2093329 [0] NCCL INFO GPU Direct RDMA Enabled for GPU 0 / HCA 2 (distance 5 <= 5), read 0 mode Default
gcn146:2092980:2093329 [0] NCCL INFO NET/IB : GPU Direct RDMA (nvidia-peermem) enabled for HCA 2 'mlx5_3
gcn146:2092980:2093329 [0] NCCL INFO NET/IB : GPU Direct RDMA (DMABUF) enabled for HCA 2 'mlx5_3
gcn146:2092980:2093324 [0] NCCL INFO New proxy recv connection 13 from local rank 0, transport 2
gcn146:2092980:2093324 [0] NCCL INFO proxyProgressAsync opId=0x14dd73a49020 op.type=1 op.reqBuff=0x14dd50004f00 op.respSize=16 done
gcn146:2092980:2093329 [0] NCCL INFO ncclPollProxyResponse Received new opId=0x14dd73a49020
gcn146:2092980:2093324 [0] NCCL INFO Received and initiated operation=Init res=0
gcn146:2092980:2093329 [0] NCCL INFO resp.opId=0x14dd73a49020 matches expected opId=0x14dd73a49020
gcn146:2092980:2093329 [0] NCCL INFO Connected to proxy localRank 0 -> connection 0x14dd50005558
gcn146:2092980:2093324 [0] NCCL INFO NET/IB : GPU Direct RDMA (nvidia-peermem) enabled for HCA 2 'mlx5_3
gcn146:2092980:2093324 [0] NCCL INFO NET/IB : GPU Direct RDMA (DMABUF) enabled for HCA 2 'mlx5_3
gcn146:2092980:2093324 [0] NCCL INFO proxyProgressAsync opId=0x14dd73a49020 op.type=3 op.reqBuff=0x14dd5001a610 op.respSize=128 done
gcn146:2092980:2093329 [0] NCCL INFO ncclPollProxyResponse Received new opId=0x14dd73a49020
gcn146:2092980:2093324 [0] NCCL INFO Received and initiated operation=Setup res=0
gcn146:2092980:2093329 [0] NCCL INFO resp.opId=0x14dd73a49020 matches expected opId=0x14dd73a49020
gcn146:2092980:2093329 [0] NCCL INFO Channel 04/0 : 4[0] -> 0[0] [receive] via NET/IBext_v10/2/GDRDMA
