gcn148:1636111:1636111 [0] NCCL INFO cudaDriverVersion 12090
gcn148:1636111:1636111 [0] NCCL INFO NCCL_SOCKET_IFNAME set by environment to eno
gcn148:1636111:1636111 [0] NCCL INFO NCCL_SOCKET_IFNAME set to eno
gcn148:1636097:1636097 [3] NCCL INFO Bootstrap: Using eno2np0:172.18.62.148<0>
gcn148:1636111:1636111 [0] NCCL INFO NCCL version 2.27.3+cuda12.9
gcn148:1636097:1636097 [3] NCCL INFO init.cc:1792 Cuda Host Alloc Size 4 pointer 0x14e369a00000
gcn148:1636097:1636097 [3] NCCL INFO Comm config Blocking set to 1
gcn148:1636097:1636451 [3] NCCL INFO NET/Plugin: Plugin name set by env to libnccl-net.so
gcn148:1636104:1636450 [1] NCCL INFO NET/Plugin: Loaded net plugin NCCL RDMA Plugin v10 (v10)
gcn148:1636104:1636450 [1] NCCL INFO NET/Plugin: Loaded collnet plugin NCCL RDMA Plugin v10 (v10)
gcn148:1636104:1636450 [1] NCCL INFO Successfully loaded external plugin libnccl-net.so
gcn148:1636104:1636450 [1] NCCL INFO Plugin Path : /opt/hpcx/nccl_rdma_sharp_plugin/lib/libnccl-net.so
gcn148:1636104:1636450 [1] NCCL INFO P2P plugin v10 IBext_v10
gcn148:1636104:1636450 [1] NCCL INFO NCCL_SOCKET_IFNAME set by environment to eno
gcn148:1636104:1636450 [1] NCCL INFO NCCL_SOCKET_IFNAME set to eno
gcn148:1636104:1636450 [1] NCCL INFO NET/IB : Made virtual device [0] name=mlx5_0 speed=25000 ndevs=1
gcn148:1636104:1636450 [1] NCCL INFO NET/IB : Made virtual device [1] name=mlx5_2 speed=200000 ndevs=1
gcn148:1636104:1636450 [1] NCCL INFO NET/IB : Made virtual device [2] name=mlx5_3 speed=200000 ndevs=1
gcn148:1636104:1636450 [1] NCCL INFO NET/IB : Made virtual device [3] name=mlx5_4 speed=200000 ndevs=1
gcn148:1636104:1636450 [1] NCCL INFO NET/IB : Made virtual device [4] name=mlx5_5 speed=200000 ndevs=1
gcn148:1636104:1636450 [1] NCCL INFO NET/IB : Using [0]mlx5_0:1/RoCE [1]mlx5_2:1/IB/SHARP [2]mlx5_3:1/IB/SHARP [3]mlx5_4:1/IB/SHARP [4]mlx5_5:1/IB/SHARP [RO]; OOB eno2np0:172.18.62.148<0>
gcn148:1636104:1636450 [1] NCCL INFO Initialized NET plugin IBext_v10
gcn148:1636104:1636450 [1] NCCL INFO NET/IB : GPU Direct RDMA (nvidia-peermem) enabled for HCA 0 'mlx5_0
gcn148:1636104:1636450 [1] NCCL INFO NET/IB : GPU Direct RDMA (DMABUF) enabled for HCA 0 'mlx5_0
gcn148:1636104:1636450 [1] NCCL INFO Assigned NET plugin IBext_v10 to comm
gcn148:1636104:1636450 [1] NCCL INFO Using network IBext_v10
gcn148:1636119:1636448 [2] NCCL INFO ncclCommInitRankConfig comm 0xb1e31a0 rank 6 nranks 8 cudaDev 2 nvmlDev 2 busId a6000 commId 0x6445c6f501765bca - Init STARTgcn146:2026035:2026349 [0] NCCL INFO RAS network listening socket at 172.18.62.146<44439>
gcn146:2026035:2026349 [0] NCCL INFO RAS client listening socket at ::1<28028>
gcn146:2026035:2026349 [0] NCCL INFO Mem Realloc old size 0, new size 256 pointer 0x1494ab556fd0
gcn146:2026035:2026407 [0] NCCL INFO RAS thread started
ggcn148:1636119:1636480 [0] NCCL INFO Mem Realloc old size 0, new size 32 pointer 0x151a14004e10ggcn148:1636104:1636450 [1] NCCL INFO Bootstrap timings total 0.012986 (create 0.000061, send 0.000229, recv 0.000453, ring 0.007041, delay 0.000001)
gcn148:1636104:1636481 [0] NCCL INFO RAS handling local addRanks request (old nRasPeers 0)
gcn148:1636104:1636481 [0] NCCL INFO RAS finished local processing of addRanks request (new nRasPeers 8, nRankPeers 8)
gcn146:2026028:2026404 [0] NCCL INFO RAS link 1: opening new primary connection with 172.18.62.146<44439>
gcn146:2026028:2026350 [2] NCCL INFO TOPO/NET : Importing network plugins to topology
gcn146:2026028:2026350 [2] NCCL INFO Retrieving state for SHARP
gcn146:2026028:2026350 [2] NCCL INFO Initialized stgcn148:1636119:1636448 [2] NCCL INFO Retrieving state for SHARP
gcn148:1636119:1636480 [0] NCCL INFO Mem Realloc old size 32, new size 64 pointer 0x151a140054d0
gcn148:1636119:1636480 [0] NCCL INFO RAS new incoming socket connection from 172.18.62.148<39992>
gcn148:1636119:1636448 [2] NCCL INFO Initialized state 0 for SHARP
gcn148:1636119:1636448 [2] NCCL INFO NET/IB : GPU Direct RDMA (nvidia-peermem) enabled for HCA 0 'mlx5_0
gcn148:1636119:1636448 [2] NCCL INFO NET/IB : GPU Direct RDMA (DMABUF) enabled for HCA 0 'mlx5_0
gcn148:1636119:1636480 [0] NCCL INFO RAS handling connInit from 172.18.62.148<39992> (version 22703, listeningAddr 172.18.62.148<33557>, peersHash 0xfd3f7990628fd8a3, deadPeersHash 0x0)
gcn148:1636119:1636448 [2] NCCL INFO NET/SHARP : GPU Direct RDMA Enabled for HCA 0 'mlx5_0'
gcn148:1636119:1636448 [2] NCCL INFO ncclTopoPopulateNics : Filled mlx5_0 in topo with pciPath=/sys/devices/pci0000:40/0000:40:01.3/0000:42:00.0 keep=1 coll=1
gcn148:1636119:1636448 [2] NCCL INFO NET/IB : GPU Direct RDMA (nvidia-peermem) enabled for HCA 1 'mlx5_2
gcn148:1636119:1636480 [0] NCCL INFO RAS handling connInitAck from 172.18.62.148<53955> (nack 0)gcn148:1636111:1636482 [0] NCCL INFO RAS handling connInitAck from 172.18.62.148<40759> (nack 0)
gcn148:1636111:1636482 [0] NCCL INFO RAS established connection with 172.18.62.148<40759> (sendQ empty, experiencingDelays 0, startRetryTime 0.03s)
gcn148:1636111:1636449 [0] NCCL INFO NET/SHARP : GPU Direct RDMA Enabled for HCA 1 'mlx5_2'
gcn148:1636111:1636449 [0] NCCL INFO ncclTopoPopulateNics : Filled mlx5_2 in topo with pciPath=/sys/devices/pci0000:20/0000:20:01.1/0000:21:00.0/0000:22:00.0/0000:23:00.0 keep=1 coll=1
ggcn148:1636119:1636448 [2] NCCL INFO NET/IB : GPU Direct RDMA (nvidia-peermem) enabled for HCA 2 'mlx5_3ggcn148:1636119:1636448 [2] NCCL INFO NET/IB : GPU Direct RDMA (DMABUF) enabled for HCA 2 'mlx5_3
gcn148:1636119:1636448 [2] NCCL INFO NET/SHARP : GPU Direct RDMA Enabled for HCA 2 'mlx5_3'
gcn148:1636119:1636448 [2] NCCL INFO ncclTopoPopulateNics : Filled mlx5_3 in topo with pciPath=/sys/devices/pci0000:00/0000:00:01.1/0000:01:00.0/0000:02:00.0/0000:03:00.0 keep=1 coll=1
gcn148:1636119:1636448 [2] NCCL INFO NET/IB : GPU Direct RDMA (nvidia-peermem) enabled for HCA 3 'mlx5_4ggcn148:1636119:1636448 [2] NCCL INFO NET/IB : GPU Direct RDMA (DMABUF) enabled for HCA 3 'mlx5_4ggcn148:1636104:1636450 [1] NCCL INFO NET/SHARP : GPU Direct RDMA Enabled for HCA 3 'mlx5_4'
gcn148:1636104:1636450 [1] NCCL INFO ncclTopoPopulateNics : Filled mlx5_4 in topo with pciPath=/sys/devices/pci0000:c0/0000:c0:01.1/0000:c1:00.0/0000:c2:00.0/0000:c3:00.0 keep=1 coll=1
gcn148:1636104:1636450 [1] NCCL INFO Retrieving state for IBext_v10
gcn148:1636104:1636450 [1] NCCL INFO Initialized state 0 for IBext_v10
gcn148:1636104:1636450 [1] NCCL INFO NET/IB : GPU Direct RDMA (nvidia-peermem) enabled for HCA 0 'mlx5_0
gcn148:1636104:1636450 [1] NCCL INFO NET/IB : GPU Direct RDMA (DMABUF) enabled for HCA 0 'mlx5_0
gcn148:1636104:1636450 [1] NCCL INFO NET/IBext_v10 : GPU Direct RDMA Enabled for HCA 0 'mlx5_0'
gcn148:1636104:1636450 [1] NCCL INFO ncclTopoPopulateNics : Filled mlx5_0 in topo with pciPath=/sys/devices/pci0000:40/0000:40:01.3/0000:42:00.0 keep=1 coll=1
gcn148:1636104:1636450 [1] NCCL INFO NET/IB : GPU Direct RDMA (nvidia-peermem) enabled for HCA 1 'mlx5_2
gcn148:1636104:1636450 [1] NCCL INFO NET/IB : GPU Direct RDMA (DMABUF) enabled for HCA 1 'mlx5_2
gcn148:1636104:1636450 [1] NCCL INFO NET/IBext_v10 : GPU Direct RDMA Enabled for HCA 1 'mlx5_2'
gcn148:1636104:1636450 [1] NCCL INFO ncclTopoPopulateNics : Filled mlx5_2 in topo with pciPath=/sys/devices/pci0000:20/0000:20:01.1/0000:21:00.0/0000:22:00.0/0000:23:00.0 keep=1 coll=1
gcn148:1636104:1636450 [1] NCCL INFO NET/IB : GPU Direct RDMA (nvidia-peermem) enabled for HCA 2 'mlx5_3
gcn148:1636104:1636450 [1] NCCL INFO NET/IB : GPU Direct RDMA (DMABUF) enabled for HCA 2 'mlx5_3
gcn148:1636104:1636450 [1] NCCL INFO NET/IBext_v10 : GPU Direct RDMA Enabled for HCA 2 'mlx5_3'
gcn148:1636104:1636450 [1] NCCL INFO ncclTopoPopulateNics : Filled mlx5_3 in topo with pciPath=/sys/devices/pci0000:00/0000:00:01.1/0000:01:00.0/0000:02:00.0/0000:03:00.0 keep=1 coll=1
gcn148:1636104:1636450 [1] NCCL INFO NET/IB : GPU Direct RDMA (nvidia-peermem) enabled for HCA 3 'mlx5_4
gcn148:1636104:1636450 [1] NCCL INFO NET/IB : GPU Direct RDMA (DMABUF) enabled for HCA 3 'mlx5_4
gcn148:1636104:1636450 [1] NCCL INFO NET/IBext_v10 : GPU Direct RDMA Enabled for HCA 3 'mlx5_4'
gcn148:1636104:1636450 [1] NCCL INFO ncclTopoPopulateNics : Filled mlx5_4 in topo with pciPath=/sys/devices/pci0000:c0/0000:c0:01.1/0000:c1:00.0/0000:c2:00.0/0000:c3:00.0 keep=1 coll=1
gcn148:1636104:1636450 [1] NCCL INFO NET/IB : GPU Direct RDMA (nvidia-peermem) enabled for HCA 4 'mlx5_5ggcn148:1636104:1636450 [1] NCCL INFO NET/IB : GPU Direct RDMA (DMABUF) enabled for HCA 4 'mlx5_5ggcn148:1636104:1636450 [1] NCCL INFO NET/IBext_v10 : GPU Direct RDMA Enabled for HCA 4 'mlx5_5'
gcn148:1636104:1636450 [1] NCCL INFO ncclTopoPopulateNics : Filled mlx5_5 in topo with pciPath=/sys/devices/pci0000:a0/0000:a0:01.1/0000:a1:00.0/0000:a2:00.0/0000:a3:00.0 keep=1 coll=(null)
gcn148:1636104:1636450 [1] NCCL INFO NET/IB : GPU Direct RDMA (nvidia-peermem) enabled for HCA 0 'mlx5_0
gcn148:1636104:1636450 [1] NCCL INFO NET/IB : GPU Direct RDMA (DMABUF) enabled for HCA 0 'mlx5_0
gcn148:1636104:1636450 [1] NCCL INFO NET/IB : GPU Direct RDMA (nvidia-peermem) enabled for HCA 1 'mlx5_2
gcn148:1636104:1636450 [1] NCCL INFO NET/IB : GPU Direct RDMA (DMABUF) enabled for HCA 1 'mlx5_2
gcn148:1636104:1636450 [1] NCCL INFO NET/IB : GPU Direct RDMA (nvidia-peermem) enabled for HCA 2 'mlx5_3
gcn148:1636104:1636450 [1] NCCL INFO NET/IB : GPU Direct RDMA (DMABUF) enabled for HCA 2 'mlx5_3
gcn148:1636104:1636450 [1] NCCL INFO NET/IB : GPU Direct RDMA (nvidia-peermem) enabled for HCA 3 'mlx5_4
gcn148:1636104:1636450 [1] NCCL INFO NET/IB : GPU Direct RDMA (DMABUF) enabled for HCA 3 'mlx5_4
gcn148:1636104:1636450 [1] NCCL INFO NET/IB : GPU Direct RDMA (nvidia-peermem) enabled for HCA 4 'mlx5_5
gcn148:1636104:1636450 [1] NCCL INFO NET/IB : GPU Direct RDMA (DMABUF) enabled for HCA 4 'mlx5_5ggcn148:1636119:1636448 [2] NCCL INFO GPU Directgcn148:1636097:1636451 [3] NCCL INFO GPU Direct RDMA Enabled for GPU 4 / HCA 2 (distance 5 <= 5), read 0 mode Default
gcn148:1636097:1636451 [3] NCCL INFO GPU Direct RDMA Enabled for GPU 5 / HCA 2 (distance 5 <= 5), read 0 mode Default
gcn148:1636097:1636451 [3] NCCL INFO GPU Direct RDMA Enabled for GPU 6 / HCA 2 (distance 5 <= 5), read 0 mode Default
gcn148:1636097:1636451 [3] NCCL INFO GPU Direct RDMA Enabled for GPU 7 / HCA 2 (distance 5 <= 5), read 0 mode Default
gcn148:1636097:1636451 [3] NCCL INFO GPU Direct RDMA Enabled for GPU 4 gcn148:1636119:1636448 [2] NCCL INFO GPU Direct RDMA Enabled for GPU 5 / HCA 1 (distance 5 <= 5), read 0 mode Default
gcn148:1636119:1636448 [2] NCCL INFO GPU Direct RDMA Enabled for GPU 6 / HCA 1 (distance 5 <= 5), read 0 mode Default
gcn148:1636119:1636448 [2] NCCL INFO GPU Direct RDMA Enabled for GPU 7 / HCA 1 (distance 5 <= 5), read 0 mode Default
gcn148:1636119:1636448 [2] NCCL INFO GPU Direct RDMA Enabled for GPU 4 / HCA 4 (distance 5 <= 5), read 0 mode Default
gcn148:1636119:1636448 [2] NCCL INFO GPU Direct RDMA Enabled for GPU 5 / HCA 4 (distance 5 <= 5), read 0 mode Default
gcn148:1636119:1636448 [2] NCCL INFO GPU Direct RDMA Enabled for GPU 6 / HCA 4 (distance 5 <= 5), read 0 mode Default
gcn148:1636119:1636448 [2] NCCL INFO GPU Direct RDMA Enabled for GPU 7 / HCA 4 (distance 5 <= 5), read 0 mode Default
gcn148:1636119:1636448 [2] NCCL INFO GPU Direct RDMA Enabled for GPU 4 / HCA 3 (distance 5 <= 5), read 0 mode Default
gcn148:1636119:1636448 [2] NCCL INFO GPU Direct RDMA Enabled for GPU 5 / HCA 3 (distance 5 <= 5), read 0 mode Default
gcn148:1636119:1636448 [2] NCCL INFO GPU Direct RDMA Enabled for GPU 6 / HCA 3 (distance 5 <= 5), read 0 mode Default
gcn148:1636119:1636448 [2] NCCL INFO GPU Direct RDMA Enabled for GPU 7 / HCA 3 (distance 5 <= 5), read 0 mode Default
gcn148:1636119:1636448 [2] NCCL INFO GPU Direct RDMA Enabled for GPU 4 / HCA 2 (distance 5 <= 5), read 0 mode Default
gcn148:1636119:1636448 [2] NCCL INFO GPU Direct RDMA Enabled for GPU 5 / HCA 2 (distance 5 <= 5), read 0 mode Default
gcn148:1636119:1636448 [2] NCCL INFO GPU Direct RDMA Enabled for GPU 6 / HCA 2 (distance 5 <= 5), read 0 mode Default
gcn148:1636119:1636448 [2] NCCL INFO GPU Direct RDMA Enabled for GPU 7 / HCA 2 (distance 5 <= 5), read 0 mode Default
gcn148:1636119:1636448 [2] NCCL INFO GPU Direct RDMA Enabled for GPU 4 / HCA 1 (distance 5 <= 5), read 0 mode Defaultgcn148:1636111:1636449 [0] NCCL INFO GPU Direct RDMA Enabled for GPU 5 / HCA 1 (distance 5 <= 5), read 0 mode Default
gcn148:1636111:1636449 [0] NCCL INFO GPU Direct RDMA Enabled for GPU 6 / HCA 1 (distance 5 <= 5), read 0 mode Default
gcn148:1636111:1636449 [0] NCCL INFO GPU Direct RDMA Enabled for GPU 7 / HCA 1 (distance 5 <= 5), read 0 mode Default
ggcn148:1636119:1636448 [2] NCCL INFO GPU Direct RDMA Enabled for GPU 4 / HCA 4 (distance 5 <= 5), read 0 mode Defaultggcn148:1636119:1636448 [2] NCCL INFO GPU Direct RDMA Enabled for GPU 5 / HCA 4 (distance 5 <= 5), read 0 mode Default
gcn148:1636119:1636448 [2] NCCL INFO GPU Direct RDMA Enabled for GPU 6 / HCA 4 (distance 5 <= 5), read 0 mode Defaultgcn148:1636111:1636449 [0] NCCL INFO GPU Direct RDMA Enabled for GPU 7 / HCA 4 (distance 5 <= 5), read 0 mode Default
gcn148:1636111:1636449 [0] NCCL INFO GPU Direct gcn148:1636097:1636451 [3] NCCL INFO GPU Direct RDMA Enabled for GPU 4 / HCA 3 (distance 5 <= 5), read 0 mode Default
gcn148:1636097:1636451 [3] NCCL INFO GPU Direct RDMA Enabled for GPU 5 / HCA 3 (distance 5 <= 5), read 0 mode Default
gcn148:1636097:1636451 [3] NCCL INFO GPU Direct RDMA Enabled for GPU 6 / HCA 3 (distance 5 <= 5), read 0 mode Default
gcn148:1636097:1636451 [3] NCCL INFO GPU Direct RDMA Enabled for GPU 7 gcn148:1636119:1636448 [2] NCCL INFO === Systemgcn148:1636097:1636451 [3] NCCL INFO === System : maxBw 25.0 totalBw 370.8 ===
gcn148:1636097:1636451 [3] NCCL INFO CPU/0-0 (1/2/-1)
gcn148:1636097:1636451 [3] NCCL INFO + PCI[48.0] - PCI/0-1000 (15b3197900000000)
gcn148:1636097:1636451 [3] NCCL INFO               + PCI[48.0] - NIC/0-3000
gcn148:1636097:1636451 [3] NCCL INFO                             + NET[25.0] - NET/0-2 (1/8811460003e1a258/1/25.000000)
gcn148:1636097:1636451 [3] NCCL INFO               + PCI[48.0] - PCI/0-4000 (15b3197900000000)
gcn148:1636097:1636451 [3] NCCL INFO                             + PCI[48.0] - GPU/0-6000 (4)
gcn148:1636097:1636451 [3] NCCL INFO                      gcn148:1636111:1636449 [0] NCCL INFO            gcn148:1636097:1636451 [3] NCCL INFO                      gcn148:1636111:1636449 [0] NCCL INFO            gcn148:1636097:1636451 [3] NCCL INFO                      gcn148:1636111:1636449 [0] NCCL INFO + PCI[48.0]gcn148:1636097:1636451 [3] NCCL INgcn148:1636111:1636449 [0] NCCL INFO            gcn148:1636097:1636451 [3] NCgcn148:1636111:1636449 [0] NCCL INFO                             + NET[25.0] - NET/0-1 (1/8411460003e1a258/1/25.000000)
gcn148:1636111:1636449 [0] NCCL INFO               + PCI[48.0] - PCI/0-24000 (15b3197900000000)
gcn148:1636111:1636449 [0] NCCL INFO                             + PCI[48.0] - GPU/0-26000 (5)
ggcn148:1636119:1636448 [2] NCCL INFO                                           + NVL[123.6] - GPU/0-6000ggcn148:1636119:1636448 [2] NCCL INFO                                           + NVL[123.6] - GPU/0-c6000ggcn148:1636119:1636448 [2] NCCL INFO                                           + NVL[123.6] - GPU/0-a6000
gcn148:1636119:1636448 [2] NCCL INFO + SYS[16.0] - CPU/0-1ggcn148:1636119:1636448 [2] NCCL INFO + PCI[6.0] - NIC/0-42000gcn148:1636111:1636449 [0] NCCL INFO              + NET[3.1] - NET/0-0 (1/275bc30003767c38/1/3.125000)
gcn148:1636111:1636449 [0] NCCL INFO CPU/0-1 (1/2/-1)
gcn148:1636111:1636449 [0] NCCL INFO + PCI[48.0] - PCI/0-a1000 (15b3197900000000)
gcn148:1636111:1636449 [0] NCCL INFO               + PCI[48.0] - NIC/0-a3000
gcn148:1636111:1636449 [0] NCCL INFO                             + NET[25.0] - NET/0-4 (0/8011460003e1a258/1/25.000000)
gcn148:1636111:1636449 [0] NCCL INFO               + PCI[48.0] - PCI/0-a4000 (15b3197900000000)
gcn148:1636111:1636449 [0] NCCL INFO                             + PCI[48.0] - GPU/0-a6000 (6)
gcn148:1636111:1636449 [0] NCCL INFO                                           + NVL[123.6] - GPU/0-26000
gcn148:1636111:1636449 [0] NCCL INFO                                           + NVL[123.6] - GPU/0-6000
gcn148:1636111:1636449 [0] NCCL INFO                                           + NVL[123.6] - GPU/0-c6000
gcn148:1636111:1636449 [0] NCCL INFO + PCI[48.0] - PCI/0-c1000 (15b3197900000000)
gcn148:1636111:1636449 [0] NCCL INFO               + PCI[48.0] - NIC/0-c3000
gcn148:1636111:1636449 [0] NCCL INFO                             + NET[25.0] - NET/0-3 (1/7c11460003e1a258/1/25.000000)
gcn148:1636111:1636449 [0] NCCL INFO               + PCI[48.0] - PCI/0-c4000 (15b3197900000000)
gcn148:1636111:1636449 [0] NCCL INFO                             + PCI[48.0] - GPU/0-c6000 (7)
gcn148:1636111:1636449 [0] NCCL INFO                                           + NVL[123.6] - GPU/0-6000
gcn148:1636111:1636449 [0] NCCL INFO                                           + NVL[123.6] - GPU/0-26000
ggcn148:1636119:1636448 [2] NCCL INFO                                           + NVL[123.6] - GPU/0-a6000
gcn148:1636119:1636448 [2] NCCL INFO + SYS[16.0] - CPU/0-0
gcn148:1636119:1636448 [2] NCCL INFO ==========================================ggcn148:1636119:1636448 [2] NCCL INFO GPU/0-6000 :GPU/0-6000 (0/5000.0/LOC) GPU/0-26000 (1/123.6/NVL) GPU/0-a6000 (1/123.6/NVL) GPU/0-c6000 (1/123.6/NVL) CPU/0-0 (3/48.0/PHB) CPU/0-1 (4/16.0/SYS) NET/0-2 (4/25.0/PXB) NET/0-1 (5/25.0/PXN) NET/0-0 (5/3.1/PHB) NET/0-4 (5/25.0/PXN) NET/0-3 (5/25.0/PXN) ggcn148:1636119:1636448 [2] NCCL INFO GPU/0-26000 :GPU/0-6000 (1/123.6/NVL) GPU/0-26000 (0/5000.0/LOC) GPU/0-a6000 (1/123.6/NVL) GPU/0-c6000 (1/123.6/NVL) CPU/0-0 (3/48.0/PHB) CPU/0-1 (4/16.0/SYS) NET/0-2 (5/25.0/PXN) NET/0-1 (4/25.0/PXB) NET/0-0 (5/3.1/PHB) NET/0-4 (5/25.0/PXN) NET/0-3 (5/25.0/PXN) 
gcn148:1636119:1636448 [2] NCCL INFO GPU/0-a6000 :GPU/0-6000 (1/123.6/NVL) GPU/0-26000 (1/123.6/NVL) GPU/0-a6000 (0/5000.0/LOC) GPU/0-c6000 (1/123.6/NVL) CPU/0-0 (4/16.0/SYS) CPU/0-1 (3/48.0/PHB) NET/0-2 (5/25.0/PXN) NET/0-1 (5/25.0/PXN) NET/0-0 (6/3.1/SYS) NET/0-4 (4/25.0/PXB) NET/0-3 (5/25.0/PXN) 
gcn148:1636119:1636448 [2] NCCL INFO GPU/0-c6000 :GPU/0-6000 (1/123.6/NVL) GPU/0-26000 (1/123.6/NVL) GPU/0-a6000 (1/123.6/NVL) GPU/0-c6000 (0/5000.0/LOC) CPU/0-0 (4/16.0/SYS) CPU/0-1 (3/48.0/PHB) NET/0-2 (5/25.0/PXN) NET/0-1 (5/25.0/PXN) NET/0-0 (6/3.1/SYS) NET/0-4 (5/25.0/PXN) NET/0-3 (4/25.0/PXB) 
gcn148:1636119:1636448 [2] NCCL INFO NET/0-2 :GPU/0-6000 (4/25.0/PXB) GPU/0-26000 (6/25.0/PHB) GPU/0-a6000 (7/16.0/SYS) GPU/0-c6000 (7/16.0/SYS) CPU/0-0 (3/25.0/PHB) CPU/0-1 (4/16.0/SYS) NET/0-2 (0/5000.0/LOC) NET/0-1 (6/25.0/PHB) NET/0-0 (5/3.1/PHB) NET/0-4 (7/16.0/SYS) NET/0-3 (7/16.0/SYS) 
gcn148:1636119:1636448 [2] NCCL INFO NET/0-1 :GPU/0-6000 (6/25.0/PHB) GPU/0-26000 (4/25.0/PXB) GPU/0-a6000 (7/16.0/SYS) GPU/0-c6000 (7/16.0/SYS) CPU/0-0 (3/25.0/PHB) CPU/0-1 (4/16.0/SYS) NET/0-2 (6/25.0/PHB) NET/0-1 (0/5000.0/LOC) NET/0-0 (5/3.1/PHB) NET/0-4 (7/16.0/SYS) NET/0-3 (7/16.0/SYS) 
gcn148:1636119:1636448 [2] NCCL INFO NET/0-0 :GPU/0-6000 (5/3.1/PHB) GPU/0-26000 (5/3.1/PHB) GPU/0-a6000 (6/3.1/SYS) GPU/0-c6000 (6/3.1/SYS) CPU/0-0 (2/3.1/PHB) CPU/0-1 (3/3.1/SYS) NET/0-2 (5/3.1/PHB) NET/0-1 (5/3.1/PHB) NET/0-0 (0/5000.0/LOC) NET/0-4 (6/3.1/SYS) NET/0-3 (6/3.1/SYS) 
gcn148:1636119:1636448 [2] NCCL INFO NET/0-4 :GPU/0-6000 (7/16.0/SYS) GPU/0-26000 (7/16.0/SYS) GPU/0-a6000 (4/25.0/PXB) GPU/0-c6000 (6/25.0/PHB) CPU/0-0 (4/16.0/SYS) CPU/0-1 (3/25.0/PHB) NET/0-2 (7/16.0/SYS) NET/0-1 (7/16.0/SYS) NET/0-0 (6/3.1/SYS) NET/0-4 (0/5000.0/LOC) NET/0-3 (6/25.0/PHB) 
gcn148:1636119:1636448 [2] NCCL INFO NET/0-3 :GPU/0-6000 (7/16.0/SYS) GPU/0-26000 (7/16.0/SYS) GPU/0-a6000 (6/25.0/PHB) GPU/0-c6000 (4/25.0/PXB) CPU/0-0 (4/16.0/SYS) CPU/0-1 (3/25.0/PHB) NET/0-2 (7/16.0/SYS) NET/0-1 (7/16.0/SYS) NET/0-0 (6/3.1/SYS) NET/0-4 (6/25.0/PHB) NET/0-3 (0/5000.0/LOC) 
gcn148:1636119:1636448 [2] NCCL INFO Setting affinity for GPU 2 to 32-6gcgcn148:1636119:1636448 [2] NCCL INFO NVLS multicast support is not available on dev 2 (NVLS_NCHANNEgcgcgcgcn148:1636119:1636448 [2] NCCL INFO Pattern 4,gcn148:1636097:1636451 [3] NCCL INFO Pattern 4, crossNic 0, nChannels 4, bw 24.gcn148:1636119:1636448 [2] NCCL INFO  0 : NET/0gcn148:1636097:1636451 [3] NCCL INFO  0 : NET/0-2 GPU/4 GPU/5 GPU/6 GPU/7 NET/0-2
gcn148:1636097:1636451 [3] NCCL INFO  1 : NET/0-1 GPU/5 GPU/7 GPU/6 GPU/4 NET/0-1
gcn148:1636097:1636451 [3] NCCL INFO  2 : NET/0-4 GPU/6 GPU/5 GPU/4 GPU/7 NET/0-4
gcn148:1636097:1636451 [3] NCCL INFO  3 : NET/0-3 GPU/7 GPU/5 GPU/4 GPU/6 NET/0-3
gcn148:1636097:1636451 [3] NCCL INFO Pattern 3, crossNic 0, nChannels 4, bw 48.000000/24.000000, type NVL/PXB, sameChannels 0
gcn148:1636097:1636451 [3] NCCL INFO  0 : NET/0-2 GPU/4 GPU/5 GPU/6 GPU/7 NET/0-2
gcn148:1636097:1636451 [3] NCCL INFO  1 : NET/0-1 GPU/5 GPU/6 GPU/7 GPU/4 NET/0-1
gcn148:1636097:1636451 [3] NCCL INFO  2 : NET/0-4 GPU/6 GPU/4 GPU/5 GPU/7 NET/0-4
gcn148:1636097:1636451 [3] NCgcn146:2026035:2026349 [0] NCCL INFO comm 0xadb84e0 rank 0 nRanks 8 nNodes 2 localRanks 4 localRank 0 MNNVL 0
gcn146:2026035:2026349 [0] NCCL INFO Tree 0 : -1 -> 0 -> 1/4/-1
gcn146:2026035:2026349 [0] NCCL INFO Tree 4 : 4 -> 0 -> 1/-1/-1
gcgcn146:2026028:2026350 [2] NCCL INFO Ring 00 : 1 -> 2 -> 3
gcn146:2026028:2026350 [2] NCCL INFO Ring 01 : 3 -> 2 -> 0
gcn146:2026028:2026350 [2] NCCL INFO Ring 02 : 7 -> 2 -> 1
gcn146:2026028:2026350 [2] NCCL INFO Ring 03 : 0 -> 2 -> 7
gcn146:2026028:2026350 [2] NCCL INFO Ring 04 : 1 -> 2 -> 3
gcn146:2026028:2026350 [2] NCCL INFO Ring 05 : 3 -> 2 -> 0
gcn146:2026028:2026350 [2] NCCL INFO Ring 06 : 7 -> 2 -> 1
gcn146:2026028:2026350 [2] NCCL INFO Ring 07 : 0 -> 2 -> 7
gcn146:2026028:2026350 [2] NCCL INFO Trees [0] 3/-1/-1->2->1 [1] 3/-1/-1->2->1 [2] 0/6/-1->2->-1 [3] 1/-1/-1->2->0 [4] 3/-1/-1->2->1 [5] 3/-1/-1->2->1 [6] 0/-1/-1->2->6 [7] 1/-1/-1->2->0
gcn146:2026028:2026350 [2] NCCL INFO P2P Chunksize set to 131072
gcn146:2026028:2026350 [2] NCCL INFO PROFILER/Plugin: Could not find: libnccl-profiler.so. 
gcn146:2026028:2026350 [2] NCCL INFO UDS: Creating service thread comm 0xa9a0190 rank 2
gcn146:2026028:2026420 [2] NCCL INFO [Proxy Service] Device 2 CPU core 63
gcn146:2026028:2026350 [2] NCCL INFO misc/utils.cc:233 memory stack hunk malloc(65536)
gcn146:2026028:2026421 [2] NCCL INFO [Proxy Service UDS] Device 2 CPU core 50
gcn146:2026028:2026350 [2] NCCL INFO channel.cc:42 Cuda Alloc Size 4864 pointer 0x148dbc600000
gcn146:2026028:2026350 [2] NCCL INFO channel.cc:45 Cuda Alloc Size 104 pointer 0x148dbc800000
gcn1gcn146:2026041:2026352 [3] NCCL INFO channel.cc:56 Cuda Alloc Size 32 pointer 0x15070ca00gcn1gcn146:2026041:2026352 [3] NCCL INFO channel.cc:42 Cuda Alloc Size 4864 pointer 0x15070cc00gcn146:2026028:2026350 [2] NCCL INFO channel.cc:45 Cuda Alloc Size 104 pointer 0x148dbce00000
gcn146:2026028:2026350 [2] NCCL INFO channel.cc:56 Cuda Alloc Size 32 pointer 0x148dbd000000
gcn146:2026028:2026350 [2] NCCL INFO channel.cc:42 Cuda Alloc Size 4864 pointer 0x148dbd200000
gcn146:2026028:2026350 [2] NCCL INFO channel.cc:45 Cuda Alloc Size 104 pointer 0x148dbd400000
gcn146:2026028:2026350 [2] NCCL INFO channel.cc:56 Cuda Alloc Size 32 pointer 0x148dbd600000
gcn1gcn146:2026041:2026352 [3] NCCL INFO channel.cc:42 Cuda Alloc Size 4864 pointer 0x15070d800gcn1gcn146:2026041:2026352 [3] NCCL INFO channel.cc:45 Cuda Alloc Size 104 pointer 0x15070da00gcn1gcn146:2026041:2026352 [3] NCCL INFO channel.cc:56 Cuda Alloc Size 32 pointer 0x15070dc00gcn1gcn146:2026041:2026352 [3] NCCL INFO channel.cc:42 Cuda Alloc Size 4864 pointer 0x15070de00gcn146:2026028:2026350 [2] NCCL INFO channel.cc:45 Cuda Alloc Size 104 pointer 0x148dbe000000
gcn146:2026028:2026350 [2] NCCL INFO channel.cc:56 Cuda Alloc Size 32 pointer 0x148dbe200000
gcn146:2026028:2026350 [2] NCCL INFO channel.cc:42 Cuda Alloc Size 4864 pointer 0x148dbe400000
gcn1gcn146:2026041:2026352 [3] NCCL INFO channel.cc:45 Cuda Alloc Size 104 pointer 0x15070e600gcn1gcn146:2026041:2026352 [3] NCCL INFO channel.cc:56 Cuda Alloc Size 32 pointer 0x15070e800000
gcn146:2026041:2026352 [3] NCCL INFO channel.cc:42 Cuda Alloc Size 4864 pointer 0x15070ea00gcn1gcn146:2026041:2026352 [3] NCCL INFO channel.cc:45 Cuda Alloc Size 104 pointer 0x15070ec00gcn1gcn146:2026041:2026352 [3] NCCL INFO channel.cc:56 Cuda Alloc Size 32 pointer 0x15070ee00000
gcn146:2026041:2026352 [3] NCCL INFO channel.cc:42 Cuda Alloc Size 4864 pointer 0x15070f000000
gcn146:2026041:2026352 [3] NCCL INFO channel.cc:45 Cuda Alloc Size 104 pointer 0x15070f200gcn1gcn146:2026041:2026352 [3] NCCL INFO channel.cc:56 Cuda Alloc Size 32 pointer 0x15070f400000
gcn146:2026041:2026352 [3] NCCL INFO threadThresholds 8/8/64 | 64/8/64 | 512 | 512
gcn146:2026041:2026352 [3] NCCL INFO 8 coll channels, 8 collnet channels, 0 nvls channels, 8 p2p channels, 2 p2p channels per peer
gcn146:2026041:2026352 [3] NCCL INFO init.cc:447 Cuda Alloc Size 23648 pointer 0x15070f600000
gcn146:2026041:2026352 [3] NCCL INFO init.cc:449 Cuda Alloc Size 32 pointer 0x15070f800000
gcn146:2026041:2026352 [3] NCCL INFO init.cc:491 Cuda Host Alloc Size 1048576 pointer 0x150705a00200
gcn146:2026041:2026352 [3] NCCL INFO init.cc:501 Cuda Host Alloc Size 65536 pointer 0x150705b00200
gcn146:2026041:2026352 [3] NCCL INFO init.cc:502 Cuda Host Alloc Size 65536 pointer 0x150705b10gcn146:2026028:2026350 [2] NCCL INFO TUNER/Plugin: Could not find: libnccl-tuner.so. Using internal tuner plugin.
gcn146:2026028:2026350 [2] NCCL INFO TUNER/Plugin: Failed to find ncclTunerPlugin_v4 symbol.
gcn146:2026028:2026350 [2] NCCL INFO TUNER/Plugin: Failed to find ncclTunerPlugin_v3 symbol.
gcn146:2026028:2026350 [2] NCCL INFO TUNER/Plugin: Failed to find ncclTunerPlugin_v2 symbol, using internal tuner instead.
gcn146:2026028:2026350 [2] NCCL INFO ncclCommInitRankConfig comm 0xa9a0190 rank 2 nranks 8 cudaDev 2 nvmlDev 2 busId a6000 commId 0x6445c6f501765bca - Init COMPLETE
gcn146:2026028:2026350 [2] NCCL INFO Init timings - ncclCommInitRankConfig: rank 2 nranks 8 total 2.30 (kernels 0.39, alloc 1.64, bootstrap 0.04, allgathers 0.05, topo 0.06, graphs 0.04, connections 0.05, rest 0.03)
gcn146:2026028:2026028 [2] NCCL INFO AllReduce: opCount 0 sendbuff 0x148dcfe00000 recvbuff 0x148dcfe00000 count 1 datatype 2 op 0 root 0 comm 0xa9a0190 [nranks=8] stream (nil)
gcn146:2026028:2026028 [2] NCCL INFO misc/utils.cc:233 memory stack hunk malloc(65536)
gcn146:2026028:2026420 [2] NCCL INFO Mem Realloc old size 0, new size 8 pointer 0x148d70004f20
gcn146:2026028:2026420 [2] NCCL INFO New proxy recv connection 0 from local rank 2, transport 0
gcn146:2026028:2026420 [2] NCCL INFO proxyProgressAsync opId=0x148d7fa492c0 op.type=1 op.reqBuff=0x148d70004ee0 op.respSize=16 done
gcn146:2026028:2026423 [2] NCCL INFO ncclPollProxyResponse Received new opId=0x148d7fa492c0
gcn146:2026028:2026423 [2] NCCL INFO resp.opId=0x148d7fa492c0 matches expected opId=0x148d7fa492c0
gcn146:2026028:2026423 [2] NCCL INFO Connected to proxy localRank 2 -> connection 0x148d70004f40
gcn146:2026028:2026420 [2] NCCL INFO Received and initiated operation=Init res=0
gcn146:2026028:2026420 [2] NCCL INFO Allocated shareable buffer 0x148dc3a00000 size 10485760 ipcDesc 0x148d70008b60
gcn146:2026028:2026420 [2] NCCL INFO proxyProgressAsync opId=0x148d7fa492c0 op.type=3 op.reqBuff=0x148d70004f00 op.respSize=88 done
gcn146:2026028:2026423 [2] NCCL INFO ncclPollProxyResponse Received new opId=0x148d7fa492c0
gcn146:2026028:2026420 [2] NCCL INFO Received and initiated operation=Setup res=0
gcn146:2026028:2026423 [2] NCCL INFO resp.opId=0x148d7fa492c0 matches expected opId=0x148d7fa492c0
gcn146:2026028:2026420 [2] NCCL INFO New proxy recv connection 1 from local rank 2, transport 0
gcn146:2026028:2026420 [2] NCCL INFO proxyProgressAsync opId=0x148d7fa492c0 op.type=1 op.reqBuff=0x148d70004f00 op.respSize=16 done
gcn146:2026028:2026423 [2] NCCL INFO ncclPollProxyResponse Received new opId=0x148d7fa492c0
gcn146:2026028:2026420 [2] NCCL INFO Received and initiated operation=Init res=0
gcn146:2026028:2026423 [2] NCCL INFO resp.opId=0x148d7fa492c0 matches expected opId=0x148d7fa492c0
gcn146:2026028:2026423 [2] NCCL INFO Connected to proxy localRank 2 -> connection 0x148d70004fb8
gcn146:2026028:2026420 [2] NCCL INFO Allocated shareable buffer 0x148dc4400000 size 10485760 ipcDesc 0x148d70008b60
gcn146:2026028:2026420 [2] NCCL INFO proxyProgressAsync opId=0x148d7fa492c0 op.type=3 op.reqBuff=0x148d70004ee0 op.respSize=88 done
gcn146:2026028:2026423 [2] NCCL INFO ncclPollProxyResponse Received new opId=0x148d7fa492c0
gcn146:2026028:2026420 [2] NCCL INFO Received and initiated operation=Setup res=0
gcn146:2026028:2026423 [2] NCCL INFO resp.opId=0x148d7fa492c0 matches expected opId=0x148d7fa492c0
gcn146:2026028:2026420 [2] NCCL INFO New proxy recv connection 2 from local rank 2, transport 0
gcn146:2026028:2026420 [2] NCCL INFO proxyProgressAsync opId=0x148d7fa492c0 op.type=1 op.reqBuff=0x148d70004ee0 op.respSize=16 done
gcn146:2026028:2026423 [2] NCCL INFO ncclPollProxyResponse Received new opId=0x148d7fa492c0
gcn146:2026028:2026420 [2] NCCL INFO Received and initiated operation=Init res=0
gcn146:2026028:2026423 [2] NCCL INFO resp.opId=0x148d7fa492c0 matches expected opId=0x148d7fa492c0
gcn146:2026028:2026423 [2] NCCL INFO Connected to proxy localRank 2 -> connection 0x148d70005030
gcn146:2026028:2026420 [2] NCCL INFO Allocated shareable buffer 0x148dc4e00000 size 10485760 ipcDesc 0x148d70008b60
gcn146:2026028:2026420 [2] NCCL INFO proxyProgressAsync opId=0x148d7fa492c0 op.type=3 op.reqBuff=0x148d70004f00 op.respSize=88 done
gcn146:2026028:2026423 [2] NCCL INFO ncclPollProxyResponse Received new opId=0x148d7fa492c0
gcn146:2026028:2026420 [2] NCCL INFO Received and initiated operation=Setup res=0
gcn146:2026028:2026423 [2] NCCL INFO resp.opId=0x148d7fa492c0 matches expected opId=0x148d7fa492c0
gcn146:2026028:2026420 [2] NCCL INFO New proxy recv connection 3 from local rank 2, transport 0
gcn146:2026028:2026420 [2] NCCL INFO proxyProgressAsync opId=0x148d7fa492c0 op.type=1 op.reqBuff=0x148d70004f00 op.respSize=16 done
gcn146:2026028:2026423 [2] NCCL INFO ncclPollProxyResponse Received new opId=0x148d7fa492c0
gcn146:2026028:2026423 [2] NCCL INFO resp.opId=0x148d7fa492c0 matches expected opId=0x148d7fa492c0
gcn146:2026028:2026423 [2] NCCL INFO Connected to proxy localRank 2 -> connection 0x148d700050a8
gcn146:2026028:2026420 [2] NCCL INFO Received and initiated operation=Init res=0
gcn146:2026028:2026420 [2] NCCL INFO Allocated shareable buffer 0x148dc5800000 size 10485760 ipcDesc 0x148d70008b60
gcn146:2026028:2026420 [2] NCCL INFO proxyProgressAsync opId=0x148d7fa492c0 op.type=3 op.reqBuff=0x148d70004ee0 op.respSize=88 done
gcn146:2026028:2026423 [2] NCCL INFO ncclPollProxyResponse Received new opId=0x148d7fa492c0
gcn146:2026028:2026420 [2] NCCL INFO Received and initiated operation=Setup res=0
gcn146:2026028:2026423 [2] NCCL INFO resp.opId=0x148d7fa492c0 matches expected opId=0x148d7fa492c0
gcn1gcn146:2026041:2026416 [3] NCCL INFO New proxy recv connection 4 from local rank 3, transport 0
gcn146:2026041:2026416 [3] NCCL INFO proxyProgressAsync opId=0x1506cfa492c0 op.type=1 op.reqBuff=0x1506c0004ee0 op.respSize=16 done
gcn146:2026041:2026422 [3] NCCL INFO ncclPollProxyResponse Received new opId=0x1506cfa492c0
gcn146:2026041:2026416 [3] NCCL INFO Received and initiated operation=Init res=0
gcn146:2026041:2026422 [3] NCCL INFO resp.opId=0x1506cfa492c0 matches expected opId=0x1506cfa492c0
gcn146:2026041:2026422 [3] NCCL INFO Connected to proxy localRank 3 -> connection 0x1506c0005120
gcn146:2026041:2026416 [3] NCCL INFO Allocated shareable buffer 0x150716200000 size 10485760 ipcDesc 0x1506c0008b60
gcn146:2026041:2026416 [3] NCCL INFO proxyProgressAsync opId=0x1506cfa492c0 op.type=3 op.reqBuff=0x1506c0004f00 op.respSize=88 done
gcn146:2026041:2026422 [3] NCCL INFO ncclPollProxyResponse Received new opId=0x1506cfa492c0
gcn146:2026041:2026416 [3] NCCL INFO Received and initiated operation=Setup res=0
gcn146:2026041:2026422 [3] NCCL INFO resp.opId=0x1506cfa492c0 matches expected opId=0x1506cfa492c0
gcn146:2026041:2026416 [3] NCCL INFO New proxy recv connection 5 from local rank 3, transport 0
gcn146:2026041:2026416 [3] NCCL INFO proxyProgressAsync opId=0x1506cfa492c0 op.type=1 op.reqBuff=0x1506c0004f00 op.respSize=16 done
gcn146:2026041:2026422 [3] NCCL INFO ncclPollProxyResponse Received new opId=0x1506cfa492c0
gcn146:2026041:2026416 [3] NCCL INFO Received and initiated operation=Init res=0
gcn146:2026041:2026422 [3] NCCL INFO resp.opId=0x1506cfa492c0 matches expected opId=0x1506cfa492c0
gcn146:2026041:2026422 [3] NCCL INFO Connected to proxy localRank 3 -> connection 0x1506c0005198
gcn146:2026041:2026416 [3] NCCL INFO Allocated shareable buffer 0x150716c00000 size 10485760 ipcDesc 0x1506c0008b60
gcn146:2026041:2026416 [3] NCCL INFO proxyProgressAsync opId=0x1506cfa492c0 op.type=3 op.reqBuff=0x1506c0004ee0 op.respSize=88 done
gcn146:2026041:2026422 [3] NCCL INFO ncclPollProxyResponse Received new opId=0x1506cfa492c0
gcn146:2026041:2026422 [3] NCCL INFO resp.opId=0x1506cfa492c0 matches expected opId=0x1506cfa492c0
gcn146:2026041:2026416 [3] NCCL INFO Received and initiated operation=Setup res=0
gcn146:2026041:2026416 [3] NCCL INFO New proxy recv connection 6 from local rank 3, transport 0
gcn146:2026041:2026416 [3] NCCL INFO proxyProgressAsync opId=0x1506cfa492c0 op.type=1 op.reqBuff=0x1506c0004ee0 op.respSize=16 done
gcn146:2026041:2026422 [3] NCCL INFO ncclPollProxyResponse Received new opId=0x1506cfa492c0
gcn146:2026041:2026416 [3] NCCL INFO Received and initiated operation=Init res=0
gcn146:2026041:2026422 [3] NCCL INFO resp.opId=0x1506cfa492c0 matches expected opId=0x1506cfa492c0
gcn146:2026041:2026422 [3] NCCL INFO Connected to proxy localRank 3 -> connection 0x1506c0005210
gcn146:2026041:2026416 [3] NCCL INFO Allocated shareable buffer 0x150717600000 size 10485760 ipcDesc 0x1506c0008b60
gcn146:2026041:2026416 [3] NCCL INFO proxyProgressAsync opId=0x1506cfa492c0 op.type=3 op.reqBuff=0x1506c0004f00 op.respSize=88 done
gcn146:2026041:2026422 [3] NCCL INFO ncclPollProxyResponse Received new opId=0x1506cfa492c0
gcn146:2026041:2026416 [3] NCCL INFO Received and initiated operation=Setup res=0
gcn146:2026041:2026422 [3] NCCL INFO resp.opId=0x1506cfa492c0 matches expected opId=0x1506cfa492c0
gcn146:2026041:2026416 [3] NCCL INFO New proxy recv connection 7 from local rank 3, transport 0
gcn146:2026041:2026416 [3] NCCL INFO proxyProgressAsync opId=0x1506cfa492c0 op.type=1 op.reqBuff=0x1506c0004f00 op.respSize=16 done
gcn146:2026041:2026422 [3] NCCL INFO ncclPollProxyResponse Received new opId=0x1506cfa492c0
gcn146:2026041:2026422 [3] NCCL INFO resp.opId=0x1506cfa492c0 matches expected opId=0x1506cfa492c0
gcn146:2026041:2026422 [3] NCCL INFO Connected to proxy localRank 3 -> connection 0x1506c0005288
gcn146:2026041:2026416 [3] NCCL INFO Received and initiated operation=Init res=0
gcn146:2026041:2026416 [3] NCCL INFO Allocated shareable buffer 0x150718000000 size 10485760 ipcDesc 0x1506c0008b60
gcn146:2026041:2026416 [3] NCCL INFO proxyProgressAsync opId=0x1506cfa492c0 op.type=3 op.reqBuff=0x1506c0004ee0 op.respSize=88 done
gcn146:2026041:2026422 [3] NCCL INFO ncclPollProxyResponse Received new opId=0x1506cfa492c0
gcn146:2026041:2026422 [3] NCCL INFO resp.opId=0x1506cfa492c0 matches expected opId=0x1506cfa492c0
gcn146:2026041:2026416 [3] NCCL INFO Received and initiated operation=Setup res=0
gcn146:2026041:2026416 [3] NCCL INFO New proxy recv connection 8 from local rank 3, transport 0
gcn146:2026041:2026416 [3] NCCL INFO proxyProgressAsync opId=0x1506cfa492c0 op.type=1 op.reqBuff=0x1506c0004ee0 op.respSize=16 done
gcn146:2026041:2026422 [3] NCCL INFO ncclPollProxyResponse Received new opId=0x1506cfa492c0
gcn146:2026041:2026422 [3] NCCL INFO resp.opId=0x1506cfa492c0 matches expected opId=0x1506cfa492c0
gcn146:2026041:2026422 [3] NCCL INFO Connected to proxy localRank 3 -> connection 0x1506c0005300
gcn146:2026041:2026416 [3] NCCL INFO Received and initiated operation=Init res=0
gcn146:2026041:2026416 [3] NCCL INFO Allocated shareable buffer 0x150718a00000 size 10485760 ipcDesc 0x1506c0008b60
gcn146:2026041:2026416 [3] NCCL INFO proxyProgressAsync opId=0x1506cfa492c0 op.type=3 op.reqBuff=0x1506c0004f00 op.respSize=88 done
gcn146:2026041:2026422 [3] NCCL INFO ncclPollProxyResponse Received new opId=0x1506cfa492c0
gcn146:2026041:2026416 [3] NCCL INFO Received and initiated operation=Setup res=0
gcn146:2026041:2026422 [3] NCCL INFO resp.opId=0x1506cfa492c0 matches expected opId=0x1506cfa492c0
gcn146:2026041:2026416 [3] NCCL INFO New proxy recv connection 9 from local rank 3, transport 0
gcn146:2026041:2026416 [3] NCCL INFO proxyProgressAsync opId=0x1506cfa492c0 op.type=1 op.reqBuff=0x1506c0004f00 op.respSize=16 done
gcn146:2026041:2026422 [3] NCCL INFO ncclPollProxyResponse Received new opId=0x1506cfa492c0
gcn146:2026041:2026416 [3] NCCL INFO Received and initiated operation=Init res=0
gcn146:2026041:2026422 [3] NCCL INFO resp.opId=0x1506cfa492c0 matches expected opId=0x1506cfa492c0
gcn146:2026041:2026422 [3] NCCL INFO Connected to proxy localRank 3 -> connection 0x1506c0005378
gcn146:2026041:2026416 [3] NCCL INFO Allocated shareable buffer 0x150719400000 size 10485760 ipcDesc 0x1506c0008b60
gcn146:2026041:2026416 [3] NCCL INFO proxyProgressAsync opId=0x1506cfa492c0 op.type=3 op.reqBuff=0x1506c0004ee0 op.respSize=88 done
gcn146:2026041:2026422 [3] NCCL INFO ncclPollProxyResponse Received new opId=0x1506cfa492c0
gcn146:2026041:2026416 [3] NCCL INFO Received and initiated operation=Setup res=0
gcn146:2026041:2026422 [3] NCCL INFO resp.opId=0x1506cfa492c0 matches expected opId=0x1506cfa492c0
gcn146:2026041:2026422 [3] NCCL INFO GPU Direct RDMA Enabled for GPU 3 / HCA 3 (distance 5 <= 5), read 0 mode Default
gcn146:2026041:2026422 [3] NCCL INFO NET/IB : GPU Direct RDMA (nvidia-peermem) enabled for HCA 3 'mlx5_4
gcn146:2026041:2026422 [3] NCCL INFO NET/IB : GPU Direct RDMA (DMABUF) enabled for HCA 3 'mlx5_4
gcn146:2026041:2026416 [3] NCCL INFO Allocated 33030532 bytes of shared memory in /dev/shm/nccl-isekBp
gcn146:2026041:2026416 [3] NCCL INFO New proxy recv connection 10 from local rank 3, transport 2
gcn146:2026041:2026416 [3] NCCL INFO proxyProgressAsync opId=0x1506cfa492c0 op.type=1 op.reqBuff=0x1506c0004ee0 op.respSize=16 done
gcn146:2026041:2026428 [3] NCCL INFO [Proxy Progress] Device 3 CPU core 45
gcn146:2026041:2026422 [3] NCCL INFO ncclPollProxyResponse Received new opId=0x1506cfa492c0
gcn146:2026041:2026416 [3] NCCL INFO Received and initiated operation=Init res=0
gcn146:2026041:2026422 [3] NCCL INFO resp.opId=0x1506cfa492c0 matches expected opId=0x1506cfa492c0
gcn146:2026041:2026422 [3] NCCL INFO Connected to proxy localRank 3 -> connection 0x1506c00053f0
gcn146:2026041:2026416 [3] NCCL INFO NET/IB : GPU Direct RDMA (nvidia-peermem) enabled for HCA 3 'mlx5_4
gcn146:2026041:2026416 [3] NCCL INFO NET/IB : GPU Direct RDMA (DMABUF) enabled for HCA 3 'mlx5_4
gcn146:2026041:2026416 [3] NCCL INFO proxyProgressAsync opId=0x1506cfa492c0 op.type=3 op.reqBuff=0x1506c00177d0 op.respSize=128 done
gcn146:2026041:2026422 [3] NCCL INFO ncclPollProxyResponse Received new opId=0x1506cfa492c0
gcn146:2026041:2026416 [3] NCCL INFO Received and initiated operation=Setup res=0
gcn146:2026041:2026422 [3] NCCL INFO resp.opId=0x1506cfa492c0 matches expected opId=0x1506cfa492c0
gcn146:2026041:2026422 [3] NCCL INFO Channel 03/0 : 7[3] -> 3[3] [receive] via NET/IBext_v10/3/GDRDMA
gcn146:2026041:2026422 [3] NCCL INFO GPU Direct RDMA Enabled for GPU 3 / HCA 3 (distance 5 <= 5), read 0 mode Default
gcn146:2026041:2026422 [3] NCCL INFO NET/IB : GPU Direct RDMA (nvidia-peermem) enabled for HCA 3 'mlx5_4
gcn146:2026041:2026422 [3] NCCL INFO NET/IB : GPU Direct RDMA (DMABUF) enabled for HCA 3 'mlx5_4
gcn146:2026041:2026416 [3] NCCL INFO New proxy recv connection 11 from local rank 3, transport 2
gcn146:2026041:2026416 [3] NCCL INFO proxyProgressAsync opId=0x1506cfa492c0 op.type=1 op.reqBuff=0x1506c0004f00 op.respSize=16 done
gcn146:2026041:2026422 [3] NCCL INFO ncclPollProxyResponse Received new opId=0x1506cfa492c0
gcn146:2026041:2026416 [3] NCCL INFO Received and initiated operation=Init res=0
gcn146:2026041:2026422 [3] NCCL INFO resp.opId=0x1506cfa492c0 matches expected opId=0x1506cfa492c0
gcn146:2026041:2026422 [3] NCCL INFO Connected to proxy localRank 3 -> connection 0x1506c0005468
gcn146:2026041:2026416 [3] NCCL INFO NET/IB : GPU Direct RDMA (nvidia-peermem) enabled for HCA 3 'mlx5_4
gcn146:2026041:2026416 [3] NCCL INFO NET/IB : GPU Direct RDMA (DMABUF) enabled for HCA 3 'mlx5_4
gcn146:2026041:2026416 [3] NCCL INFO proxyProgressAsync opId=0x1506cfa492c0 op.type=3 op.reqBuff=0x1506c00177d0 op.respSize=128 done
gcn146:2026041:2026422 [3] NCCL INFO ncclPollProxyResponse Received new opId=0x1506cfa492c0
gcn146:2026041:2026416 [3] NCCL INFO Received and initiated operation=Setup res=0
gcn146:2026041:2026422 [3] NCCL INFO resp.opId=0x1506cfa492c0 matches expected opId=0x1506cfa492c0
gcn146:2026041:2026422 [3] NCCL INFO Channel 07/0 : 7[3] -> 3[3] [receive] via NET/IBext_v10/3/GDRDMA
gcn146:2026041:2026422 [3] NCCL INFO GPU Direct RDMA Enabled for GPU 3 / HCA 3 (distance 5 <= 5), read 1 mode Default
gcn146:2026041:2026416 [3] NCCL INFO New proxy send connection 12 from local rank 3, transport 2
gcn146:2026041:2026416 [3] NCCL INFO proxyProgressAsync opId=0x1506cfa492c0 op.type=1 op.reqBuff=0x1506c0004ee0 op.respSize=16 done
gcn146:2026041:2026422 [3] NCCL INFO ncclPollProxyResponse Received new opId=0x1506cfa492c0
gcn146:2026041:2026416 [3] NCCL INFO Received and initiated operation=Init res=0
gcn146:2026041:2026422 [3] NCCL INFO resp.opId=0x1506cfa492c0 matches expected opId=0x1506cfa492c0
gcn146:2026041:2026422 [3] NCCL INFO Connected to proxy localRank 3 -> connection 0x1506c00054e0
gcn146:2026041:2026416 [3] NCCL INFO NET/IB : GPU Direct RDMA (nvidia-peermem) enabled for HCA 3 'mlx5_4
gcn146:2026041:2026416 [3] NCCL INFO NET/IB : GPU Direct RDMA (DMABUF) enabled for HCA 3 'mlx5_4
gcn146:2026041:2026416 [3] NCCL INFO proxyProgressAsync opId=0x1506cfa492c0 op.type=3 op.reqBuff=0x1506c00177d0 op.respSize=0 done
gcn146:2026041:2026416 [3] NCCL INFO Received and initiated operation=Setup res=0
gcn146:2026041:2026422 [3] NCCL INFO ncclPollProxyResponse Received new opId=0x1506cfa492c0
gcn146:2026041:2026422 [3] NCCL INFO resp.opId=0x1506cfa492c0 matches expected opId=0x1506cfa492c0
gcn146:2026041:2026422 [3] NCCL INFO Channel 03/0 : 3[3] -> 7[3] [send] via NET/IBext_v10/3/GDRDMA
gcn146:2026041:2026422 [3] NCCL INFO GPU Direct RDMA Enabled for GPU 3 / HCA 3 (distance 5 <= 5), read 1 mode Default
gcn146:2026041:2026416 [3] NCCL INFO New proxy send connection 13 from local rank 3, transport 2
gcn146:2026041:2026416 [3] NCCL INFO proxyProgressAsync opId=0x1506cfa492c0 op.type=1 op.reqBuff=0x1506c0004f00 op.respSize=16 done
gcn146:2026041:2026422 [3] NCCL INFO ncclPollProxyResponse Received new opId=0x1506cfa492c0
gcn146:2026041:2026416 [3] NCCL INFO Received and initiated operation=Init res=0
gcn146:2026041:2026422 [3] NCCL INFO resp.opId=0x1506cfa492c0 matches expected opId=0x1506cfa492c0
gcn146:2026041:2026422 [3] NCCL INFO Connected to proxy localRank 3 -> connection 0x1506c0005558
gcn146:2026041:2026416 [3] NCCL INFO NET/IB : GPU Direct RDMA (nvidia-peermem) enabled for HCA 3 'mlx5_4
gcn146:2026041:2026416 [3] NCCL INFO NET/IB : GPU Direct RDMA (DMABUF) enabled for HCA 3 'mlx5_4
gcn146:2026041:2026416 [3] NCCL INFO proxyProgressAsync opId=0x1506cfa492c0 op.type=3 op.reqBuff=0x1506c00177d0 op.respSize=0 done
gcn146:2026041:2026422 [3] NCCL INFO ncclPollProxyResponse Received new opId=0x1506cfa492c0
gcn146:2026041:2026422 [3] NCCL INFO resp.opId=0x1506cfa492c0 matches expected opId=0x1506cfa492c0
gcn146:2026041:2026422 [3] NCCL INFO Channel 07/0 : 3[3] -> 7[3] [send] via NET/IBext_v10/3/GDRDMA
gcn146:2026041:2026416 [3] NCCL INFO Received and initiated operation=Setup res=0
gcn146:2026041:2026422 [3] NCCL INFO Channel 01/0 :gcn148:1636097:1636494 [3] Ngcn146:2026041:2026416 [3] NCCL INFO New proxy send connection 14 from local rank 3, transport 0
gcn146:2026041:2026416 [3] NCCL INFO proxyProgressAsync opId=0x1506cfa492c0 op.type=1 op.reqBuff=0x1506c0004ee0 op.respSize=16 done
gcn146:2026041:2026422 [3] NCCL INFO ncclPollProxyRgcn148:1636097:1636494 [3] NCCL INFO ncclgcn146:2026041:2026416 [3] NCCL INFO Received and igcn148:1636097:1636485 [3] NCCgcn146:2026041:2026422 [3] NCCL INFO resp.opId=0x1506cfa492c0 matches expected opId=0x1506cfa492c0
gcn146:2026041:2026422 [3] NCCL INFO Connected to proxy localRank 3 -> connection 0x1506c00055d0
gcn146:2026041:2026416 [3] NCCL INFO Allocated shareable buffer 0x150719e00000 size 2097152 ipcDesc 0x1506c0008b60
gcn146:2026041:2026416 [3] NCCL INFO proxyProgressAsync opId=0x1506cfa492c0 op.type=3 op.reqBuff=0x1506c0004f00 op.respSize=88 done
gcn146:2026041:2026422 [3] NCCL INFO ncclPollProxyResponse Received new opId=0x1506cfa492c0
gcn146:2026041:2026422 [3] NCCL INFO resp.opId=0x1506cfa492c0 matches expected opId=0x1506cfa492c0
gcn146:2026041:2026416 [3] NCCL INFO Received and initiated operation=Setup res=0
gcn146:2026041:2026422 [3] NCCL INFO Channel 03/0 : 3[3] -> 0[0] via P2P/CUMEM
gcn146:2026041:2026416 [3] NCCL INFO New proxy send connection 15 from local rank 3, transport 0
gcn146:2026041:2026416 [3] NCCL INFO proxyProgressAsync opId=0x1506cfa492c0 op.type=1 op.reqBuff=0x1506c0004f00 op.respSize=16 done
gcn146:2026041:2026422 [3] NCCL INFO ncclPollProxyResponse Received new opId=0x1506cfa492c0
gcn146:2026041:2026416 [3] NCCL INFO Received and initiated operation=Init res=0
gcn146:2026041:2026422 [3] NCCL INFO resp.opId=0x1506cfa492c0 matches expected opId=0x1506cfa492c0
gcn146:2026041:2026422 [3] NCCL INFO Connected to proxy localRank 3 -> connection 0x1506c0005648
gcn146:2026041:2026416 [3] NCCL INFO Allocated shareable buffer 0x15071a000000 size 2097152 ipcDesc 0x1506c0008b60
gcn146:2026041:2026416 [3] NCCL INFO proxyProgressAsync opId=0x1506cfa492c0 op.type=3 op.reqBuff=0x1506c0004ee0 op.respSize=88 done
gcn146:2026041:2026416 [3] NCCL INFO Received and initiated operation=Setup res=0
gcn146:2026041:2026422 [3] NCCL INFO ncclPollProxyResponse Received new opId=0x1506cfa492c0
gcn146:2026041:2026422 [3] NCCL INFO resp.opId=0x1506cfa492c0 matches expected opId=0x1506cfa492c0
gcn146:2026041:2026422 [3] NCCL INFO Channel 05/0 : 3[3] -> 0[0] via P2P/CUMEM
gcn146:2026041:2026416 [3] NCCL INFO New proxy send connection 16 from local rank 3, transport 0
gcn146:2026041:2026416 [3] NCCL INFO proxyProgressAsync opId=0x1506cfa492c0 op.type=1 op.reqBuff=0x1506c0004ee0 op.respSize=16 done
gcn146:2026041:2026422 [3] NCCL INFO ncclPollProxyResponse Received new opId=0x1506cfa492c0
gcn146:2026041:2026416 [3] NCCL INFO Received and initiated operation=Init res=0
gcn146:2026041:2026422 [3] NCCL INFO resp.opId=0x1506cfa492c0 matches expected opId=0x1506cfa492c0
gcn146:2026041:2026422 [3] NCCL INFO Connected to proxy localRank 3 -> connection 0x1506c00056c0
gcn146:2026041:2026416 [3] NCCL INFO Allocated shareable buffer 0x15071a200000 size 2097152 ipcDesc 0x1506c0008b60
gcn146:2026041:2026416 [3] NCCL INFO proxyProgressAsync opId=0x1506cfa492c0 op.type=3 op.reqBuff=0x1506c0004f00 op.respSize=88 done
gcn146:2026041:2026422 [3] NCCL INFO ncclPollProxyResponse Received new opId=0x1506cfa492c0
gcn146:2026041:2026416 [3] NCCL INFO Received and initiated operation=Setup res=0
gcn146:2026041:2026422 [3] NCCL INFO resp.opId=0x1506cfa492c0 matches expected opId=0x1506cfa492c0
gcn146:2026041:2026422 [3] NCCL INFO Channel 07/0 : 3[3] -> 0[0] via P2P/CUMEM
gcn146:2026041:2026416 [3] NCCL INFO New proxy send connection 17 from local rank 3, transport 0
gcn146:2026041:2026416 [3] NCCL INFO proxyProgressAsync opId=0x1506cfa492c0 op.type=1 op.reqBuff=0x1506c0004f00 op.respSize=16 done
gcn146:2026041:2026422 [3] NCCL INFO ncclPollProxyResponse Received new opId=0x1506cfa492c0
gcn146:2026041:2026416 [3] NCCL INFO Received and initiated operation=Init res=0
gcn146:2026041:2026422 [3] NCCL INFO resp.opId=0x1506cfa492c0 matches expected opId=0x1506cfa492c0
gcn146:2026041:2026422 [3] NCCL INFO Connected to proxy localRank 3 -> connection 0x1506c0005738
gcn146:2026041:2026416 [3] NCCL INFO Allocated shareable buffer 0x15071a400000 size 2097152 ipcDesc 0x1506c0008b60
gcn146:2026041:2026416 [3] NCCL INFO proxyProgressAsync opId=0x1506cfa492c0 op.type=3 op.reqBuff=0x1506c0004ee0 op.respSize=88 done
gcn146:2026041:2026422 [3] NCCL INFO ncclPollProxyResponse Received new opId=0x1506cfa492c0
gcn146:2026041:2026416 [3] NCCL INFO Received and initiated operation=Setup res=0
gcn146:2026041:2026422 [3] NCCL INFO resp.opId=0x1506cfa492c0 matches expected opId=0x1506cfa492c0
gcn146:2026041:2026422 [3] NCCL INFO Channel 02/0 : 3[3] -> 1[1] via P2P/CUMEM
gcn146:2026041:2026416 [3] NCCL INFO New proxy send connection 18 from local rank 3, transport 0
gcn146:2026041:2026416 [3] NCCL INFO proxyProgressAsync opId=0x1506cfa492c0 op.type=1 op.reqBuff=0x1506c0004ee0 op.respSize=16 done
gcngcn148:1636104:1636489 [1] NCCL INFO New proxy recv connection 18 from local rank 1, transport 0
gcn148:1636104:1636489 [1] NCCL INFO proxyProgressAsync opId=0x151c3ba49490 op.type=1 op.reqBuff=0x151c18004ee0 op.respSize=16 done
gcn148:1636104:1636493 [1] NCCL INFO ncclPollProxyResponse Received new opId=0x151c3ba49490
gcn148:1636104:1636489 [1] NCCL INFO Received and initiated operation=Init res=0
gcn148:1636104:1636493 [1] NCCL INFO resp.opId=0x151c3ba49490 matches expected opId=0x151c3ba49490
gcn148:1636104:1636493 [1] NCCL INFO Connected to proxy localRank 1 -> connection 0x151c180057b0
gcn148:1636104:1636489 [1] NCCL INFO Allocated shareable buffer 0x151c6e600000 size 10485760 ipcDesc 0x151c18008b60
gcn148:1636104:1636489 [1] NCCL INFO proxyProgressAsync opId=0x151c3ba49490 op.type=3 op.reqBuff=gcn146:2026049:2026414 [1] NCCL INFgcn148:1636104:1636493 [1] NCCL INFO ncclPollProxyResponse Received new opId=0x151c3ba49490
