gcn146:2105505:2105505 [0] NCCL INFO NCCL version 2.27.3+cuda12.9
gcn146:2105505:2105821 [0] NCCL INFO UDS: Creating service thread comm 0x99f4440 rank 0
gcn146:2105505:2105861 [0] NCCL INFO New proxy send connection 0 from local rank 0, transport 0
gcn146:2105505:2105861 [0] NCCL INFO proxyProgressAsync opId=0x1518fba49490 op.type=1 op.reqBuff=0x1518e0004ee0 op.respSize=16 done
gcn146:2105505:2105866 [0] NCCL INFO ncclPollProxyResponse Received new opId=0x1518fba49490
gcn146:2105505:2105866 [0] NCCL INFO resp.opId=0x1518fba49490 matches expected opId=0x1518fba49490
gcn146:2105505:2105866 [0] NCCL INFO Connected to proxy localRank 0 -> connection 0x1518e0004f40
gcn146:2105505:2105861 [0] NCCL INFO Received and initiated operation=Init res=0
gcn146:2105505:2105861 [0] NCCL INFO proxyProgressAsync opId=0x1518fba49490 op.type=3 op.reqBuff=0x1518e0004f00 op.respSize=88 done
gcn146:2105505:2105866 [0] NCCL INFO ncclPollProxyResponse Received new opId=0x1518fba49490
gcn146:2105505:2105861 [0] NCCL INFO Received and initiated operation=Setup res=0
gcn146:2105505:2105866 [0] NCCL INFO resp.opId=0x1518fba49490 matches expected opId=0x1518fba49490
gcn146:2105505:2105861 [0] NCCL INFO New proxy send connection 1 from local rank 0, transport 0
gcn146:2105505:2105861 [0] NCCL INFO proxyProgressAsync opId=0x1518fba49490 op.type=1 op.reqBuff=0x1518e0004f00 op.respSize=16 done
gcn146:2105505:2105866 [0] NCCL INFO ncclPollProxyResponse Received new opId=0x1518fba49490
gcn146:2105505:2105861 [0] NCCL INFO Received and initiated operation=Init res=0
gcn146:2105505:2105866 [0] NCCL INFO resp.opId=0x1518fba49490 matches expected opId=0x1518fba49490
gcn146:2105505:2105866 [0] NCCL INFO Connected to proxy localRank 0 -> connection 0x1518e0004fb8
gcn146:2105505:2105861 [0] NCCL INFO proxyProgressAsync opId=0x1518fba49490 op.type=3 op.reqBuff=0x1518e0004ee0 op.respSize=88 done
gcn146:2105505:2105866 [0] NCCL INFO ncclPollProxyResponse Received new opId=0x1518fba49490
gcn146:2105505:2105861 [0] NCCL INFO Received and initiated operation=Setup res=0
gcn146:2105505:2105866 [0] NCCL INFO resp.opId=0x1518fba49490 matches expected opId=0x1518fba49490
gcn146:2105505:2105861 [0] NCCL INFO New proxy send connection 2 from local rank 0, transport 0
gcn146:2105505:2105861 [0] NCCL INFO proxyProgressAsync opId=0x1518fba49490 op.type=1 op.reqBuff=0x1518e0004ee0 op.respSize=16 done
gcn146:2105505:2105866 [0] NCCL INFO ncclPollProxyResponse Received new opId=0x1518fba49490
gcn146:2105505:2105861 [0] NCCL INFO Received and initiated operation=Init res=0
gcn146:2105505:2105866 [0] NCCL INFO resp.opId=0x1518fba49490 matches expected opId=0x1518fba49490
gcn146:2105505:2105866 [0] NCCL INFO Connected to proxy localRank 0 -> connection 0x1518e0005030
gcn146:2105505:2105861 [0] NCCL INFO proxyProgressAsync opId=0x1518fba49490 op.type=3 op.reqBuff=0x1518e0004f00 op.respSize=88 done
gcn146:2105505:2105866 [0] NCCL INFO ncclPollProxyResponse Received new opId=0x1518fba49490
gcn146:2105505:2105861 [0] NCCL INFO Received and initiated operation=Setup res=0
gcn146:2105505:2105866 [0] NCCL INFO resp.opId=0x1518fba49490 matches expected opId=0x1518fba49490
gcn146:2105505:2105861 [0] NCCL INFO New proxy send connection 3 from local rank 0, transport 0
gcn146:2105505:2105861 [0] NCCL INFO proxyProgressAsync opId=0x1518fba49490 op.type=1 op.reqBuff=0x1518e0004f00 op.respSize=16 done
gcn146:2105505:2105866 [0] NCCL INFO ncclPollProxyResponse Received new opId=0x1518fba49490
gcn146:2105505:2105861 [0] NCCL INFO Received and initiated operation=Init res=0
gcn146:2105505:2105866 [0] NCCL INFO resp.opId=0x1518fba49490 matches expected opId=0x1518fba49490
gcn146:2105505:2105866 [0] NCCL INFO Connected to proxy localRank 0 -> connection 0x1518e00050a8
gcn146:2105505:2105861 [0] NCCL INFO proxyProgressAsync opId=0x1518fba49490 op.type=3 op.reqBuff=0x1518e0004ee0 op.respSize=88 done
gcn146:2105505:2105866 [0] NCCL INFO ncclPollProxyResponse Received new opId=0x1518fba49490
gcn146:2105505:2105861 [0] NCCL INFO Received and initiated operation=Setup res=0
gcn146:2105505:2105866 [0] NCCL INFO resp.opId=0x1518fba49490 matches expected opId=0x1518fba49490
gcn146:2105505:2105861 [0] NCCL INFO New proxy send connection 4 from local rank 0, transport 0
gcn146:2105505:2105861 [0] NCCL INFO proxyProgressAsync opId=0x1518fba49490 op.type=1 op.reqBuff=0x1518e0004ee0 op.respSize=16 done
gcn146:2105505:2105866 [0] NCCL INFO ncclPollProxyResponse Received new opId=0x1518fba49490
gcn146:2105505:2105861 [0] NCCL INFO Received and initiated operation=Init res=0
gcn146:2105505:2105866 [0] NCCL INFO resp.opId=0x1518fba49490 matches expected opId=0x1518fba49490
gcn146:2105505:2105866 [0] NCCL INFO Connected to proxy localRank 0 -> connection 0x1518e0005120
gcn146:2105505:2105861 [0] NCCL INFO proxyProgressAsync opId=0x1518fba49490 op.type=3 op.reqBuff=0x1518e0004f00 op.respSize=88 done
gcn146:2105505:2105866 [0] NCCL INFO ncclPollProxyResponse Received new opId=0x1518fba49490
gcn146:2105505:2105861 [0] NCCL INFO Received and initiated operation=Setup res=0
gcn146:2105505:2105866 [0] NCCL INFO resp.opId=0x1518fba49490 matches expected opId=0x1518fba49490
gcn146:2105505:2105861 [0] NCCL INFO New proxy send connection 5 from local rank 0, transport 0
gcn146:2105505:2105861 [0] NCCL INFO proxyProgressAsync opId=0x1518fba49490 op.type=1 op.reqBuff=0x1518e0004f00 op.respSize=16 done
gcn146:2105505:2105866 [0] NCCL INFO ncclPollProxyResponse Received new opId=0x1518fba49490
gcn146:2105505:2105861 [0] NCCL INFO Received and initiated operation=Init res=0
gcn146:2105505:2105866 [0] NCCL INFO resp.opId=0x1518fba49490 matches expected opId=0x1518fba49490
gcn146:2105505:2105866 [0] NCCL INFO Connected to proxy localRank 0 -> connection 0x1518e0005198
gcn146:2105505:2105861 [0] NCCL INFO proxyProgressAsync opId=0x1518fba49490 op.type=3 op.reqBuff=0x1518e0004ee0 op.respSize=88 done
gcn146:2105505:2105866 [0] NCCL INFO ncclPollProxyResponse Received new opId=0x1518fba49490
gcn146:2105505:2105861 [0] NCCL INFO Received and initiated operation=Setup res=0
gcn146:2105505:2105866 [0] NCCL INFO resp.opId=0x1518fba49490 matches expected opId=0x1518fba49490
gcn146:2105505:2105861 [0] NCCL INFO New proxy send connection 6 from local rank 0, transport 0
gcn146:2105505:2105861 [0] NCCL INFO proxyProgressAsync opId=0x1518fba49490 op.type=1 op.reqBuff=0x1518e0004ee0 op.respSize=16 done
gcn146:2105505:2105866 [0] NCCL INFO ncclPollProxyResponse Received new opId=0x1518fba49490
gcn146:2105505:2105861 [0] NCCL INFO Received and initiated operation=Init res=0
gcn146:2105505:2105866 [0] NCCL INFO resp.opId=0x1518fba49490 matches expected opId=0x1518fba49490
gcn146:2105505:2105866 [0] NCCL INFO Connected to proxy localRank 0 -> connection 0x1518e0005210
gcn146:2105505:2105861 [0] NCCL INFO proxyProgressAsync opId=0x1518fba49490 op.type=3 op.reqBuff=0x1518e0004f00 op.respSize=88 done
gcn146:2105505:2105866 [0] NCCL INFO ncclPollProxyResponse Received new opId=0x1518fba49490
gcn146:2105505:2105861 [0] NCCL INFO Received and initiated operation=Setup res=0
gcn146:2105505:2105866 [0] NCCL INFO resp.opId=0x1518fba49490 matches expected opId=0x1518fba49490
gcn146:2105505:2105861 [0] NCCL INFO New proxy send connection 7 from local rank 0, transport 0
gcn146:2105505:2105861 [0] NCCL INFO proxyProgressAsync opId=0x1518fba49490 op.type=1 op.reqBuff=0x1518e0004f00 op.respSize=16 done
gcn146:2105505:2105866 [0] NCCL INFO ncclPollProxyResponse Received new opId=0x1518fba49490
gcn146:2105505:2105861 [0] NCCL INFO Received and initiated operation=Init res=0
gcn146:2105505:2105866 [0] NCCL INFO resp.opId=0x1518fba49490 matches expected opId=0x1518fba49490
gcn146:2105505:2105866 [0] NCCL INFO Connected to proxy localRank 0 -> connection 0x1518e0005288
gcn146:2105505:2105861 [0] NCCL INFO proxyProgressAsync opId=0x1518fba49490 op.type=3 op.reqBuff=0x1518e0004ee0 op.respSize=88 done
gcn146:2105505:2105866 [0] NCCL INFO ncclPollProxyResponse Received new opId=0x1518fba49490
gcn146:2105505:2105861 [0] NCCL INFO Received and initiated operation=Setup res=0
gcn146:2105505:2105866 [0] NCCL INFO resp.opId=0x1518fba49490 matches expected opId=0x1518fba49490
gcn146:2105505:2105861 [0] NCCL INFO New proxy send connection 8 from local rank 0, transport 0
gcn146:2105505:2105861 [0] NCCL INFO proxyProgressAsync opId=0x1518fba49490 op.type=1 op.reqBuff=0x1518e0004ee0 op.respSize=16 done
gcn146:2105505:2105866 [0] NCCL INFO ncclPollProxyResponse Received new opId=0x1518fba49490
gcn146:2105505:2105861 [0] NCCL INFO Received and initiated operation=Init res=0
gcn146:2105505:2105866 [0] NCCL INFO resp.opId=0x1518fba49490 matches expected opId=0x1518fba49490
gcn146:2105505:2105866 [0] NCCL INFO Connected to proxy localRank 0 -> connection 0x1518e0005300
gcn146:2105505:2105861 [0] NCCL INFO proxyProgressAsync opId=0x1518fba49490 op.type=3 op.reqBuff=0x1518e0004f00 op.respSize=88 done
gcn146:2105505:2105866 [0] NCCL INFO ncclPollProxyResponse Received new opId=0x1518fba49490
gcn146:2105505:2105861 [0] NCCL INFO Received and initiated operation=Setup res=0
gcn146:2105505:2105866 [0] NCCL INFO resp.opId=0x1518fba49490 matches expected opId=0x1518fba49490
gcn146:2105505:2105861 [0] NCCL INFO New proxy send connection 9 from local rank 0, transport 0
gcn146:2105505:2105861 [0] NCCL INFO proxyProgressAsync opId=0x1518fba49490 op.type=1 op.reqBuff=0x1518e0004f00 op.respSize=16 done
gcn146:2105505:2105866 [0] NCCL INFO ncclPollProxyResponse Received new opId=0x1518fba49490
gcn146:2105505:2105861 [0] NCCL INFO Received and initiated operation=Init res=0
gcn146:2105505:2105866 [0] NCCL INFO resp.opId=0x1518fba49490 matches expected opId=0x1518fba49490
gcn146:2105505:2105866 [0] NCCL INFO Connected to proxy localRank 0 -> connection 0x1518e0005378
gcn146:2105505:2105861 [0] NCCL INFO proxyProgressAsync opId=0x1518fba49490 op.type=3 op.reqBuff=0x1518e0004ee0 op.respSize=88 done
gcn146:2105505:2105866 [0] NCCL INFO ncclPollProxyResponse Received new opId=0x1518fba49490
gcn146:2105505:2105861 [0] NCCL INFO Received and initiated operation=Setup res=0
gcn146:2105505:2105866 [0] NCCL INFO resp.opId=0x1518fba49490 matches expected opId=0x1518fba49490
gcn146:2105505:2105861 [0] NCCL INFO New proxy send connection 10 from local rank 0, transport 0
gcn146:2105505:2105861 [0] NCCL INFO proxyProgressAsync opId=0x1518fba49490 op.type=1 op.reqBuff=0x1518e0004ee0 op.respSize=16 done
gcn146:2105505:2105866 [0] NCCL INFO ncclPollProxyResponse Received new opId=0x1518fba49490
gcn146:2105505:2105861 [0] NCCL INFO Received and initiated operation=Init res=0
gcn146:2105505:2105866 [0] NCCL INFO resp.opId=0x1518fba49490 matches expected opId=0x1518fba49490
gcn146:2105505:2105866 [0] NCCL INFO Connected to proxy localRank 0 -> connection 0x1518e00053f0
gcn146:2105505:2105861 [0] NCCL INFO proxyProgressAsync opId=0x1518fba49490 op.type=3 op.reqBuff=0x1518e0004f00 op.respSize=88 done
gcn146:2105505:2105866 [0] NCCL INFO ncclPollProxyResponse Received new opId=0x1518fba49490
gcn146:2105505:2105861 [0] NCCL INFO Received and initiated operation=Setup res=0
gcn146:2105505:2105866 [0] NCCL INFO resp.opId=0x1518fba49490 matches expected opId=0x1518fba49490
gcn146:2105505:2105861 [0] NCCL INFO New proxy send connection 11 from local rank 0, transport 0
gcn146:2105505:2105861 [0] NCCL INFO proxyProgressAsync opId=0x1518fba49490 op.type=1 op.reqBuff=0x1518e0004f00 op.respSize=16 done
gcn146:2105505:2105866 [0] NCCL INFO ncclPollProxyResponse Received new opId=0x1518fba49490
gcn146:2105505:2105861 [0] NCCL INFO Received and initiated operation=Init res=0
gcn146:2105505:2105866 [0] NCCL INFO resp.opId=0x1518fba49490 matches expected opId=0x1518fba49490
gcn146:2105505:2105866 [0] NCCL INFO Connected to proxy localRank 0 -> connection 0x1518e0005468
gcn146:2105505:2105861 [0] NCCL INFO proxyProgressAsync opId=0x1518fba49490 op.type=3 op.reqBuff=0x1518e0004ee0 op.respSize=88 done
gcn146:2105505:2105866 [0] NCCL INFO ncclPollProxyResponse Received new opId=0x1518fba49490
gcn146:2105505:2105861 [0] NCCL INFO Received and initiated operation=Setup res=0
gcn146:2105505:2105866 [0] NCCL INFO resp.opId=0x1518fba49490 matches expected opId=0x1518fba49490
gcn146:2105505:2105861 [0] NCCL INFO New proxy recv connection 12 from local rank 0, transport 2
gcn146:2105505:2105861 [0] NCCL INFO proxyProgressAsync opId=0x1518fba49490 op.type=1 op.reqBuff=0x1518e0004ee0 op.respSize=16 done
gcn146:2105505:2105866 [0] NCCL INFO ncclPollProxyResponse Received new opId=0x1518fba49490
gcn146:2105505:2105861 [0] NCCL INFO Received and initiated operation=Init res=0
gcn146:2105505:2105866 [0] NCCL INFO resp.opId=0x1518fba49490 matches expected opId=0x1518fba49490
gcn146:2105505:2105866 [0] NCCL INFO Connected to proxy localRank 0 -> connection 0x1518e00054e0
gcn146:2105505:2105861 [0] NCCL INFO proxyProgressAsync opId=0x1518fba49490 op.type=3 op.reqBuff=0x1518e001a610 op.respSize=128 done
gcn146:2105505:2105866 [0] NCCL INFO ncclPollProxyResponse Received new opId=0x1518fba49490
gcn146:2105505:2105861 [0] NCCL INFO Received and initiated operation=Setup res=0
gcn146:2105505:2105866 [0] NCCL INFO resp.opId=0x1518fba49490 matches expected opId=0x1518fba49490
gcn146:2105505:2105861 [0] NCCL INFO New proxy recv connection 13 from local rank 0, transport 2
gcn146:2105505:2105861 [0] NCCL INFO proxyProgressAsync opId=0x1518fba49490 op.type=1 op.reqBuff=0x1518e0004f00 op.respSize=16 done
gcn146:2105505:2105866 [0] NCCL INFO ncclPollProxyResponse Received new opId=0x1518fba49490
gcn146:2105505:2105861 [0] NCCL INFO Received and initiated operation=Init res=0
gcn146:2105505:2105866 [0] NCCL INFO resp.opId=0x1518fba49490 matches expected opId=0x1518fba49490
gcn146:2105505:2105866 [0] NCCL INFO Connected to proxy localRank 0 -> connection 0x1518e0005558
gcn146:2105505:2105861 [0] NCCL INFO proxyProgressAsync opId=0x1518fba49490 op.type=3 op.reqBuff=0x1518e001a610 op.respSize=128 done
gcn146:2105505:2105866 [0] NCCL INFO ncclPollProxyResponse Received new opId=0x1518fba49490
gcn146:2105505:2105861 [0] NCCL INFO Received and initiated operation=Setup res=0
gcn146:2105505:2105866 [0] NCCL INFO resp.opId=0x1518fba49490 matches expected opId=0x1518fba49490
gcn146:2105505:2105861 [0] NCCL INFO New proxy send connection 14 from local rank 0, transport 2
gcn146:2105505:2105861 [0] NCCL INFO proxyProgressAsync opId=0x1518fba49490 op.type=1 op.reqBuff=0x1518e0004ee0 op.respSize=16 done
gcn146:2105505:2105866 [0] NCCL INFO ncclPollProxyResponse Received new opId=0x1518fba49490
gcn146:2105505:2105861 [0] NCCL INFO Received and initiated operation=Init res=0
gcn146:2105505:2105866 [0] NCCL INFO resp.opId=0x1518fba49490 matches expected opId=0x1518fba49490
gcn146:2105505:2105866 [0] NCCL INFO Connected to proxy localRank 0 -> connection 0x1518e00055d0
gcn146:2105505:2105861 [0] NCCL INFO proxyProgressAsync opId=0x1518fba49490 op.type=3 op.reqBuff=0x1518e001a610 op.respSize=0 done
gcn146:2105505:2105866 [0] NCCL INFO ncclPollProxyResponse Received new opId=0x1518fba49490
gcn146:2105505:2105866 [0] NCCL INFO resp.opId=0x1518fba49490 matches expected opId=0x1518fba49490
gcn146:2105505:2105861 [0] NCCL INFO Received and initiated operation=Setup res=0
gcn146:2105505:2105861 [0] NCCL INFO New proxy send connection 15 from local rank 0, transport 2
gcn146:2105505:2105861 [0] NCCL INFO proxyProgressAsync opId=0x1518fba49490 op.type=1 op.reqBuff=0x1518e0004f00 op.respSize=16 done
gcn146:2105505:2105866 [0] NCCL INFO ncclPollProxyResponse Received new opId=0x1518fba49490
gcn146:2105505:2105861 [0] NCCL INFO Received and initiated operation=Init res=0
gcn146:2105505:2105866 [0] NCCL INFO resp.opId=0x1518fba49490 matches expected opId=0x1518fba49490
gcn146:2105505:2105866 [0] NCCL INFO Connected to proxy localRank 0 -> connection 0x1518e0005648
gcn146:2105505:2105861 [0] NCCL INFO proxyProgressAsync opId=0x1518fba49490 op.type=3 op.reqBuff=0x1518e001a610 op.respSize=0 done
gcn146:2105505:2105866 [0] NCCL INFO ncclPollProxyResponse Received new opId=0x1518fba49490
gcn146:2105505:2105866 [0] NCCL INFO resp.opId=0x1518fba49490 matches expected opId=0x1518fba49490
gcn146:2105505:2105861 [0] NCCL INFO Received and initiated operation=Setup res=0
gcn146:2105505:2105861 [0] NCCL INFO New proxy recv connection 16 from local rank 0, transport 0
gcn146:2105505:2105861 [0] NCCL INFO proxyProgressAsync opId=0x1518fba49490 op.type=1 op.reqBuff=0x1518e0004ee0 op.respSize=16 done
gcn146:2105505:2105866 [0] NCCL INFO ncclPollProxyResponse Received new opId=0x1518fba49490
gcn146:2105505:2105861 [0] NCCL INFO Received and initiated operation=Init res=0
gcn146:2105505:2105866 [0] NCCL INFO resp.opId=0x1518fba49490 matches expected opId=0x1518fba49490
gcn146:2105505:2105866 [0] NCCL INFO Connected to proxy localRank 0 -> connection 0x1518e00056c0
gcn146:2105505:2105861 [0] NCCL INFO proxyProgressAsync opId=0x1518fba49490 op.type=3 op.reqBuff=0x1518e0004f00 op.respSize=88 done
gcn146:2105505:2105866 [0] NCCL INFO ncclPollProxyResponse Received new opId=0x1518fba49490
gcn146:2105505:2105861 [0] NCCL INFO Received and initiated operation=Setup res=0
gcn146:2105505:2105866 [0] NCCL INFO resp.opId=0x1518fba49490 matches expected opId=0x1518fba49490
gcn146:2105505:2105861 [0] NCCL INFO New proxy recv connection 17 from local rank 0, transport 0
gcn146:2105505:2105861 [0] NCCL INFO proxyProgressAsync opId=0x1518fba49490 op.type=1 op.reqBuff=0x1518e0004f00 op.respSize=16 done
gcn146:2105505:2105866 [0] NCCL INFO ncclPollProxyResponse Received new opId=0x1518fba49490
gcn146:2105505:2105861 [0] NCCL INFO Received and initiated operation=Init res=0
gcn146:2105505:2105866 [0] NCCL INFO resp.opId=0x1518fba49490 matches expected opId=0x1518fba49490
gcn146:2105505:2105866 [0] NCCL INFO Connected to proxy localRank 0 -> connection 0x1518e0005738
gcn146:2105505:2105861 [0] NCCL INFO proxyProgressAsync opId=0x1518fba49490 op.type=3 op.reqBuff=0x1518e0004ee0 op.respSize=88 done
gcn146:2105505:2105866 [0] NCCL INFO ncclPollProxyResponse Received new opId=0x1518fba49490
gcn146:2105505:2105861 [0] NCCL INFO Received and initiated operation=Setup res=0
gcn146:2105505:2105866 [0] NCCL INFO resp.opId=0x1518fba49490 matches expected opId=0x1518fba49490
gcn146:2105505:2105861 [0] NCCL INFO New proxy recv connection 18 from local rank 0, transport 0
gcn146:2105505:2105861 [0] NCCL INFO proxyProgressAsync opId=0x1518fba49490 op.type=1 op.reqBuff=0x1518e0004ee0 op.respSize=16 done
gcn146:2105505:2105866 [0] NCCL INFO ncclPollProxyResponse Received new opId=0x1518fba49490
gcn146:2105505:2105861 [0] NCCL INFO Received and initiated operation=Init res=0
gcn146:2105505:2105866 [0] NCCL INFO resp.opId=0x1518fba49490 matches expected opId=0x1518fba49490
gcn146:2105505:2105866 [0] NCCL INFO Connected to proxy localRank 0 -> connection 0x1518e00057b0
gcn146:2105505:2105861 [0] NCCL INFO proxyProgressAsync opId=0x1518fba49490 op.type=3 op.reqBuff=0x1518e0004f00 op.respSize=88 done
gcn146:2105505:2105866 [0] NCCL INFO ncclPollProxyResponse Received new opId=0x1518fba49490
gcn146:2105505:2105861 [0] NCCL INFO Received and initiated operation=Setup res=0
gcn146:2105505:2105866 [0] NCCL INFO resp.opId=0x1518fba49490 matches expected opId=0x1518fba49490
gcn146:2105505:2105861 [0] NCCL INFO New proxy recv connection 19 from local rank 0, transport 0
gcn146:2105505:2105861 [0] NCCL INFO proxyProgressAsync opId=0x1518fba49490 op.type=1 op.reqBuff=0x1518e0004f00 op.respSize=16 done
gcn146:2105505:2105866 [0] NCCL INFO ncclPollProxyResponse Received new opId=0x1518fba49490
gcn146:2105505:2105861 [0] NCCL INFO Received and initiated operation=Init res=0
gcn146:2105505:2105866 [0] NCCL INFO resp.opId=0x1518fba49490 matches expected opId=0x1518fba49490
gcn146:2105505:2105866 [0] NCCL INFO Connected to proxy localRank 0 -> connection 0x1518e0005828
gcn146:2105505:2105861 [0] NCCL INFO proxyProgressAsync opId=0x1518fba49490 op.type=3 op.reqBuff=0x1518e0004ee0 op.respSize=88 done
gcn146:2105505:2105866 [0] NCCL INFO ncclPollProxyResponse Received new opId=0x1518fba49490
gcn146:2105505:2105861 [0] NCCL INFO Received and initiated operation=Setup res=0
gcn146:2105505:2105866 [0] NCCL INFO resp.opId=0x1518fba49490 matches expected opId=0x1518fba49490
gcn146:2105505:2105861 [0] NCCL INFO New proxy recv connection 20 from local rank 0, transport 0
gcn146:2105505:2105861 [0] NCCL INFO proxyProgressAsync opId=0x1518fba49490 op.type=1 op.reqBuff=0x1518e0004ee0 op.respSize=16 done
gcn146:2105505:2105866 [0] NCCL INFO ncclPollProxyResponse Received new opId=0x1518fba49490
gcn146:2105505:2105861 [0] NCCL INFO Received and initiated operation=Init res=0
gcn146:2105505:2105866 [0] NCCL INFO resp.opId=0x1518fba49490 matches expected opId=0x1518fba49490
gcn146:2105505:2105866 [0] NCCL INFO Connected to proxy localRank 0 -> connection 0x1518e00058a0
gcn146:2105505:2105861 [0] NCCL INFO proxyProgressAsync opId=0x1518fba49490 op.type=3 op.reqBuff=0x1518e0004f00 op.respSize=88 done
gcn146:2105505:2105866 [0] NCCL INFO ncclPollProxyResponse Received new opId=0x1518fba49490
gcn146:2105505:2105861 [0] NCCL INFO Received and initiated operation=Setup res=0
gcn146:2105505:2105866 [0] NCCL INFO resp.opId=0x1518fba49490 matches expected opId=0x1518fba49490
gcn146:2105505:2105861 [0] NCCL INFO New proxy recv connection 21 from local rank 0, transport 0
gcn146:2105505:2105861 [0] NCCL INFO proxyProgressAsync opId=0x1518fba49490 op.type=1 op.reqBuff=0x1518e0004f00 op.respSize=16 done
gcn146:2105505:2105866 [0] NCCL INFO ncclPollProxyResponse Received new opId=0x1518fba49490
gcn146:2105505:2105861 [0] NCCL INFO Received and initiated operation=Init res=0
gcn146:2105505:2105866 [0] NCCL INFO resp.opId=0x1518fba49490 matches expected opId=0x1518fba49490
gcn146:2105505:2105866 [0] NCCL INFO Connected to proxy localRank 0 -> connection 0x1518e0005918
gcn146:2105505:2105861 [0] NCCL INFO proxyProgressAsync opId=0x1518fba49490 op.type=3 op.reqBuff=0x1518e0004ee0 op.respSize=88 done
gcn146:2105505:2105866 [0] NCCL INFO ncclPollProxyResponse Received new opId=0x1518fba49490
gcn146:2105505:2105866 [0] NCCL INFO resp.opId=0x1518fba49490 matches expected opId=0x1518fba49490
gcn146:2105505:2105861 [0] NCCL INFO Received and initiated operation=Setup res=0
gcn146:2105505:2105861 [0] NCCL INFO New proxy recv connection 22 from local rank 0, transport 0
gcn146:2105505:2105861 [0] NCCL INFO proxyProgressAsync opId=0x1518fba49490 op.type=1 op.reqBuff=0x1518e0004ee0 op.respSize=16 done
gcn146:2105505:2105866 [0] NCCL INFO ncclPollProxyResponse Received new opId=0x1518fba49490
gcn146:2105505:2105861 [0] NCCL INFO Received and initiated operation=Init res=0
gcn146:2105505:2105866 [0] NCCL INFO resp.opId=0x1518fba49490 matches expected opId=0x1518fba49490
gcn146:2105505:2105866 [0] NCCL INFO Connected to proxy localRank 0 -> connection 0x1518e0005990
gcn146:2105505:2105861 [0] NCCL INFO proxyProgressAsync opId=0x1518fba49490 op.type=3 op.reqBuff=0x1518e0004f00 op.respSize=88 done
gcn146:2105505:2105866 [0] NCCL INFO ncclPollProxyResponse Received new opId=0x1518fba49490
gcn146:2105505:2105861 [0] NCCL INFO Received and initiated operation=Setup res=0
gcn146:2105505:2105866 [0] NCCL INFO resp.opId=0x1518fba49490 matches expected opId=0x1518fba49490
gcn146:2105505:2105861 [0] NCCL INFO New proxy recv connection 23 from local rank 0, transport 0
gcn146:2105505:2105861 [0] NCCL INFO proxyProgressAsync opId=0x1518fba49490 op.type=1 op.reqBuff=0x1518e0004f00 op.respSize=16 done
gcn146:2105505:2105866 [0] NCCL INFO ncclPollProxyResponse Received new opId=0x1518fba49490
gcn146:2105505:2105861 [0] NCCL INFO Received and initiated operation=Init res=0
gcn146:2105505:2105866 [0] NCCL INFO resp.opId=0x1518fba49490 matches expected opId=0x1518fba49490
gcn146:2105505:2105866 [0] NCCL INFO Connected to proxy localRank 0 -> connection 0x1518e0005a08
gcn146:2105505:2105861 [0] NCCL INFO proxyProgressAsync opId=0x1518fba49490 op.type=3 op.reqBuff=0x1518e0004ee0 op.respSize=88 done
gcn146:2105505:2105866 [0] NCCL INFO ncclPollProxyResponse Received new opId=0x1518fba49490
gcn146:2105505:2105861 [0] NCCL INFO Received and initiated operation=Setup res=0
gcn146:2105505:2105866 [0] NCCL INFO resp.opId=0x1518fba49490 matches expected opId=0x1518fba49490
gcn146:2105505:2105861 [0] NCCL INFO New proxy recv connection 24 from local rank 0, transport 0
gcn146:2105505:2105861 [0] NCCL INFO proxyProgressAsync opId=0x1518fba49490 op.type=1 op.reqBuff=0x1518e0004ee0 op.respSize=16 done
gcn146:2105505:2105866 [0] NCCL INFO ncclPollProxyResponse Received new opId=0x1518fba49490
gcn146:2105505:2105861 [0] NCCL INFO Received and initiated operation=Init res=0
gcn146:2105505:2105866 [0] NCCL INFO resp.opId=0x1518fba49490 matches expected opId=0x1518fba49490
gcn146:2105505:2105866 [0] NCCL INFO Connected to proxy localRank 0 -> connection 0x1518e0005a80
gcn146:2105505:2105861 [0] NCCL INFO proxyProgressAsync opId=0x1518fba49490 op.type=3 op.reqBuff=0x1518e0004f00 op.respSize=88 done
gcn146:2105505:2105866 [0] NCCL INFO ncclPollProxyResponse Received new opId=0x1518fba49490
gcn146:2105505:2105866 [0] NCCL INFO resp.opId=0x1518fba49490 matches expected opId=0x1518fba49490
gcn146:2105505:2105861 [0] NCCL INFO Received and initiated operation=Setup res=0
gcn146:2105505:2105861 [0] NCCL INFO New proxy recv connection 25 from local rank 0, transport 0
gcn146:2105505:2105861 [0] NCCL INFO proxyProgressAsync opId=0x1518fba49490 op.type=1 op.reqBuff=0x1518e0004f00 op.respSize=16 done
gcn146:2105505:2105866 [0] NCCL INFO ncclPollProxyResponse Received new opId=0x1518fba49490
gcn146:2105505:2105861 [0] NCCL INFO Received and initiated operation=Init res=0
gcn146:2105505:2105866 [0] NCCL INFO resp.opId=0x1518fba49490 matches expected opId=0x1518fba49490
gcn146:2105505:2105866 [0] NCCL INFO Connected to proxy localRank 0 -> connection 0x1518e0005af8
gcn146:2105505:2105861 [0] NCCL INFO proxyProgressAsync opId=0x1518fba49490 op.type=3 op.reqBuff=0x1518e0004ee0 op.respSize=88 done
gcn146:2105505:2105866 [0] NCCL INFO ncclPollProxyResponse Received new opId=0x1518fba49490
gcn146:2105505:2105861 [0] NCCL INFO Received and initiated operation=Setup res=0
gcn146:2105505:2105866 [0] NCCL INFO resp.opId=0x1518fba49490 matches expected opId=0x1518fba49490
gcn146:2105505:2105861 [0] NCCL INFO New proxy recv connection 26 from local rank 0, transport 0
gcn146:2105505:2105861 [0] NCCL INFO proxyProgressAsync opId=0x1518fba49490 op.type=1 op.reqBuff=0x1518e0004ee0 op.respSize=16 done
gcn146:2105505:2105866 [0] NCCL INFO ncclPollProxyResponse Received new opId=0x1518fba49490
gcn146:2105505:2105861 [0] NCCL INFO Received and initiated operation=Init res=0
gcn146:2105505:2105866 [0] NCCL INFO resp.opId=0x1518fba49490 matches expected opId=0x1518fba49490
gcn146:2105505:2105866 [0] NCCL INFO Connected to proxy localRank 0 -> connection 0x1518e0005b70
gcn146:2105505:2105861 [0] NCCL INFO proxyProgressAsync opId=0x1518fba49490 op.type=3 op.reqBuff=0x1518e0004f00 op.respSize=88 done
gcn146:2105505:2105866 [0] NCCL INFO ncclPollProxyResponse Received new opId=0x1518fba49490
gcn146:2105505:2105861 [0] NCCL INFO Received and initiated operation=Setup res=0
gcn146:2105505:2105866 [0] NCCL INFO resp.opId=0x1518fba49490 matches expected opId=0x1518fba49490
gcn146:2105505:2105861 [0] NCCL INFO New proxy recv connection 27 from local rank 0, transport 0
gcn146:2105505:2105861 [0] NCCL INFO proxyProgressAsync opId=0x1518fba49490 op.type=1 op.reqBuff=0x1518e0004f00 op.respSize=16 done
gcn146:2105505:2105866 [0] NCCL INFO ncclPollProxyResponse Received new opId=0x1518fba49490
gcn146:2105505:2105861 [0] NCCL INFO Received and initiated operation=Init res=0
gcn146:2105505:2105866 [0] NCCL INFO resp.opId=0x1518fba49490 matches expected opId=0x1518fba49490
gcn146:2105505:2105866 [0] NCCL INFO Connected to proxy localRank 0 -> connection 0x1518e0005be8
gcn146:2105505:2105861 [0] NCCL INFO proxyProgressAsync opId=0x1518fba49490 op.type=3 op.reqBuff=0x1518e0004ee0 op.respSize=88 done
gcn146:2105505:2105866 [0] NCCL INFO ncclPollProxyResponse Received new opId=0x1518fba49490
gcn146:2105505:2105861 [0] NCCL INFO Received and initiated operation=Setup res=0
gcn146:2105505:2105866 [0] NCCL INFO resp.opId=0x1518fba49490 matches expected opId=0x1518fba49490
gcn146:2105505:2105866 [0] NCCL INFO ncclPollProxyResponse Received new opId=0x1518fba49490
gcn146:2105505:2105866 [0] NCCL INFO resp.opId=0x1518fba49490 matches expected opId=0x1518fba49490
gcn146:2105505:2105866 [0] NCCL INFO Connected to proxy localRank 1 -> connection 0x14926c005c60
gcn146:2105505:2105866 [0] NCCL INFO ProxyCall UDS comm 0x99f4440 rank 0 tpRank 1(c4bef71afc1a08bf) reqSize 8 respSize 0 respFd 0x15194cbdbb18 opId 0xf6d1e968f3f171a4
gcn146:2105505:2105866 [0] NCCL INFO ProxyCall UDS comm 0x99f4440 rank 0 tpRank 1(c4bef71afc1a08bf) reqSize 8 respSize 0 respFd 116 opId 0xf6d1e968f3f171a4 - DONE
gcn146:2105505:2105866 [0] NCCL INFO UDS: ClientGetFd handle 0x14926c008bb0 tpRank 1 returned fd 116 sameProcess 0
gcn146:2105505:2105866 [0] NCCL INFO ProxyCall UDS comm 0x99f4440 rank 0 tpRank 1(c4bef71afc1a08bf) reqSize 8 respSize 0 respFd 0x15194cbdbb18 opId 0x5efff79390b3d4d2
gcn146:2105505:2105866 [0] NCCL INFO ProxyCall UDS comm 0x99f4440 rank 0 tpRank 1(c4bef71afc1a08bf) reqSize 8 respSize 0 respFd 116 opId 0x5efff79390b3d4d2 - DONE
gcn146:2105505:2105866 [0] NCCL INFO UDS: ClientGetFd handle 0x14926c00a4b0 tpRank 1 returned fd 116 sameProcess 0
gcn146:2105505:2105866 [0] NCCL INFO ProxyCall UDS comm 0x99f4440 rank 0 tpRank 1(c4bef71afc1a08bf) reqSize 8 respSize 0 respFd 0x15194cbdbb18 opId 0x6c5e3b48e8d89b03
gcn146:2105505:2105861 [0] NCCL INFO New proxy send connection 28 from local rank 1, transport 0
gcn146:2105505:2105861 [0] NCCL INFO proxyProgressAsync opId=0x149273a49490 op.type=1 op.reqBuff=0x1518e0004ee0 op.respSize=16 done
gcn146:2105505:2105861 [0] NCCL INFO Received and initiated operation=Init res=0
gcn146:2105505:2105862 [0] NCCL INFO proxyUDSRecvReq::ncclProxyMsgGetFd rank 1 opId 0x40daf6c3044ae2ce handle=0x1518e0008bb0
gcn146:2105505:2105862 [0] NCCL INFO UDS proxyGetFd received handle 0x1518e0008bb0 peer 1 opId 40daf6c3044ae2ce
gcn146:2105505:2105866 [0] NCCL INFO ProxyCall UDS comm 0x99f4440 rank 0 tpRank 1(c4bef71afc1a08bf) reqSize 8 respSize 0 respFd 118 opId 0x6c5e3b48e8d89b03 - DONE
gcn146:2105505:2105866 [0] NCCL INFO UDS: ClientGetFd handle 0x14926c00bbd0 tpRank 1 returned fd 118 sameProcess 0
gcn146:2105505:2105866 [0] NCCL INFO ProxyCall UDS comm 0x99f4440 rank 0 tpRank 1(c4bef71afc1a08bf) reqSize 8 respSize 0 respFd 0x15194cbdbb18 opId 0x2d9b7a70fac7d493
gcn146:2105505:2105866 [0] NCCL INFO ProxyCall UDS comm 0x99f4440 rank 0 tpRank 1(c4bef71afc1a08bf) reqSize 8 respSize 0 respFd 117 opId 0x2d9b7a70fac7d493 - DONE
gcn146:2105505:2105866 [0] NCCL INFO UDS: ClientGetFd handle 0x14926c00d2f0 tpRank 1 returned fd 117 sameProcess 0
gcn146:2105505:2105862 [0] NCCL INFO proxyUDSRecvReq::ncclProxyMsgGetFd rank 1 opId 0x5d5f615d3a6ecff8 handle=0x1518e000a4b0
gcn146:2105505:2105862 [0] NCCL INFO UDS proxyGetFd received handle 0x1518e000a4b0 peer 1 opId 5d5f615d3a6ecff8
gcn146:2105505:2105866 [0] NCCL INFO ncclPollProxyResponse Received new opId=0x1518f7f03fd0
gcn146:2105505:2105866 [0] NCCL INFO resp.opId=0x1518f7f03fd0 matches expected opId=0x1518f7f03fd0
gcn146:2105505:2105866 [0] NCCL INFO Connected to proxy localRank 2 -> connection 0x14f6b8005f30
gcn146:2105505:2105866 [0] NCCL INFO ProxyCall UDS comm 0x99f4440 rank 0 tpRank 2(47e3b4053b582785) reqSize 8 respSize 0 respFd 0x15194cbdbb18 opId 0xb2f73a1e90a53028
gcn146:2105505:2105866 [0] NCCL INFO ProxyCall UDS comm 0x99f4440 rank 0 tpRank 2(47e3b4053b582785) reqSize 8 respSize 0 respFd 119 opId 0xb2f73a1e90a53028 - DONE
gcn146:2105505:2105866 [0] NCCL INFO UDS: ClientGetFd handle 0x14f6b80174d0 tpRank 2 returned fd 119 sameProcess 0
gcn146:2105505:2105866 [0] NCCL INFO ProxyCall UDS comm 0x99f4440 rank 0 tpRank 2(47e3b4053b582785) reqSize 8 respSize 0 respFd 0x15194cbdbb18 opId 0xfd0b3081db13ce5a
gcn146:2105505:2105866 [0] NCCL INFO ProxyCall UDS comm 0x99f4440 rank 0 tpRank 2(47e3b4053b582785) reqSize 8 respSize 0 respFd 118 opId 0xfd0b3081db13ce5a - DONE
gcn146:2105505:2105866 [0] NCCL INFO UDS: ClientGetFd handle 0x14f6b8018bf0 tpRank 2 returned fd 118 sameProcess 0
gcn146:2105505:2105866 [0] NCCL INFO ProxyCall UDS comm 0x99f4440 rank 0 tpRank 2(47e3b4053b582785) reqSize 8 respSize 0 respFd 0x15194cbdbb18 opId 0xaf4a47051e552e6a
gcn146:2105505:2105861 [0] NCCL INFO New proxy send connection 29 from local rank 3, transport 0
gcn146:2105505:2105861 [0] NCCL INFO proxyProgressAsync opId=0x15184bedb370 op.type=1 op.reqBuff=0x1518e0004f00 op.respSize=16 done
gcn146:2105505:2105861 [0] NCCL INFO Received and initiated operation=Init res=0
gcn146:2105505:2105866 [0] NCCL INFO ProxyCall UDS comm 0x99f4440 rank 0 tpRank 2(47e3b4053b582785) reqSize 8 respSize 0 respFd 119 opId 0xaf4a47051e552e6a - DONE
gcn146:2105505:2105866 [0] NCCL INFO UDS: ClientGetFd handle 0x14f6b801a310 tpRank 2 returned fd 119 sameProcess 0
gcn146:2105505:2105862 [0] NCCL INFO proxyUDSRecvReq::ncclProxyMsgGetFd rank 3 opId 0x116763564e0c3723 handle=0x1518e0014690
gcn146:2105505:2105862 [0] NCCL INFO UDS proxyGetFd received handle 0x1518e0014690 peer 3 opId 116763564e0c3723
gcn146:2105505:2105866 [0] NCCL INFO ProxyCall UDS comm 0x99f4440 rank 0 tpRank 2(47e3b4053b582785) reqSize 8 respSize 0 respFd 0x15194cbdbb18 opId 0x86a59cddb361dce9
gcn146:2105505:2105866 [0] NCCL INFO ProxyCall UDS comm 0x99f4440 rank 0 tpRank 2(47e3b4053b582785) reqSize 8 respSize 0 respFd 117 opId 0x86a59cddb361dce9 - DONE
gcn146:2105505:2105866 [0] NCCL INFO UDS: ClientGetFd handle 0x14f6b801ba30 tpRank 2 returned fd 117 sameProcess 0
gcn146:2105505:2105862 [0] NCCL INFO proxyUDSRecvReq::ncclProxyMsgGetFd rank 3 opId 0x646a00e4423c4d02 handle=0x1518e0015db0
gcn146:2105505:2105862 [0] NCCL INFO UDS proxyGetFd received handle 0x1518e0015db0 peer 3 opId 646a00e4423c4d02
gcn146:2105505:2105862 [0] NCCL INFO proxyUDSRecvReq::ncclProxyMsgGetFd rank 1 opId 0xdad647fe1a0a8f5a handle=0x1518e000bbd0
gcn146:2105505:2105862 [0] NCCL INFO UDS proxyGetFd received handle 0x1518e000bbd0 peer 1 opId dad647fe1a0a8f5a
gcn146:2105505:2105866 [0] NCCL INFO ncclPollProxyResponse Received new opId=0x1518f7f03fd0
gcn146:2105505:2105866 [0] NCCL INFO resp.opId=0x1518f7f03fd0 matches expected opId=0x1518f7f03fd0
gcn146:2105505:2105866 [0] NCCL INFO Connected to proxy localRank 3 -> connection 0x15183c005af8
gcn146:2105505:2105866 [0] NCCL INFO ProxyCall UDS comm 0x99f4440 rank 0 tpRank 3(445cc4b93e41420c) reqSize 8 respSize 0 respFd 0x15194cbdbb18 opId 0x14a320d47fa7ca87
gcn146:2105505:2105862 [0] NCCL INFO proxyUDSRecvReq::ncclProxyMsgGetFd rank 3 opId 0x12c285fe9e159261 handle=0x1518e00174d0
gcn146:2105505:2105862 [0] NCCL INFO UDS proxyGetFd received handle 0x1518e00174d0 peer 3 opId 12c285fe9e159261
gcn146:2105505:2105866 [0] NCCL INFO ProxyCall UDS comm 0x99f4440 rank 0 tpRank 3(445cc4b93e41420c) reqSize 8 respSize 0 respFd 120 opId 0x14a320d47fa7ca87 - DONE
gcn146:2105505:2105866 [0] NCCL INFO UDS: ClientGetFd handle 0x15183c011850 tpRank 3 returned fd 120 sameProcess 0
gcn146:2105505:2105866 [0] NCCL INFO ProxyCall UDS comm 0x99f4440 rank 0 tpRank 3(445cc4b93e41420c) reqSize 8 respSize 0 respFd 0x15194cbdbb18 opId 0x6eb8a1c638af8233
gcn146:2105505:2105862 [0] NCCL INFO proxyUDSRecvReq::ncclProxyMsgGetFd rank 3 opId 0x3ce23b909254f5a1 handle=0x1518e0018bf0
gcn146:2105505:2105862 [0] NCCL INFO UDS proxyGetFd received handle 0x1518e0018bf0 peer 3 opId 3ce23b909254f5a1
gcn146:2105505:2105866 [0] NCCL INFO ProxyCall UDS comm 0x99f4440 rank 0 tpRank 3(445cc4b93e41420c) reqSize 8 respSize 0 respFd 120 opId 0x6eb8a1c638af8233 - DONE
gcn146:2105505:2105866 [0] NCCL INFO UDS: ClientGetFd handle 0x15183c012f70 tpRank 3 returned fd 120 sameProcess 0
gcn146:2105505:2105861 [0] NCCL INFO New proxy send connection 30 from local rank 2, transport 0
gcn146:2105505:2105861 [0] NCCL INFO proxyProgressAsync opId=0x14f6dff03fd0 op.type=1 op.reqBuff=0x1518e0004ee0 op.respSize=16 done
gcn146:2105505:2105861 [0] NCCL INFO Received and initiated operation=Init res=0
gcn146:2105505:2105862 [0] NCCL INFO proxyUDSRecvReq::ncclProxyMsgGetFd rank 1 opId 0x1cb9783fc319cf48 handle=0x1518e000d2f0
gcn146:2105505:2105862 [0] NCCL INFO UDS proxyGetFd received handle 0x1518e000d2f0 peer 1 opId 1cb9783fc319cf48
gcn146:2105505:2105866 [0] NCCL INFO ProxyCall UDS comm 0x99f4440 rank 0 tpRank 3(445cc4b93e41420c) reqSize 8 respSize 0 respFd 0x15194cbdbb18 opId 0x10d08062e7cabdbe
gcn146:2105505:2105862 [0] NCCL INFO proxyUDSRecvReq::ncclProxyMsgGetFd rank 2 opId 0xaa112c09fe487386 handle=0x1518e000ea10
gcn146:2105505:2105862 [0] NCCL INFO UDS proxyGetFd received handle 0x1518e000ea10 peer 2 opId aa112c09fe487386
gcn146:2105505:2105862 [0] NCCL INFO proxyUDSRecvReq::ncclProxyMsgGetFd rank 3 opId 0x240fb00d2e92d419 handle=0x1518e001c1d0
gcn146:2105505:2105862 [0] NCCL INFO UDS proxyGetFd received handle 0x1518e001c1d0 peer 3 opId 240fb00d2e92d419
gcn146:2105505:2105866 [0] NCCL INFO ProxyCall UDS comm 0x99f4440 rank 0 tpRank 3(445cc4b93e41420c) reqSize 8 respSize 0 respFd 119 opId 0x10d08062e7cabdbe - DONE
gcn146:2105505:2105866 [0] NCCL INFO UDS: ClientGetFd handle 0x15183c014690 tpRank 3 returned fd 119 sameProcess 0
gcn146:2105505:2105862 [0] NCCL INFO proxyUDSRecvReq::ncclProxyMsgGetFd rank 3 opId 0x66b05177fe9a5afa handle=0x1518e001d8f0
gcn146:2105505:2105862 [0] NCCL INFO UDS proxyGetFd received handle 0x1518e001d8f0 peer 3 opId 66b05177fe9a5afa
gcn146:2105505:2105866 [0] NCCL INFO ProxyCall UDS comm 0x99f4440 rank 0 tpRank 3(445cc4b93e41420c) reqSize 8 respSize 0 respFd 0x15194cbdbb18 opId 0x99c0dc14b8c1a226
gcn146:2105505:2105866 [0] NCCL INFO ProxyCall UDS comm 0x99f4440 rank 0 tpRank 3(445cc4b93e41420c) reqSize 8 respSize 0 respFd 122 opId 0x99c0dc14b8c1a226 - DONE
gcn146:2105505:2105866 [0] NCCL INFO UDS: ClientGetFd handle 0x15183c015db0 tpRank 3 returned fd 122 sameProcess 0
gcn146:2105505:2105862 [0] NCCL INFO proxyUDSRecvReq::ncclProxyMsgGetFd rank 2 opId 0xd6914d96c4327348 handle=0x1518e0010130
gcn146:2105505:2105862 [0] NCCL INFO UDS proxyGetFd received handle 0x1518e0010130 peer 2 opId d6914d96c4327348
gcn146:2105505:2105862 [0] NCCL INFO proxyUDSRecvReq::ncclProxyMsgGetFd rank 3 opId 0x760016fcf80a0f16 handle=0x1518e001f010
gcn146:2105505:2105862 [0] NCCL INFO UDS proxyGetFd received handle 0x1518e001f010 peer 3 opId 760016fcf80a0f16
gcn146:2105505:2105866 [0] NCCL INFO sendConnect ncclProxyCallAsync opId=0x1518fba4ba70
gcn146:2105505:2105866 [0] NCCL INFO recvConnect ncclProxyCallAsync opId=0x1518fba4bc20 &recv->proxyConn=0x1518fba4bc28 connectInfo=0x1518fbf347f0
gcn146:2105505:2105866 [0] NCCL INFO sendConnect ncclProxyCallAsync opId=0x1518fbf01650
gcn146:2105505:2105866 [0] NCCL INFO recvConnect ncclProxyCallAsync opId=0x1518fbf01800 &recv->proxyConn=0x1518fbf01808 connectInfo=0x1518fbf348f0
gcn146:2105505:2105866 [0] NCCL INFO ProxyCall UDS comm 0x99f4440 rank 0 tpRank 3(445cc4b93e41420c) reqSize 8 respSize 0 respFd 0x15194cbdbb08 opId 0xf36069303ef029bb
gcn146:2105505:2105861 [0] NCCL INFO Received and initiated operation=Connect res=0
gcn146:2105505:2105861 [0] NCCL INFO Received and initiated operation=Connect res=0
gcn146:2105505:2105861 [0] NCCL INFO Received and initiated operation=Connect res=0
gcn146:2105505:2105862 [0] NCCL INFO proxyUDSRecvReq::ncclProxyMsgGetFd rank 3 opId 0x3eafbfa49b0eb5ed handle=0x1518e0020730
gcn146:2105505:2105862 [0] NCCL INFO UDS proxyGetFd received handle 0x1518e0020730 peer 3 opId 3eafbfa49b0eb5ed
gcn146:2105505:2105866 [0] NCCL INFO ProxyCall UDS comm 0x99f4440 rank 0 tpRank 3(445cc4b93e41420c) reqSize 8 respSize 0 respFd 125 opId 0xf36069303ef029bb - DONE
gcn146:2105505:2105866 [0] NCCL INFO UDS: ClientGetFd handle 0x15183c019390 tpRank 3 returned fd 125 sameProcess 0
gcn146:2105505:2105862 [0] NCCL INFO proxyUDSRecvReq::ncclProxyMsgGetFd rank 2 opId 0xaa774f907a55cd46 handle=0x1518e0011850
gcn146:2105505:2105862 [0] NCCL INFO UDS proxyGetFd received handle 0x1518e0011850 peer 2 opId aa774f907a55cd46
gcn146:2105505:2105861 [0] NCCL INFO Received and initiated operation=Connect res=0
gcn146:2105505:2105866 [0] NCCL INFO ProxyCall UDS comm 0x99f4440 rank 0 tpRank 3(445cc4b93e41420c) reqSize 8 respSize 0 respFd 0x15194cbdbb08 opId 0xc41fd6d05156eb37
gcn146:2105505:2105862 [0] NCCL INFO proxyUDSRecvReq::ncclProxyMsgGetFd rank 2 opId 0xbce7ce9dc785d16f handle=0x1518e0012f70
gcn146:2105505:2105862 [0] NCCL INFO UDS proxyGetFd received handle 0x1518e0012f70 peer 2 opId bce7ce9dc785d16f
gcn146:2105505:2105866 [0] NCCL INFO ProxyCall UDS comm 0x99f4440 rank 0 tpRank 3(445cc4b93e41420c) reqSize 8 respSize 0 respFd 124 opId 0xc41fd6d05156eb37 - DONE
gcn146:2105505:2105866 [0] NCCL INFO UDS: ClientGetFd handle 0x15183c01aab0 tpRank 3 returned fd 124 sameProcess 0
gcn146:2105505:2105866 [0] NCCL INFO ProxyCall UDS comm 0x99f4440 rank 0 tpRank 3(445cc4b93e41420c) reqSize 8 respSize 0 respFd 0x15194cbdbb08 opId 0x36bfab48af188444
gcn146:2105505:2105861 [0] NCCL INFO proxyProgressAsync opId=0x1518fba4ba70 op.type=4 op.reqBuff=0x1518e001a640 op.respSize=1400 done
gcn146:2105505:2105866 [0] NCCL INFO ProxyCall UDS comm 0x99f4440 rank 0 tpRank 3(445cc4b93e41420c) reqSize 8 respSize 0 respFd 112 opId 0x36bfab48af188444 - DONE
gcn146:2105505:2105866 [0] NCCL INFO UDS: ClientGetFd handle 0x15183c01c1d0 tpRank 3 returned fd 112 sameProcess 0
gcn146:2105505:2105862 [0] NCCL INFO proxyUDSRecvReq::ncclProxyMsgGetFd rank 2 opId 0x63e618e445c39314 handle=0x1518e0021e50
gcn146:2105505:2105862 [0] NCCL INFO UDS proxyGetFd received handle 0x1518e0021e50 peer 2 opId 63e618e445c39314
gcn146:2105505:2105866 [0] NCCL INFO ProxyCall UDS comm 0x99f4440 rank 0 tpRank 3(445cc4b93e41420c) reqSize 8 respSize 0 respFd 0x15194cbdbb08 opId 0xa8e8b583296c520c
gcn146:2105505:2105866 [0] NCCL INFO ProxyCall UDS comm 0x99f4440 rank 0 tpRank 3(445cc4b93e41420c) reqSize 8 respSize 0 respFd 124 opId 0xa8e8b583296c520c - DONE
gcn146:2105505:2105866 [0] NCCL INFO UDS: ClientGetFd handle 0x15183c01d8f0 tpRank 3 returned fd 124 sameProcess 0
gcn146:2105505:2105862 [0] NCCL INFO proxyUDSRecvReq::ncclProxyMsgGetFd rank 2 opId 0xf9b26cae1e088ea6 handle=0x1518e0023570
gcn146:2105505:2105862 [0] NCCL INFO UDS proxyGetFd received handle 0x1518e0023570 peer 2 opId f9b26cae1e088ea6
gcn146:2105505:2105861 [0] NCCL INFO proxyProgressAsync opId=0x1518fba4bc20 op.type=4 op.reqBuff=0x1518e0004f00 op.respSize=1400 done
gcn146:2105505:2105866 [0] NCCL INFO ProxyCall UDS comm 0x99f4440 rank 0 tpRank 2(47e3b4053b582785) reqSize 8 respSize 0 respFd 0x15194cbdbb08 opId 0x2646a6c73933645
gcn146:2105505:2105862 [0] NCCL INFO proxyUDSRecvReq::ncclProxyMsgGetFd rank 2 opId 0x28b288a9e232e5c5 handle=0x1518e0024c90
gcn146:2105505:2105862 [0] NCCL INFO UDS proxyGetFd received handle 0x1518e0024c90 peer 2 opId 28b288a9e232e5c5
gcn146:2105505:2105866 [0] NCCL INFO ProxyCall UDS comm 0x99f4440 rank 0 tpRank 2(47e3b4053b582785) reqSize 8 respSize 0 respFd 124 opId 0x2646a6c73933645 - DONE
gcn146:2105505:2105866 [0] NCCL INFO UDS: ClientGetFd handle 0x14f6b801f010 tpRank 2 returned fd 124 sameProcess 0
gcn146:2105505:2105866 [0] NCCL INFO ProxyCall UDS comm 0x99f4440 rank 0 tpRank 2(47e3b4053b582785) reqSize 8 respSize 0 respFd 0x15194cbdbb08 opId 0x388e87ccfa050ea5
gcn146:2105505:2105862 [0] NCCL INFO proxyUDSRecvReq::ncclProxyMsgGetFd rank 2 opId 0x257e5744e501739b handle=0x1518e00263b0
gcn146:2105505:2105862 [0] NCCL INFO UDS proxyGetFd received handle 0x1518e00263b0 peer 2 opId 257e5744e501739b
gcn146:2105505:2105866 [0] NCCL INFO ProxyCall UDS comm 0x99f4440 rank 0 tpRank 2(47e3b4053b582785) reqSize 8 respSize 0 respFd 124 opId 0x388e87ccfa050ea5 - DONE
gcn146:2105505:2105866 [0] NCCL INFO UDS: ClientGetFd handle 0x14f6b8020730 tpRank 2 returned fd 124 sameProcess 0
gcn146:2105505:2105866 [0] NCCL INFO ProxyCall UDS comm 0x99f4440 rank 0 tpRank 2(47e3b4053b582785) reqSize 8 respSize 0 respFd 0x15194cbdbb08 opId 0x6757b8510dc98f34
gcn146:2105505:2105866 [0] NCCL INFO ProxyCall UDS comm 0x99f4440 rank 0 tpRank 2(47e3b4053b582785) reqSize 8 respSize 0 respFd 124 opId 0x6757b8510dc98f34 - DONE
gcn146:2105505:2105866 [0] NCCL INFO UDS: ClientGetFd handle 0x14f6b8021e50 tpRank 2 returned fd 124 sameProcess 0
gcn146:2105505:2105866 [0] NCCL INFO ProxyCall UDS comm 0x99f4440 rank 0 tpRank 2(47e3b4053b582785) reqSize 8 respSize 0 respFd 0x15194cbdbb08 opId 0x1bd6fb029e579802
gcn146:2105505:2105866 [0] NCCL INFO ProxyCall UDS comm 0x99f4440 rank 0 tpRank 2(47e3b4053b582785) reqSize 8 respSize 0 respFd 124 opId 0x1bd6fb029e579802 - DONE
gcn146:2105505:2105866 [0] NCCL INFO UDS: ClientGetFd handle 0x14f6b8023570 tpRank 2 returned fd 124 sameProcess 0
gcn146:2105505:2105866 [0] NCCL INFO ProxyCall UDS comm 0x99f4440 rank 0 tpRank 1(c4bef71afc1a08bf) reqSize 8 respSize 0 respFd 0x15194cbdbb08 opId 0x9f623fe7856b90a4
gcn146:2105505:2105866 [0] NCCL INFO ProxyCall UDS comm 0x99f4440 rank 0 tpRank 1(c4bef71afc1a08bf) reqSize 8 respSize 0 respFd 124 opId 0x9f623fe7856b90a4 - DONE
gcn146:2105505:2105866 [0] NCCL INFO UDS: ClientGetFd handle 0x14926c027ad0 tpRank 1 returned fd 124 sameProcess 0
gcn146:2105505:2105866 [0] NCCL INFO ProxyCall UDS comm 0x99f4440 rank 0 tpRank 1(c4bef71afc1a08bf) reqSize 8 respSize 0 respFd 0x15194cbdbb08 opId 0xd124b0908e70a6a7
gcn146:2105505:2105861 [0] NCCL INFO proxyProgressAsync opId=0x1518fbf01650 op.type=4 op.reqBuff=0x1518e002dd50 op.respSize=1400 done
gcn146:2105505:2105866 [0] NCCL INFO ProxyCall UDS comm 0x99f4440 rank 0 tpRank 1(c4bef71afc1a08bf) reqSize 8 respSize 0 respFd 113 opId 0xd124b0908e70a6a7 - DONE
gcn146:2105505:2105866 [0] NCCL INFO UDS: ClientGetFd handle 0x14926c0291f0 tpRank 1 returned fd 113 sameProcess 0
gcn146:2105505:2105866 [0] NCCL INFO ProxyCall UDS comm 0x99f4440 rank 0 tpRank 1(c4bef71afc1a08bf) reqSize 8 respSize 0 respFd 0x15194cbdbb08 opId 0xa28fc535c9418f64
gcn146:2105505:2105866 [0] NCCL INFO ProxyCall UDS comm 0x99f4440 rank 0 tpRank 1(c4bef71afc1a08bf) reqSize 8 respSize 0 respFd 113 opId 0xa28fc535c9418f64 - DONE
gcn146:2105505:2105866 [0] NCCL INFO UDS: ClientGetFd handle 0x14926c02a910 tpRank 1 returned fd 113 sameProcess 0
gcn146:2105505:2105861 [0] NCCL INFO proxyProgressAsync opId=0x1518fbf01800 op.type=4 op.reqBuff=0x1518e0004ee0 op.respSize=1400 done
gcn146:2105505:2105866 [0] NCCL INFO ProxyCall UDS comm 0x99f4440 rank 0 tpRank 1(c4bef71afc1a08bf) reqSize 8 respSize 0 respFd 0x15194cbdbb08 opId 0x18304d530fcdd72d
gcn146:2105505:2105862 [0] NCCL INFO proxyUDSRecvReq::ncclProxyMsgGetFd rank 1 opId 0x2ac7df99718d5f9a handle=0x1518e0027ad0
gcn146:2105505:2105862 [0] NCCL INFO UDS proxyGetFd received handle 0x1518e0027ad0 peer 1 opId 2ac7df99718d5f9a
gcn146:2105505:2105866 [0] NCCL INFO ProxyCall UDS comm 0x99f4440 rank 0 tpRank 1(c4bef71afc1a08bf) reqSize 8 respSize 0 respFd 124 opId 0x18304d530fcdd72d - DONE
gcn146:2105505:2105866 [0] NCCL INFO UDS: ClientGetFd handle 0x14926c02c030 tpRank 1 returned fd 124 sameProcess 0
gcn146:2105505:2105866 [0] NCCL INFO ncclPollProxyResponse Received new opId=0x1518fba4ba70
gcn146:2105505:2105866 [0] NCCL INFO resp.opId=0x1518fba4ba70 matches expected opId=0x1518fba4ba70
gcn146:2105505:2105866 [0] NCCL INFO sendConnect ncclPollProxyResponse opId=0x1518fba4ba70
gcn146:2105505:2105866 [0] NCCL INFO ncclPollProxyResponse Received new opId=0x1518fba4bc20
gcn146:2105505:2105866 [0] NCCL INFO resp.opId=0x1518fba4bc20 matches expected opId=0x1518fba4bc20
gcn146:2105505:2105866 [0] NCCL INFO recvConnect ncclPollProxyResponse opId=0x1518fba4bc20
gcn146:2105505:2105866 [0] NCCL INFO ncclPollProxyResponse Received new opId=0x1518fbf01650
gcn146:2105505:2105866 [0] NCCL INFO resp.opId=0x1518fbf01650 matches expected opId=0x1518fbf01650
gcn146:2105505:2105866 [0] NCCL INFO sendConnect ncclPollProxyResponse opId=0x1518fbf01650
gcn146:2105505:2105866 [0] NCCL INFO ncclPollProxyResponse Received new opId=0x1518fbf01800
gcn146:2105505:2105866 [0] NCCL INFO resp.opId=0x1518fbf01800 matches expected opId=0x1518fbf01800
gcn146:2105505:2105866 [0] NCCL INFO recvConnect ncclPollProxyResponse opId=0x1518fbf01800
gcn146:2105505:2105862 [0] NCCL INFO proxyUDSRecvReq::ncclProxyMsgGetFd rank 1 opId 0xef6fde67f73fe1e handle=0x1518e00291f0
gcn146:2105505:2105862 [0] NCCL INFO UDS proxyGetFd received handle 0x1518e00291f0 peer 1 opId ef6fde67f73fe1e
gcn146:2105505:2105862 [0] NCCL INFO proxyUDSRecvReq::ncclProxyMsgGetFd rank 1 opId 0x2418bef4483f575c handle=0x1518e002a910
gcn146:2105505:2105862 [0] NCCL INFO UDS proxyGetFd received handle 0x1518e002a910 peer 1 opId 2418bef4483f575c
gcn146:2105505:2105862 [0] NCCL INFO proxyUDSRecvReq::ncclProxyMsgGetFd rank 1 opId 0xd5f52056fc7acb2d handle=0x1518e002c030
gcn146:2105505:2105862 [0] NCCL INFO UDS proxyGetFd received handle 0x1518e002c030 peer 1 opId d5f52056fc7acb2d
gcn146:2105505:2105861 [0] NCCL INFO Received and initiated operation=Stop res=0
gcn146:2105505:2105861 [0] NCCL INFO Received and initiated operation=Close res=0
gcn146:2105505:2105861 [0] NCCL INFO Received and initiated operation=Close res=0
gcn146:2105505:2105861 [0] NCCL INFO Received and initiated operation=Close res=0
gcn146:2105505:2105861 [0] NCCL INFO Received and initiated operation=Close res=0
gcn146:2105505:2105862 [0] NCCL INFO [Proxy Service UDS] exit: stop 1 abortFlag 0
