gcn148:1685149:1685149 [0] NCCL INFO NCCL version 2.27.3+cuda12.9
gcn148:1685149:1685443 [0] NCCL INFO UDS: Creating service thread comm 0xace9260 rank 4
gcn148:1685149:1685476 [0] NCCL INFO New proxy send connection 0 from local rank 0, transport 0
gcn148:1685149:1685476 [0] NCCL INFO proxyProgressAsync opId=0x148a03a492c0 op.type=1 op.reqBuff=0x1489f4004ee0 op.respSize=16 done
gcn148:1685149:1685482 [0] NCCL INFO ncclPollProxyResponse Received new opId=0x148a03a492c0
gcn148:1685149:1685482 [0] NCCL INFO resp.opId=0x148a03a492c0 matches expected opId=0x148a03a492c0
gcn148:1685149:1685482 [0] NCCL INFO Connected to proxy localRank 0 -> connection 0x1489f4004f40
gcn148:1685149:1685476 [0] NCCL INFO Received and initiated operation=Init res=0
gcn148:1685149:1685476 [0] NCCL INFO proxyProgressAsync opId=0x148a03a492c0 op.type=3 op.reqBuff=0x1489f4004f00 op.respSize=88 done
gcn148:1685149:1685482 [0] NCCL INFO ncclPollProxyResponse Received new opId=0x148a03a492c0
gcn148:1685149:1685476 [0] NCCL INFO Received and initiated operation=Setup res=0
gcn148:1685149:1685482 [0] NCCL INFO resp.opId=0x148a03a492c0 matches expected opId=0x148a03a492c0
gcn148:1685149:1685476 [0] NCCL INFO New proxy send connection 1 from local rank 0, transport 0
gcn148:1685149:1685476 [0] NCCL INFO proxyProgressAsync opId=0x148a03a492c0 op.type=1 op.reqBuff=0x1489f4004f00 op.respSize=16 done
gcn148:1685149:1685482 [0] NCCL INFO ncclPollProxyResponse Received new opId=0x148a03a492c0
gcn148:1685149:1685476 [0] NCCL INFO Received and initiated operation=Init res=0
gcn148:1685149:1685482 [0] NCCL INFO resp.opId=0x148a03a492c0 matches expected opId=0x148a03a492c0
gcn148:1685149:1685482 [0] NCCL INFO Connected to proxy localRank 0 -> connection 0x1489f4004fb8
gcn148:1685149:1685476 [0] NCCL INFO proxyProgressAsync opId=0x148a03a492c0 op.type=3 op.reqBuff=0x1489f4004ee0 op.respSize=88 done
gcn148:1685149:1685482 [0] NCCL INFO ncclPollProxyResponse Received new opId=0x148a03a492c0
gcn148:1685149:1685476 [0] NCCL INFO Received and initiated operation=Setup res=0
gcn148:1685149:1685482 [0] NCCL INFO resp.opId=0x148a03a492c0 matches expected opId=0x148a03a492c0
gcn148:1685149:1685476 [0] NCCL INFO New proxy send connection 2 from local rank 0, transport 0
gcn148:1685149:1685476 [0] NCCL INFO proxyProgressAsync opId=0x148a03a492c0 op.type=1 op.reqBuff=0x1489f4004ee0 op.respSize=16 done
gcn148:1685149:1685482 [0] NCCL INFO ncclPollProxyResponse Received new opId=0x148a03a492c0
gcn148:1685149:1685476 [0] NCCL INFO Received and initiated operation=Init res=0
gcn148:1685149:1685482 [0] NCCL INFO resp.opId=0x148a03a492c0 matches expected opId=0x148a03a492c0
gcn148:1685149:1685482 [0] NCCL INFO Connected to proxy localRank 0 -> connection 0x1489f4005030
gcn148:1685149:1685476 [0] NCCL INFO proxyProgressAsync opId=0x148a03a492c0 op.type=3 op.reqBuff=0x1489f4004f00 op.respSize=88 done
gcn148:1685149:1685482 [0] NCCL INFO ncclPollProxyResponse Received new opId=0x148a03a492c0
gcn148:1685149:1685476 [0] NCCL INFO Received and initiated operation=Setup res=0
gcn148:1685149:1685482 [0] NCCL INFO resp.opId=0x148a03a492c0 matches expected opId=0x148a03a492c0
gcn148:1685149:1685476 [0] NCCL INFO New proxy send connection 3 from local rank 0, transport 0
gcn148:1685149:1685476 [0] NCCL INFO proxyProgressAsync opId=0x148a03a492c0 op.type=1 op.reqBuff=0x1489f4004f00 op.respSize=16 done
gcn148:1685149:1685482 [0] NCCL INFO ncclPollProxyResponse Received new opId=0x148a03a492c0
gcn148:1685149:1685476 [0] NCCL INFO Received and initiated operation=Init res=0
gcn148:1685149:1685482 [0] NCCL INFO resp.opId=0x148a03a492c0 matches expected opId=0x148a03a492c0
gcn148:1685149:1685482 [0] NCCL INFO Connected to proxy localRank 0 -> connection 0x1489f40050a8
gcn148:1685149:1685476 [0] NCCL INFO proxyProgressAsync opId=0x148a03a492c0 op.type=3 op.reqBuff=0x1489f4004ee0 op.respSize=88 done
gcn148:1685149:1685482 [0] NCCL INFO ncclPollProxyResponse Received new opId=0x148a03a492c0
gcn148:1685149:1685476 [0] NCCL INFO Received and initiated operation=Setup res=0
gcn148:1685149:1685482 [0] NCCL INFO resp.opId=0x148a03a492c0 matches expected opId=0x148a03a492c0
gcn148:1685149:1685476 [0] NCCL INFO New proxy send connection 4 from local rank 0, transport 0
gcn148:1685149:1685476 [0] NCCL INFO proxyProgressAsync opId=0x148a03a492c0 op.type=1 op.reqBuff=0x1489f4004ee0 op.respSize=16 done
gcn148:1685149:1685482 [0] NCCL INFO ncclPollProxyResponse Received new opId=0x148a03a492c0
gcn148:1685149:1685482 [0] NCCL INFO resp.opId=0x148a03a492c0 matches expected opId=0x148a03a492c0
gcn148:1685149:1685482 [0] NCCL INFO Connected to proxy localRank 0 -> connection 0x1489f4005120
gcn148:1685149:1685476 [0] NCCL INFO Received and initiated operation=Init res=0
gcn148:1685149:1685476 [0] NCCL INFO proxyProgressAsync opId=0x148a03a492c0 op.type=3 op.reqBuff=0x1489f4004f00 op.respSize=88 done
gcn148:1685149:1685482 [0] NCCL INFO ncclPollProxyResponse Received new opId=0x148a03a492c0
gcn148:1685149:1685476 [0] NCCL INFO Received and initiated operation=Setup res=0
gcn148:1685149:1685482 [0] NCCL INFO resp.opId=0x148a03a492c0 matches expected opId=0x148a03a492c0
gcn148:1685149:1685476 [0] NCCL INFO New proxy send connection 5 from local rank 0, transport 0
gcn148:1685149:1685476 [0] NCCL INFO proxyProgressAsync opId=0x148a03a492c0 op.type=1 op.reqBuff=0x1489f4004f00 op.respSize=16 done
gcn148:1685149:1685482 [0] NCCL INFO ncclPollProxyResponse Received new opId=0x148a03a492c0
gcn148:1685149:1685476 [0] NCCL INFO Received and initiated operation=Init res=0
gcn148:1685149:1685482 [0] NCCL INFO resp.opId=0x148a03a492c0 matches expected opId=0x148a03a492c0
gcn148:1685149:1685482 [0] NCCL INFO Connected to proxy localRank 0 -> connection 0x1489f4005198
gcn148:1685149:1685476 [0] NCCL INFO proxyProgressAsync opId=0x148a03a492c0 op.type=3 op.reqBuff=0x1489f4004ee0 op.respSize=88 done
gcn148:1685149:1685482 [0] NCCL INFO ncclPollProxyResponse Received new opId=0x148a03a492c0
gcn148:1685149:1685476 [0] NCCL INFO Received and initiated operation=Setup res=0
gcn148:1685149:1685482 [0] NCCL INFO resp.opId=0x148a03a492c0 matches expected opId=0x148a03a492c0
gcn148:1685149:1685476 [0] NCCL INFO New proxy send connection 6 from local rank 0, transport 0
gcn148:1685149:1685476 [0] NCCL INFO proxyProgressAsync opId=0x148a03a492c0 op.type=1 op.reqBuff=0x1489f4004ee0 op.respSize=16 done
gcn148:1685149:1685482 [0] NCCL INFO ncclPollProxyResponse Received new opId=0x148a03a492c0
gcn148:1685149:1685476 [0] NCCL INFO Received and initiated operation=Init res=0
gcn148:1685149:1685482 [0] NCCL INFO resp.opId=0x148a03a492c0 matches expected opId=0x148a03a492c0
gcn148:1685149:1685482 [0] NCCL INFO Connected to proxy localRank 0 -> connection 0x1489f4005210
gcn148:1685149:1685476 [0] NCCL INFO proxyProgressAsync opId=0x148a03a492c0 op.type=3 op.reqBuff=0x1489f4004f00 op.respSize=88 done
gcn148:1685149:1685482 [0] NCCL INFO ncclPollProxyResponse Received new opId=0x148a03a492c0
gcn148:1685149:1685476 [0] NCCL INFO Received and initiated operation=Setup res=0
gcn148:1685149:1685482 [0] NCCL INFO resp.opId=0x148a03a492c0 matches expected opId=0x148a03a492c0
gcn148:1685149:1685476 [0] NCCL INFO New proxy send connection 7 from local rank 0, transport 0
gcn148:1685149:1685476 [0] NCCL INFO proxyProgressAsync opId=0x148a03a492c0 op.type=1 op.reqBuff=0x1489f4004f00 op.respSize=16 done
gcn148:1685149:1685482 [0] NCCL INFO ncclPollProxyResponse Received new opId=0x148a03a492c0
gcn148:1685149:1685476 [0] NCCL INFO Received and initiated operation=Init res=0
gcn148:1685149:1685482 [0] NCCL INFO resp.opId=0x148a03a492c0 matches expected opId=0x148a03a492c0
gcn148:1685149:1685482 [0] NCCL INFO Connected to proxy localRank 0 -> connection 0x1489f4005288
gcn148:1685149:1685476 [0] NCCL INFO proxyProgressAsync opId=0x148a03a492c0 op.type=3 op.reqBuff=0x1489f4004ee0 op.respSize=88 done
gcn148:1685149:1685482 [0] NCCL INFO ncclPollProxyResponse Received new opId=0x148a03a492c0
gcn148:1685149:1685476 [0] NCCL INFO Received and initiated operation=Setup res=0
gcn148:1685149:1685482 [0] NCCL INFO resp.opId=0x148a03a492c0 matches expected opId=0x148a03a492c0
gcn148:1685149:1685476 [0] NCCL INFO New proxy send connection 8 from local rank 0, transport 0
gcn148:1685149:1685476 [0] NCCL INFO proxyProgressAsync opId=0x148a03a492c0 op.type=1 op.reqBuff=0x1489f4004ee0 op.respSize=16 done
gcn148:1685149:1685482 [0] NCCL INFO ncclPollProxyResponse Received new opId=0x148a03a492c0
gcn148:1685149:1685476 [0] NCCL INFO Received and initiated operation=Init res=0
gcn148:1685149:1685482 [0] NCCL INFO resp.opId=0x148a03a492c0 matches expected opId=0x148a03a492c0
gcn148:1685149:1685482 [0] NCCL INFO Connected to proxy localRank 0 -> connection 0x1489f4005300
gcn148:1685149:1685476 [0] NCCL INFO proxyProgressAsync opId=0x148a03a492c0 op.type=3 op.reqBuff=0x1489f4004f00 op.respSize=88 done
gcn148:1685149:1685482 [0] NCCL INFO ncclPollProxyResponse Received new opId=0x148a03a492c0
gcn148:1685149:1685476 [0] NCCL INFO Received and initiated operation=Setup res=0
gcn148:1685149:1685482 [0] NCCL INFO resp.opId=0x148a03a492c0 matches expected opId=0x148a03a492c0
gcn148:1685149:1685476 [0] NCCL INFO New proxy send connection 9 from local rank 0, transport 0
gcn148:1685149:1685476 [0] NCCL INFO proxyProgressAsync opId=0x148a03a492c0 op.type=1 op.reqBuff=0x1489f4004f00 op.respSize=16 done
gcn148:1685149:1685482 [0] NCCL INFO ncclPollProxyResponse Received new opId=0x148a03a492c0
gcn148:1685149:1685476 [0] NCCL INFO Received and initiated operation=Init res=0
gcn148:1685149:1685482 [0] NCCL INFO resp.opId=0x148a03a492c0 matches expected opId=0x148a03a492c0
gcn148:1685149:1685482 [0] NCCL INFO Connected to proxy localRank 0 -> connection 0x1489f4005378
gcn148:1685149:1685476 [0] NCCL INFO proxyProgressAsync opId=0x148a03a492c0 op.type=3 op.reqBuff=0x1489f4004ee0 op.respSize=88 done
gcn148:1685149:1685482 [0] NCCL INFO ncclPollProxyResponse Received new opId=0x148a03a492c0
gcn148:1685149:1685476 [0] NCCL INFO Received and initiated operation=Setup res=0
gcn148:1685149:1685482 [0] NCCL INFO resp.opId=0x148a03a492c0 matches expected opId=0x148a03a492c0
gcn148:1685149:1685476 [0] NCCL INFO New proxy send connection 10 from local rank 0, transport 0
gcn148:1685149:1685476 [0] NCCL INFO proxyProgressAsync opId=0x148a03a492c0 op.type=1 op.reqBuff=0x1489f4004ee0 op.respSize=16 done
gcn148:1685149:1685482 [0] NCCL INFO ncclPollProxyResponse Received new opId=0x148a03a492c0
gcn148:1685149:1685476 [0] NCCL INFO Received and initiated operation=Init res=0
gcn148:1685149:1685482 [0] NCCL INFO resp.opId=0x148a03a492c0 matches expected opId=0x148a03a492c0
gcn148:1685149:1685482 [0] NCCL INFO Connected to proxy localRank 0 -> connection 0x1489f40053f0
gcn148:1685149:1685476 [0] NCCL INFO proxyProgressAsync opId=0x148a03a492c0 op.type=3 op.reqBuff=0x1489f4004f00 op.respSize=88 done
gcn148:1685149:1685482 [0] NCCL INFO ncclPollProxyResponse Received new opId=0x148a03a492c0
gcn148:1685149:1685476 [0] NCCL INFO Received and initiated operation=Setup res=0
gcn148:1685149:1685482 [0] NCCL INFO resp.opId=0x148a03a492c0 matches expected opId=0x148a03a492c0
gcn148:1685149:1685476 [0] NCCL INFO New proxy send connection 11 from local rank 0, transport 0
gcn148:1685149:1685476 [0] NCCL INFO proxyProgressAsync opId=0x148a03a492c0 op.type=1 op.reqBuff=0x1489f4004f00 op.respSize=16 done
gcn148:1685149:1685482 [0] NCCL INFO ncclPollProxyResponse Received new opId=0x148a03a492c0
gcn148:1685149:1685476 [0] NCCL INFO Received and initiated operation=Init res=0
gcn148:1685149:1685482 [0] NCCL INFO resp.opId=0x148a03a492c0 matches expected opId=0x148a03a492c0
gcn148:1685149:1685482 [0] NCCL INFO Connected to proxy localRank 0 -> connection 0x1489f4005468
gcn148:1685149:1685476 [0] NCCL INFO proxyProgressAsync opId=0x148a03a492c0 op.type=3 op.reqBuff=0x1489f4004ee0 op.respSize=88 done
gcn148:1685149:1685482 [0] NCCL INFO ncclPollProxyResponse Received new opId=0x148a03a492c0
gcn148:1685149:1685476 [0] NCCL INFO Received and initiated operation=Setup res=0
gcn148:1685149:1685482 [0] NCCL INFO resp.opId=0x148a03a492c0 matches expected opId=0x148a03a492c0
gcn148:1685149:1685476 [0] NCCL INFO New proxy recv connection 12 from local rank 0, transport 2
gcn148:1685149:1685476 [0] NCCL INFO proxyProgressAsync opId=0x148a03a492c0 op.type=1 op.reqBuff=0x1489f4004ee0 op.respSize=16 done
gcn148:1685149:1685482 [0] NCCL INFO ncclPollProxyResponse Received new opId=0x148a03a492c0
gcn148:1685149:1685476 [0] NCCL INFO Received and initiated operation=Init res=0
gcn148:1685149:1685482 [0] NCCL INFO resp.opId=0x148a03a492c0 matches expected opId=0x148a03a492c0
gcn148:1685149:1685482 [0] NCCL INFO Connected to proxy localRank 0 -> connection 0x1489f40054e0
gcn148:1685149:1685476 [0] NCCL INFO proxyProgressAsync opId=0x148a03a492c0 op.type=3 op.reqBuff=0x1489f401a610 op.respSize=128 done
gcn148:1685149:1685482 [0] NCCL INFO ncclPollProxyResponse Received new opId=0x148a03a492c0
gcn148:1685149:1685476 [0] NCCL INFO Received and initiated operation=Setup res=0
gcn148:1685149:1685482 [0] NCCL INFO resp.opId=0x148a03a492c0 matches expected opId=0x148a03a492c0
gcn148:1685149:1685476 [0] NCCL INFO New proxy recv connection 13 from local rank 0, transport 2
gcn148:1685149:1685476 [0] NCCL INFO proxyProgressAsync opId=0x148a03a492c0 op.type=1 op.reqBuff=0x1489f4004f00 op.respSize=16 done
gcn148:1685149:1685482 [0] NCCL INFO ncclPollProxyResponse Received new opId=0x148a03a492c0
gcn148:1685149:1685476 [0] NCCL INFO Received and initiated operation=Init res=0
gcn148:1685149:1685482 [0] NCCL INFO resp.opId=0x148a03a492c0 matches expected opId=0x148a03a492c0
gcn148:1685149:1685482 [0] NCCL INFO Connected to proxy localRank 0 -> connection 0x1489f4005558
gcn148:1685149:1685476 [0] NCCL INFO proxyProgressAsync opId=0x148a03a492c0 op.type=3 op.reqBuff=0x1489f401a610 op.respSize=128 done
gcn148:1685149:1685482 [0] NCCL INFO ncclPollProxyResponse Received new opId=0x148a03a492c0
gcn148:1685149:1685476 [0] NCCL INFO Received and initiated operation=Setup res=0
gcn148:1685149:1685482 [0] NCCL INFO resp.opId=0x148a03a492c0 matches expected opId=0x148a03a492c0
gcn148:1685149:1685476 [0] NCCL INFO New proxy send connection 14 from local rank 0, transport 2
gcn148:1685149:1685476 [0] NCCL INFO proxyProgressAsync opId=0x148a03a492c0 op.type=1 op.reqBuff=0x1489f4004ee0 op.respSize=16 done
gcn148:1685149:1685482 [0] NCCL INFO ncclPollProxyResponse Received new opId=0x148a03a492c0
gcn148:1685149:1685476 [0] NCCL INFO Received and initiated operation=Init res=0
gcn148:1685149:1685482 [0] NCCL INFO resp.opId=0x148a03a492c0 matches expected opId=0x148a03a492c0
gcn148:1685149:1685482 [0] NCCL INFO Connected to proxy localRank 0 -> connection 0x1489f40055d0
gcn148:1685149:1685476 [0] NCCL INFO proxyProgressAsync opId=0x148a03a492c0 op.type=3 op.reqBuff=0x1489f401a610 op.respSize=0 done
gcn148:1685149:1685482 [0] NCCL INFO ncclPollProxyResponse Received new opId=0x148a03a492c0
gcn148:1685149:1685482 [0] NCCL INFO resp.opId=0x148a03a492c0 matches expected opId=0x148a03a492c0
gcn148:1685149:1685476 [0] NCCL INFO Received and initiated operation=Setup res=0
gcn148:1685149:1685476 [0] NCCL INFO New proxy send connection 15 from local rank 0, transport 2
gcn148:1685149:1685476 [0] NCCL INFO proxyProgressAsync opId=0x148a03a492c0 op.type=1 op.reqBuff=0x1489f4004f00 op.respSize=16 done
gcn148:1685149:1685482 [0] NCCL INFO ncclPollProxyResponse Received new opId=0x148a03a492c0
gcn148:1685149:1685476 [0] NCCL INFO Received and initiated operation=Init res=0
gcn148:1685149:1685482 [0] NCCL INFO resp.opId=0x148a03a492c0 matches expected opId=0x148a03a492c0
gcn148:1685149:1685482 [0] NCCL INFO Connected to proxy localRank 0 -> connection 0x1489f4005648
gcn148:1685149:1685476 [0] NCCL INFO proxyProgressAsync opId=0x148a03a492c0 op.type=3 op.reqBuff=0x1489f401a610 op.respSize=0 done
gcn148:1685149:1685482 [0] NCCL INFO ncclPollProxyResponse Received new opId=0x148a03a492c0
gcn148:1685149:1685482 [0] NCCL INFO resp.opId=0x148a03a492c0 matches expected opId=0x148a03a492c0
gcn148:1685149:1685476 [0] NCCL INFO Received and initiated operation=Setup res=0
gcn148:1685149:1685476 [0] NCCL INFO New proxy recv connection 16 from local rank 0, transport 0
gcn148:1685149:1685476 [0] NCCL INFO proxyProgressAsync opId=0x148a03a492c0 op.type=1 op.reqBuff=0x1489f4004ee0 op.respSize=16 done
gcn148:1685149:1685482 [0] NCCL INFO ncclPollProxyResponse Received new opId=0x148a03a492c0
gcn148:1685149:1685476 [0] NCCL INFO Received and initiated operation=Init res=0
gcn148:1685149:1685482 [0] NCCL INFO resp.opId=0x148a03a492c0 matches expected opId=0x148a03a492c0
gcn148:1685149:1685482 [0] NCCL INFO Connected to proxy localRank 0 -> connection 0x1489f40056c0
gcn148:1685149:1685476 [0] NCCL INFO proxyProgressAsync opId=0x148a03a492c0 op.type=3 op.reqBuff=0x1489f4004f00 op.respSize=88 done
gcn148:1685149:1685482 [0] NCCL INFO ncclPollProxyResponse Received new opId=0x148a03a492c0
gcn148:1685149:1685476 [0] NCCL INFO Received and initiated operation=Setup res=0
gcn148:1685149:1685482 [0] NCCL INFO resp.opId=0x148a03a492c0 matches expected opId=0x148a03a492c0
gcn148:1685149:1685476 [0] NCCL INFO New proxy recv connection 17 from local rank 0, transport 0
gcn148:1685149:1685476 [0] NCCL INFO proxyProgressAsync opId=0x148a03a492c0 op.type=1 op.reqBuff=0x1489f4004f00 op.respSize=16 done
gcn148:1685149:1685482 [0] NCCL INFO ncclPollProxyResponse Received new opId=0x148a03a492c0
gcn148:1685149:1685476 [0] NCCL INFO Received and initiated operation=Init res=0
gcn148:1685149:1685482 [0] NCCL INFO resp.opId=0x148a03a492c0 matches expected opId=0x148a03a492c0
gcn148:1685149:1685482 [0] NCCL INFO Connected to proxy localRank 0 -> connection 0x1489f4005738
gcn148:1685149:1685476 [0] NCCL INFO proxyProgressAsync opId=0x148a03a492c0 op.type=3 op.reqBuff=0x1489f4004ee0 op.respSize=88 done
gcn148:1685149:1685482 [0] NCCL INFO ncclPollProxyResponse Received new opId=0x148a03a492c0
gcn148:1685149:1685476 [0] NCCL INFO Received and initiated operation=Setup res=0
gcn148:1685149:1685482 [0] NCCL INFO resp.opId=0x148a03a492c0 matches expected opId=0x148a03a492c0
gcn148:1685149:1685476 [0] NCCL INFO New proxy recv connection 18 from local rank 0, transport 0
gcn148:1685149:1685476 [0] NCCL INFO proxyProgressAsync opId=0x148a03a492c0 op.type=1 op.reqBuff=0x1489f4004ee0 op.respSize=16 done
gcn148:1685149:1685482 [0] NCCL INFO ncclPollProxyResponse Received new opId=0x148a03a492c0
gcn148:1685149:1685476 [0] NCCL INFO Received and initiated operation=Init res=0
gcn148:1685149:1685482 [0] NCCL INFO resp.opId=0x148a03a492c0 matches expected opId=0x148a03a492c0
gcn148:1685149:1685482 [0] NCCL INFO Connected to proxy localRank 0 -> connection 0x1489f40057b0
gcn148:1685149:1685476 [0] NCCL INFO proxyProgressAsync opId=0x148a03a492c0 op.type=3 op.reqBuff=0x1489f4004f00 op.respSize=88 done
gcn148:1685149:1685482 [0] NCCL INFO ncclPollProxyResponse Received new opId=0x148a03a492c0
gcn148:1685149:1685476 [0] NCCL INFO Received and initiated operation=Setup res=0
gcn148:1685149:1685482 [0] NCCL INFO resp.opId=0x148a03a492c0 matches expected opId=0x148a03a492c0
gcn148:1685149:1685476 [0] NCCL INFO New proxy recv connection 19 from local rank 0, transport 0
gcn148:1685149:1685476 [0] NCCL INFO proxyProgressAsync opId=0x148a03a492c0 op.type=1 op.reqBuff=0x1489f4004f00 op.respSize=16 done
gcn148:1685149:1685482 [0] NCCL INFO ncclPollProxyResponse Received new opId=0x148a03a492c0
gcn148:1685149:1685476 [0] NCCL INFO Received and initiated operation=Init res=0
gcn148:1685149:1685482 [0] NCCL INFO resp.opId=0x148a03a492c0 matches expected opId=0x148a03a492c0
gcn148:1685149:1685482 [0] NCCL INFO Connected to proxy localRank 0 -> connection 0x1489f4005828
gcn148:1685149:1685476 [0] NCCL INFO proxyProgressAsync opId=0x148a03a492c0 op.type=3 op.reqBuff=0x1489f4004ee0 op.respSize=88 done
gcn148:1685149:1685482 [0] NCCL INFO ncclPollProxyResponse Received new opId=0x148a03a492c0
gcn148:1685149:1685476 [0] NCCL INFO Received and initiated operation=Setup res=0
gcn148:1685149:1685482 [0] NCCL INFO resp.opId=0x148a03a492c0 matches expected opId=0x148a03a492c0
gcn148:1685149:1685476 [0] NCCL INFO New proxy recv connection 20 from local rank 0, transport 0
gcn148:1685149:1685476 [0] NCCL INFO proxyProgressAsync opId=0x148a03a492c0 op.type=1 op.reqBuff=0x1489f4004ee0 op.respSize=16 done
gcn148:1685149:1685482 [0] NCCL INFO ncclPollProxyResponse Received new opId=0x148a03a492c0
gcn148:1685149:1685476 [0] NCCL INFO Received and initiated operation=Init res=0
gcn148:1685149:1685482 [0] NCCL INFO resp.opId=0x148a03a492c0 matches expected opId=0x148a03a492c0
gcn148:1685149:1685482 [0] NCCL INFO Connected to proxy localRank 0 -> connection 0x1489f40058a0
gcn148:1685149:1685476 [0] NCCL INFO proxyProgressAsync opId=0x148a03a492c0 op.type=3 op.reqBuff=0x1489f4004f00 op.respSize=88 done
gcn148:1685149:1685482 [0] NCCL INFO ncclPollProxyResponse Received new opId=0x148a03a492c0
gcn148:1685149:1685476 [0] NCCL INFO Received and initiated operation=Setup res=0
gcn148:1685149:1685482 [0] NCCL INFO resp.opId=0x148a03a492c0 matches expected opId=0x148a03a492c0
gcn148:1685149:1685476 [0] NCCL INFO New proxy recv connection 21 from local rank 0, transport 0
gcn148:1685149:1685476 [0] NCCL INFO proxyProgressAsync opId=0x148a03a492c0 op.type=1 op.reqBuff=0x1489f4004f00 op.respSize=16 done
gcn148:1685149:1685482 [0] NCCL INFO ncclPollProxyResponse Received new opId=0x148a03a492c0
gcn148:1685149:1685476 [0] NCCL INFO Received and initiated operation=Init res=0
gcn148:1685149:1685482 [0] NCCL INFO resp.opId=0x148a03a492c0 matches expected opId=0x148a03a492c0
gcn148:1685149:1685482 [0] NCCL INFO Connected to proxy localRank 0 -> connection 0x1489f4005918
gcn148:1685149:1685476 [0] NCCL INFO proxyProgressAsync opId=0x148a03a492c0 op.type=3 op.reqBuff=0x1489f4004ee0 op.respSize=88 done
gcn148:1685149:1685482 [0] NCCL INFO ncclPollProxyResponse Received new opId=0x148a03a492c0
gcn148:1685149:1685476 [0] NCCL INFO Received and initiated operation=Setup res=0
gcn148:1685149:1685482 [0] NCCL INFO resp.opId=0x148a03a492c0 matches expected opId=0x148a03a492c0
gcn148:1685149:1685476 [0] NCCL INFO New proxy recv connection 22 from local rank 0, transport 0
gcn148:1685149:1685476 [0] NCCL INFO proxyProgressAsync opId=0x148a03a492c0 op.type=1 op.reqBuff=0x1489f4004ee0 op.respSize=16 done
gcn148:1685149:1685482 [0] NCCL INFO ncclPollProxyResponse Received new opId=0x148a03a492c0
gcn148:1685149:1685476 [0] NCCL INFO Received and initiated operation=Init res=0
gcn148:1685149:1685482 [0] NCCL INFO resp.opId=0x148a03a492c0 matches expected opId=0x148a03a492c0
gcn148:1685149:1685482 [0] NCCL INFO Connected to proxy localRank 0 -> connection 0x1489f4005990
gcn148:1685149:1685476 [0] NCCL INFO proxyProgressAsync opId=0x148a03a492c0 op.type=3 op.reqBuff=0x1489f4004f00 op.respSize=88 done
gcn148:1685149:1685482 [0] NCCL INFO ncclPollProxyResponse Received new opId=0x148a03a492c0
gcn148:1685149:1685476 [0] NCCL INFO Received and initiated operation=Setup res=0
gcn148:1685149:1685482 [0] NCCL INFO resp.opId=0x148a03a492c0 matches expected opId=0x148a03a492c0
gcn148:1685149:1685476 [0] NCCL INFO New proxy recv connection 23 from local rank 0, transport 0
gcn148:1685149:1685476 [0] NCCL INFO proxyProgressAsync opId=0x148a03a492c0 op.type=1 op.reqBuff=0x1489f4004f00 op.respSize=16 done
gcn148:1685149:1685482 [0] NCCL INFO ncclPollProxyResponse Received new opId=0x148a03a492c0
gcn148:1685149:1685476 [0] NCCL INFO Received and initiated operation=Init res=0
gcn148:1685149:1685482 [0] NCCL INFO resp.opId=0x148a03a492c0 matches expected opId=0x148a03a492c0
gcn148:1685149:1685482 [0] NCCL INFO Connected to proxy localRank 0 -> connection 0x1489f4005a08
gcn148:1685149:1685476 [0] NCCL INFO proxyProgressAsync opId=0x148a03a492c0 op.type=3 op.reqBuff=0x1489f4004ee0 op.respSize=88 done
gcn148:1685149:1685482 [0] NCCL INFO ncclPollProxyResponse Received new opId=0x148a03a492c0
gcn148:1685149:1685476 [0] NCCL INFO Received and initiated operation=Setup res=0
gcn148:1685149:1685482 [0] NCCL INFO resp.opId=0x148a03a492c0 matches expected opId=0x148a03a492c0
gcn148:1685149:1685476 [0] NCCL INFO New proxy recv connection 24 from local rank 0, transport 0
gcn148:1685149:1685476 [0] NCCL INFO proxyProgressAsync opId=0x148a03a492c0 op.type=1 op.reqBuff=0x1489f4004ee0 op.respSize=16 done
gcn148:1685149:1685482 [0] NCCL INFO ncclPollProxyResponse Received new opId=0x148a03a492c0
gcn148:1685149:1685476 [0] NCCL INFO Received and initiated operation=Init res=0
gcn148:1685149:1685482 [0] NCCL INFO resp.opId=0x148a03a492c0 matches expected opId=0x148a03a492c0
gcn148:1685149:1685482 [0] NCCL INFO Connected to proxy localRank 0 -> connection 0x1489f4005a80
gcn148:1685149:1685476 [0] NCCL INFO proxyProgressAsync opId=0x148a03a492c0 op.type=3 op.reqBuff=0x1489f4004f00 op.respSize=88 done
gcn148:1685149:1685482 [0] NCCL INFO ncclPollProxyResponse Received new opId=0x148a03a492c0
gcn148:1685149:1685476 [0] NCCL INFO Received and initiated operation=Setup res=0
gcn148:1685149:1685482 [0] NCCL INFO resp.opId=0x148a03a492c0 matches expected opId=0x148a03a492c0
gcn148:1685149:1685476 [0] NCCL INFO New proxy recv connection 25 from local rank 0, transport 0
gcn148:1685149:1685476 [0] NCCL INFO proxyProgressAsync opId=0x148a03a492c0 op.type=1 op.reqBuff=0x1489f4004f00 op.respSize=16 done
gcn148:1685149:1685482 [0] NCCL INFO ncclPollProxyResponse Received new opId=0x148a03a492c0
gcn148:1685149:1685476 [0] NCCL INFO Received and initiated operation=Init res=0
gcn148:1685149:1685482 [0] NCCL INFO resp.opId=0x148a03a492c0 matches expected opId=0x148a03a492c0
gcn148:1685149:1685482 [0] NCCL INFO Connected to proxy localRank 0 -> connection 0x1489f4005af8
gcn148:1685149:1685476 [0] NCCL INFO proxyProgressAsync opId=0x148a03a492c0 op.type=3 op.reqBuff=0x1489f4004ee0 op.respSize=88 done
gcn148:1685149:1685482 [0] NCCL INFO ncclPollProxyResponse Received new opId=0x148a03a492c0
gcn148:1685149:1685482 [0] NCCL INFO resp.opId=0x148a03a492c0 matches expected opId=0x148a03a492c0
gcn148:1685149:1685476 [0] NCCL INFO Received and initiated operation=Setup res=0
gcn148:1685149:1685476 [0] NCCL INFO New proxy recv connection 26 from local rank 0, transport 0
gcn148:1685149:1685476 [0] NCCL INFO proxyProgressAsync opId=0x148a03a492c0 op.type=1 op.reqBuff=0x1489f4004ee0 op.respSize=16 done
gcn148:1685149:1685482 [0] NCCL INFO ncclPollProxyResponse Received new opId=0x148a03a492c0
gcn148:1685149:1685476 [0] NCCL INFO Received and initiated operation=Init res=0
gcn148:1685149:1685482 [0] NCCL INFO resp.opId=0x148a03a492c0 matches expected opId=0x148a03a492c0
gcn148:1685149:1685482 [0] NCCL INFO Connected to proxy localRank 0 -> connection 0x1489f4005b70
gcn148:1685149:1685476 [0] NCCL INFO proxyProgressAsync opId=0x148a03a492c0 op.type=3 op.reqBuff=0x1489f4004f00 op.respSize=88 done
gcn148:1685149:1685482 [0] NCCL INFO ncclPollProxyResponse Received new opId=0x148a03a492c0
gcn148:1685149:1685476 [0] NCCL INFO Received and initiated operation=Setup res=0
gcn148:1685149:1685482 [0] NCCL INFO resp.opId=0x148a03a492c0 matches expected opId=0x148a03a492c0
gcn148:1685149:1685476 [0] NCCL INFO New proxy recv connection 27 from local rank 0, transport 0
gcn148:1685149:1685476 [0] NCCL INFO proxyProgressAsync opId=0x148a03a492c0 op.type=1 op.reqBuff=0x1489f4004f00 op.respSize=16 done
gcn148:1685149:1685482 [0] NCCL INFO ncclPollProxyResponse Received new opId=0x148a03a492c0
gcn148:1685149:1685476 [0] NCCL INFO Received and initiated operation=Init res=0
gcn148:1685149:1685482 [0] NCCL INFO resp.opId=0x148a03a492c0 matches expected opId=0x148a03a492c0
gcn148:1685149:1685482 [0] NCCL INFO Connected to proxy localRank 0 -> connection 0x1489f4005be8
gcn148:1685149:1685476 [0] NCCL INFO proxyProgressAsync opId=0x148a03a492c0 op.type=3 op.reqBuff=0x1489f4004ee0 op.respSize=88 done
gcn148:1685149:1685482 [0] NCCL INFO ncclPollProxyResponse Received new opId=0x148a03a492c0
gcn148:1685149:1685476 [0] NCCL INFO Received and initiated operation=Setup res=0
gcn148:1685149:1685482 [0] NCCL INFO resp.opId=0x148a03a492c0 matches expected opId=0x148a03a492c0
gcn148:1685149:1685482 [0] NCCL INFO ncclPollProxyResponse Received new opId=0x148a03a492c0
gcn148:1685149:1685482 [0] NCCL INFO resp.opId=0x148a03a492c0 matches expected opId=0x148a03a492c0
gcn148:1685149:1685482 [0] NCCL INFO Connected to proxy localRank 1 -> connection 0x1534ec005c60
gcn148:1685149:1685482 [0] NCCL INFO ProxyCall UDS comm 0xace9260 rank 0 tpRank 5(24beeb926ca707c2) reqSize 8 respSize 0 respFd 0x148a6c5fdb18 opId 0x2406caa179f3b3c3
gcn148:1685149:1685482 [0] NCCL INFO ProxyCall UDS comm 0xace9260 rank 0 tpRank 5(24beeb926ca707c2) reqSize 8 respSize 0 respFd 100 opId 0x2406caa179f3b3c3 - DONE
gcn148:1685149:1685482 [0] NCCL INFO UDS: ClientGetFd handle 0x1534ec008bb0 tpRank 5 returned fd 100 sameProcess 0
gcn148:1685149:1685482 [0] NCCL INFO ProxyCall UDS comm 0xace9260 rank 0 tpRank 5(24beeb926ca707c2) reqSize 8 respSize 0 respFd 0x148a6c5fdb18 opId 0x954bd11ffd13591a
gcn148:1685149:1685482 [0] NCCL INFO ProxyCall UDS comm 0xace9260 rank 0 tpRank 5(24beeb926ca707c2) reqSize 8 respSize 0 respFd 100 opId 0x954bd11ffd13591a - DONE
gcn148:1685149:1685482 [0] NCCL INFO UDS: ClientGetFd handle 0x1534ec00a4b0 tpRank 5 returned fd 100 sameProcess 0
gcn148:1685149:1685476 [0] NCCL INFO New proxy send connection 28 from local rank 1, transport 0
gcn148:1685149:1685476 [0] NCCL INFO proxyProgressAsync opId=0x15350bf03fd0 op.type=1 op.reqBuff=0x1489f4004ee0 op.respSize=16 done
gcn148:1685149:1685476 [0] NCCL INFO Received and initiated operation=Init res=0
gcn148:1685149:1685478 [0] NCCL INFO proxyUDSRecvReq::ncclProxyMsgGetFd rank 1 opId 0x64eb85254852660a handle=0x1489f4008bb0
gcn148:1685149:1685478 [0] NCCL INFO UDS proxyGetFd received handle 0x1489f4008bb0 peer 1 opId 64eb85254852660a
gcn148:1685149:1685482 [0] NCCL INFO ProxyCall UDS comm 0xace9260 rank 0 tpRank 5(24beeb926ca707c2) reqSize 8 respSize 0 respFd 0x148a6c5fdb18 opId 0xf0fb26b8c6405227
gcn148:1685149:1685482 [0] NCCL INFO ProxyCall UDS comm 0xace9260 rank 0 tpRank 5(24beeb926ca707c2) reqSize 8 respSize 0 respFd 101 opId 0xf0fb26b8c6405227 - DONE
gcn148:1685149:1685482 [0] NCCL INFO UDS: ClientGetFd handle 0x1534ec00bbd0 tpRank 5 returned fd 101 sameProcess 0
gcn148:1685149:1685482 [0] NCCL INFO ProxyCall UDS comm 0xace9260 rank 0 tpRank 5(24beeb926ca707c2) reqSize 8 respSize 0 respFd 0x148a6c5fdb18 opId 0x720c66a6da745a6b
gcn148:1685149:1685482 [0] NCCL INFO ProxyCall UDS comm 0xace9260 rank 0 tpRank 5(24beeb926ca707c2) reqSize 8 respSize 0 respFd 101 opId 0x720c66a6da745a6b - DONE
gcn148:1685149:1685482 [0] NCCL INFO UDS: ClientGetFd handle 0x1534ec00d2f0 tpRank 5 returned fd 101 sameProcess 0
gcn148:1685149:1685482 [0] NCCL INFO ncclPollProxyResponse Received new opId=0x148a17f03fd0
gcn148:1685149:1685482 [0] NCCL INFO resp.opId=0x148a17f03fd0 matches expected opId=0x148a17f03fd0
gcn148:1685149:1685482 [0] NCCL INFO Connected to proxy localRank 2 -> connection 0x1499c0005f30
gcn148:1685149:1685482 [0] NCCL INFO ProxyCall UDS comm 0xace9260 rank 0 tpRank 6(b0c24cb1f371570f) reqSize 8 respSize 0 respFd 0x148a6c5fdb18 opId 0xf35ee583908095b
gcn148:1685149:1685478 [0] NCCL INFO proxyUDSRecvReq::ncclProxyMsgGetFd rank 1 opId 0xba5417449aa04af handle=0x1489f400a4b0
gcn148:1685149:1685478 [0] NCCL INFO UDS proxyGetFd received handle 0x1489f400a4b0 peer 1 opId ba5417449aa04af
gcn148:1685149:1685482 [0] NCCL INFO ProxyCall UDS comm 0xace9260 rank 0 tpRank 6(b0c24cb1f371570f) reqSize 8 respSize 0 respFd 102 opId 0xf35ee583908095b - DONE
gcn148:1685149:1685482 [0] NCCL INFO UDS: ClientGetFd handle 0x1499c00174d0 tpRank 6 returned fd 102 sameProcess 0
gcn148:1685149:1685482 [0] NCCL INFO ProxyCall UDS comm 0xace9260 rank 0 tpRank 6(b0c24cb1f371570f) reqSize 8 respSize 0 respFd 0x148a6c5fdb18 opId 0x6dcd2fa2ef7a946c
gcn148:1685149:1685482 [0] NCCL INFO ProxyCall UDS comm 0xace9260 rank 0 tpRank 6(b0c24cb1f371570f) reqSize 8 respSize 0 respFd 102 opId 0x6dcd2fa2ef7a946c - DONE
gcn148:1685149:1685482 [0] NCCL INFO UDS: ClientGetFd handle 0x1499c0018bf0 tpRank 6 returned fd 102 sameProcess 0
gcn148:1685149:1685482 [0] NCCL INFO ProxyCall UDS comm 0xace9260 rank 0 tpRank 6(b0c24cb1f371570f) reqSize 8 respSize 0 respFd 0x148a6c5fdb18 opId 0x260bea79f5a610ac
gcn148:1685149:1685482 [0] NCCL INFO ProxyCall UDS comm 0xace9260 rank 0 tpRank 6(b0c24cb1f371570f) reqSize 8 respSize 0 respFd 102 opId 0x260bea79f5a610ac - DONE
gcn148:1685149:1685482 [0] NCCL INFO UDS: ClientGetFd handle 0x1499c001a310 tpRank 6 returned fd 102 sameProcess 0
gcn148:1685149:1685476 [0] NCCL INFO New proxy send connection 29 from local rank 3, transport 0
gcn148:1685149:1685476 [0] NCCL INFO proxyProgressAsync opId=0x146557edb1a0 op.type=1 op.reqBuff=0x1489f4004f00 op.respSize=16 done
gcn148:1685149:1685476 [0] NCCL INFO Received and initiated operation=Init res=0
gcn148:1685149:1685478 [0] NCCL INFO proxyUDSRecvReq::ncclProxyMsgGetFd rank 3 opId 0x4095d799cd8d785c handle=0x1489f4014690
gcn148:1685149:1685478 [0] NCCL INFO UDS proxyGetFd received handle 0x1489f4014690 peer 3 opId 4095d799cd8d785c
gcn148:1685149:1685482 [0] NCCL INFO ProxyCall UDS comm 0xace9260 rank 0 tpRank 6(b0c24cb1f371570f) reqSize 8 respSize 0 respFd 0x148a6c5fdb18 opId 0xdc56685faa5a6f95
gcn148:1685149:1685478 [0] NCCL INFO proxyUDSRecvReq::ncclProxyMsgGetFd rank 1 opId 0x2457350469fef824 handle=0x1489f400bbd0
gcn148:1685149:1685478 [0] NCCL INFO UDS proxyGetFd received handle 0x1489f400bbd0 peer 1 opId 2457350469fef824
gcn148:1685149:1685482 [0] NCCL INFO ProxyCall UDS comm 0xace9260 rank 0 tpRank 6(b0c24cb1f371570f) reqSize 8 respSize 0 respFd 103 opId 0xdc56685faa5a6f95 - DONE
gcn148:1685149:1685482 [0] NCCL INFO UDS: ClientGetFd handle 0x1499c001ba30 tpRank 6 returned fd 103 sameProcess 0
gcn148:1685149:1685478 [0] NCCL INFO proxyUDSRecvReq::ncclProxyMsgGetFd rank 3 opId 0x80da41f8c2df14f0 handle=0x1489f4015db0
gcn148:1685149:1685478 [0] NCCL INFO UDS proxyGetFd received handle 0x1489f4015db0 peer 3 opId 80da41f8c2df14f0
gcn148:1685149:1685482 [0] NCCL INFO ncclPollProxyResponse Received new opId=0x148a17f03fd0
gcn148:1685149:1685482 [0] NCCL INFO resp.opId=0x148a17f03fd0 matches expected opId=0x148a17f03fd0
gcn148:1685149:1685482 [0] NCCL INFO Connected to proxy localRank 3 -> connection 0x146548005af8
gcn148:1685149:1685482 [0] NCCL INFO ProxyCall UDS comm 0xace9260 rank 0 tpRank 7(1648d5860722d67f) reqSize 8 respSize 0 respFd 0x148a6c5fdb18 opId 0xfbd5446ebf5bd2a3
gcn148:1685149:1685482 [0] NCCL INFO ProxyCall UDS comm 0xace9260 rank 0 tpRank 7(1648d5860722d67f) reqSize 8 respSize 0 respFd 102 opId 0xfbd5446ebf5bd2a3 - DONE
gcn148:1685149:1685482 [0] NCCL INFO UDS: ClientGetFd handle 0x146548011850 tpRank 7 returned fd 102 sameProcess 0
gcn148:1685149:1685478 [0] NCCL INFO proxyUDSRecvReq::ncclProxyMsgGetFd rank 3 opId 0x74b267579173a5c7 handle=0x1489f40174d0
gcn148:1685149:1685478 [0] NCCL INFO UDS proxyGetFd received handle 0x1489f40174d0 peer 3 opId 74b267579173a5c7
gcn148:1685149:1685482 [0] NCCL INFO ProxyCall UDS comm 0xace9260 rank 0 tpRank 7(1648d5860722d67f) reqSize 8 respSize 0 respFd 0x148a6c5fdb18 opId 0x9fecc62de11e1a4b
gcn148:1685149:1685478 [0] NCCL INFO proxyUDSRecvReq::ncclProxyMsgGetFd rank 1 opId 0x4b6da024c663c125 handle=0x1489f400d2f0
gcn148:1685149:1685478 [0] NCCL INFO UDS proxyGetFd received handle 0x1489f400d2f0 peer 1 opId 4b6da024c663c125
gcn148:1685149:1685482 [0] NCCL INFO ProxyCall UDS comm 0xace9260 rank 0 tpRank 7(1648d5860722d67f) reqSize 8 respSize 0 respFd 105 opId 0x9fecc62de11e1a4b - DONE
gcn148:1685149:1685482 [0] NCCL INFO UDS: ClientGetFd handle 0x146548012f70 tpRank 7 returned fd 105 sameProcess 0
gcn148:1685149:1685478 [0] NCCL INFO proxyUDSRecvReq::ncclProxyMsgGetFd rank 3 opId 0x9be90157812c4b8b handle=0x1489f4018bf0
gcn148:1685149:1685478 [0] NCCL INFO UDS proxyGetFd received handle 0x1489f4018bf0 peer 3 opId 9be90157812c4b8b
gcn148:1685149:1685476 [0] NCCL INFO New proxy send connection 30 from local rank 2, transport 0
gcn148:1685149:1685476 [0] NCCL INFO proxyProgressAsync opId=0x1499dff03fd0 op.type=1 op.reqBuff=0x1489f4004ee0 op.respSize=16 done
gcn148:1685149:1685476 [0] NCCL INFO Received and initiated operation=Init res=0
gcn148:1685149:1685478 [0] NCCL INFO proxyUDSRecvReq::ncclProxyMsgGetFd rank 2 opId 0x7825a1929234107f handle=0x1489f400ea10
gcn148:1685149:1685478 [0] NCCL INFO UDS proxyGetFd received handle 0x1489f400ea10 peer 2 opId 7825a1929234107f
gcn148:1685149:1685482 [0] NCCL INFO ProxyCall UDS comm 0xace9260 rank 0 tpRank 7(1648d5860722d67f) reqSize 8 respSize 0 respFd 0x148a6c5fdb18 opId 0x3acc287ad075582c
gcn148:1685149:1685478 [0] NCCL INFO proxyUDSRecvReq::ncclProxyMsgGetFd rank 3 opId 0x9865462ba3da583c handle=0x1489f401c1d0
gcn148:1685149:1685478 [0] NCCL INFO UDS proxyGetFd received handle 0x1489f401c1d0 peer 3 opId 9865462ba3da583c
gcn148:1685149:1685482 [0] NCCL INFO ProxyCall UDS comm 0xace9260 rank 0 tpRank 7(1648d5860722d67f) reqSize 8 respSize 0 respFd 105 opId 0x3acc287ad075582c - DONE
gcn148:1685149:1685482 [0] NCCL INFO UDS: ClientGetFd handle 0x146548014690 tpRank 7 returned fd 105 sameProcess 0
gcn148:1685149:1685478 [0] NCCL INFO proxyUDSRecvReq::ncclProxyMsgGetFd rank 2 opId 0x6ff475c14c4dbd88 handle=0x1489f4010130
gcn148:1685149:1685478 [0] NCCL INFO UDS proxyGetFd received handle 0x1489f4010130 peer 2 opId 6ff475c14c4dbd88
gcn148:1685149:1685482 [0] NCCL INFO ProxyCall UDS comm 0xace9260 rank 0 tpRank 7(1648d5860722d67f) reqSize 8 respSize 0 respFd 0x148a6c5fdb18 opId 0xe7a39b9808db9910
gcn148:1685149:1685478 [0] NCCL INFO proxyUDSRecvReq::ncclProxyMsgGetFd rank 3 opId 0xb029335c04a555f8 handle=0x1489f401d8f0
gcn148:1685149:1685478 [0] NCCL INFO UDS proxyGetFd received handle 0x1489f401d8f0 peer 3 opId b029335c04a555f8
gcn148:1685149:1685482 [0] NCCL INFO ProxyCall UDS comm 0xace9260 rank 0 tpRank 7(1648d5860722d67f) reqSize 8 respSize 0 respFd 104 opId 0xe7a39b9808db9910 - DONE
gcn148:1685149:1685482 [0] NCCL INFO UDS: ClientGetFd handle 0x146548015db0 tpRank 7 returned fd 104 sameProcess 0
gcn148:1685149:1685478 [0] NCCL INFO proxyUDSRecvReq::ncclProxyMsgGetFd rank 2 opId 0x84e01f5741ee6829 handle=0x1489f4011850
gcn148:1685149:1685478 [0] NCCL INFO UDS proxyGetFd received handle 0x1489f4011850 peer 2 opId 84e01f5741ee6829
gcn148:1685149:1685482 [0] NCCL INFO sendConnect ncclProxyCallAsync opId=0x148a03a4ab00
gcn148:1685149:1685482 [0] NCCL INFO recvConnect ncclProxyCallAsync opId=0x148a03a4acb0 &recv->proxyConn=0x148a03a4acb8 connectInfo=0x148a03f348c0
gcn148:1685149:1685482 [0] NCCL INFO sendConnect ncclProxyCallAsync opId=0x148a03f00980
gcn148:1685149:1685482 [0] NCCL INFO recvConnect ncclProxyCallAsync opId=0x148a03f00b30 &recv->proxyConn=0x148a03f00b38 connectInfo=0x148a03f349c0
gcn148:1685149:1685482 [0] NCCL INFO ProxyCall UDS comm 0xace9260 rank 0 tpRank 7(1648d5860722d67f) reqSize 8 respSize 0 respFd 0x148a6c5fdb08 opId 0x634fc366a3719276
gcn148:1685149:1685476 [0] NCCL INFO Received and initiated operation=Connect res=0
gcn148:1685149:1685476 [0] NCCL INFO Received and initiated operation=Connect res=0
gcn148:1685149:1685476 [0] NCCL INFO Received and initiated operation=Connect res=0
gcn148:1685149:1685476 [0] NCCL INFO Received and initiated operation=Connect res=0
gcn148:1685149:1685478 [0] NCCL INFO proxyUDSRecvReq::ncclProxyMsgGetFd rank 3 opId 0x1a49c88de63021d4 handle=0x1489f401f010
gcn148:1685149:1685478 [0] NCCL INFO UDS proxyGetFd received handle 0x1489f401f010 peer 3 opId 1a49c88de63021d4
gcn148:1685149:1685482 [0] NCCL INFO ProxyCall UDS comm 0xace9260 rank 0 tpRank 7(1648d5860722d67f) reqSize 8 respSize 0 respFd 107 opId 0x634fc366a3719276 - DONE
gcn148:1685149:1685482 [0] NCCL INFO UDS: ClientGetFd handle 0x146548019390 tpRank 7 returned fd 107 sameProcess 0
gcn148:1685149:1685478 [0] NCCL INFO proxyUDSRecvReq::ncclProxyMsgGetFd rank 2 opId 0x9be96f476bd5ed4e handle=0x1489f4012f70
gcn148:1685149:1685478 [0] NCCL INFO UDS proxyGetFd received handle 0x1489f4012f70 peer 2 opId 9be96f476bd5ed4e
gcn148:1685149:1685482 [0] NCCL INFO ProxyCall UDS comm 0xace9260 rank 0 tpRank 7(1648d5860722d67f) reqSize 8 respSize 0 respFd 0x148a6c5fdb08 opId 0xd8209cfa1b203eca
gcn148:1685149:1685482 [0] NCCL INFO ProxyCall UDS comm 0xace9260 rank 0 tpRank 7(1648d5860722d67f) reqSize 8 respSize 0 respFd 108 opId 0xd8209cfa1b203eca - DONE
gcn148:1685149:1685482 [0] NCCL INFO UDS: ClientGetFd handle 0x14654801aab0 tpRank 7 returned fd 108 sameProcess 0
gcn148:1685149:1685478 [0] NCCL INFO proxyUDSRecvReq::ncclProxyMsgGetFd rank 3 opId 0x7cda032fc6a33c68 handle=0x1489f4020730
gcn148:1685149:1685478 [0] NCCL INFO UDS proxyGetFd received handle 0x1489f4020730 peer 3 opId 7cda032fc6a33c68
gcn148:1685149:1685482 [0] NCCL INFO ProxyCall UDS comm 0xace9260 rank 0 tpRank 7(1648d5860722d67f) reqSize 8 respSize 0 respFd 0x148a6c5fdb08 opId 0xe4724eed957b93a7
gcn148:1685149:1685478 [0] NCCL INFO proxyUDSRecvReq::ncclProxyMsgGetFd rank 2 opId 0x8aedfaf7a1f5f99f handle=0x1489f4021e50
gcn148:1685149:1685478 [0] NCCL INFO UDS proxyGetFd received handle 0x1489f4021e50 peer 2 opId 8aedfaf7a1f5f99f
gcn148:1685149:1685482 [0] NCCL INFO ProxyCall UDS comm 0xace9260 rank 0 tpRank 7(1648d5860722d67f) reqSize 8 respSize 0 respFd 109 opId 0xe4724eed957b93a7 - DONE
gcn148:1685149:1685482 [0] NCCL INFO UDS: ClientGetFd handle 0x14654801c1d0 tpRank 7 returned fd 109 sameProcess 0
gcn148:1685149:1685482 [0] NCCL INFO ProxyCall UDS comm 0xace9260 rank 0 tpRank 7(1648d5860722d67f) reqSize 8 respSize 0 respFd 0x148a6c5fdb08 opId 0xb1d741bdff8b1a66
gcn148:1685149:1685478 [0] NCCL INFO proxyUDSRecvReq::ncclProxyMsgGetFd rank 2 opId 0xa526e748430c723e handle=0x1489f4023570
gcn148:1685149:1685478 [0] NCCL INFO UDS proxyGetFd received handle 0x1489f4023570 peer 2 opId a526e748430c723e
gcn148:1685149:1685482 [0] NCCL INFO ProxyCall UDS comm 0xace9260 rank 0 tpRank 7(1648d5860722d67f) reqSize 8 respSize 0 respFd 105 opId 0xb1d741bdff8b1a66 - DONE
gcn148:1685149:1685482 [0] NCCL INFO UDS: ClientGetFd handle 0x14654801d8f0 tpRank 7 returned fd 105 sameProcess 0
gcn148:1685149:1685478 [0] NCCL INFO proxyUDSRecvReq::ncclProxyMsgGetFd rank 2 opId 0xee6fc42c06c9d089 handle=0x1489f4024c90
gcn148:1685149:1685478 [0] NCCL INFO UDS proxyGetFd received handle 0x1489f4024c90 peer 2 opId ee6fc42c06c9d089
gcn148:1685149:1685482 [0] NCCL INFO ProxyCall UDS comm 0xace9260 rank 0 tpRank 6(b0c24cb1f371570f) reqSize 8 respSize 0 respFd 0x148a6c5fdb08 opId 0x2b694e1aed067d15
gcn148:1685149:1685482 [0] NCCL INFO ProxyCall UDS comm 0xace9260 rank 0 tpRank 6(b0c24cb1f371570f) reqSize 8 respSize 0 respFd 109 opId 0x2b694e1aed067d15 - DONE
gcn148:1685149:1685482 [0] NCCL INFO UDS: ClientGetFd handle 0x1499c001f010 tpRank 6 returned fd 109 sameProcess 0
gcn148:1685149:1685482 [0] NCCL INFO ProxyCall UDS comm 0xace9260 rank 0 tpRank 6(b0c24cb1f371570f) reqSize 8 respSize 0 respFd 0x148a6c5fdb08 opId 0xff4d43824486029c
gcn148:1685149:1685478 [0] NCCL INFO proxyUDSRecvReq::ncclProxyMsgGetFd rank 2 opId 0x62fb62c9e77dcc84 handle=0x1489f40263b0
gcn148:1685149:1685478 [0] NCCL INFO UDS proxyGetFd received handle 0x1489f40263b0 peer 2 opId 62fb62c9e77dcc84
gcn148:1685149:1685476 [0] NCCL INFO proxyProgressAsync opId=0x148a03a4ab00 op.type=4 op.reqBuff=0x1489f401a640 op.respSize=1400 done
gcn148:1685149:1685482 [0] NCCL INFO ProxyCall UDS comm 0xace9260 rank 0 tpRank 6(b0c24cb1f371570f) reqSize 8 respSize 0 respFd 95 opId 0xff4d43824486029c - DONE
gcn148:1685149:1685482 [0] NCCL INFO UDS: ClientGetFd handle 0x1499c0020730 tpRank 6 returned fd 95 sameProcess 0
gcn148:1685149:1685482 [0] NCCL INFO ProxyCall UDS comm 0xace9260 rank 0 tpRank 6(b0c24cb1f371570f) reqSize 8 respSize 0 respFd 0x148a6c5fdb08 opId 0x32e48b5c5e39745c
gcn148:1685149:1685482 [0] NCCL INFO ProxyCall UDS comm 0xace9260 rank 0 tpRank 6(b0c24cb1f371570f) reqSize 8 respSize 0 respFd 105 opId 0x32e48b5c5e39745c - DONE
gcn148:1685149:1685482 [0] NCCL INFO UDS: ClientGetFd handle 0x1499c0021e50 tpRank 6 returned fd 105 sameProcess 0
gcn148:1685149:1685476 [0] NCCL INFO proxyProgressAsync opId=0x148a03a4acb0 op.type=4 op.reqBuff=0x1489f4004f00 op.respSize=1400 done
gcn148:1685149:1685478 [0] NCCL INFO proxyUDSRecvReq::ncclProxyMsgGetFd rank 1 opId 0xcb57f5afa7d6adf7 handle=0x1489f4027ad0
gcn148:1685149:1685478 [0] NCCL INFO UDS proxyGetFd received handle 0x1489f4027ad0 peer 1 opId cb57f5afa7d6adf7
gcn148:1685149:1685482 [0] NCCL INFO ProxyCall UDS comm 0xace9260 rank 0 tpRank 6(b0c24cb1f371570f) reqSize 8 respSize 0 respFd 0x148a6c5fdb08 opId 0x87ce6f66a75fca5b
gcn148:1685149:1685482 [0] NCCL INFO ProxyCall UDS comm 0xace9260 rank 0 tpRank 6(b0c24cb1f371570f) reqSize 8 respSize 0 respFd 105 opId 0x87ce6f66a75fca5b - DONE
gcn148:1685149:1685482 [0] NCCL INFO UDS: ClientGetFd handle 0x1499c0023570 tpRank 6 returned fd 105 sameProcess 0
gcn148:1685149:1685476 [0] NCCL INFO proxyProgressAsync opId=0x148a03f00980 op.type=4 op.reqBuff=0x1489f402dd50 op.respSize=1400 done
gcn148:1685149:1685482 [0] NCCL INFO ProxyCall UDS comm 0xace9260 rank 0 tpRank 5(24beeb926ca707c2) reqSize 8 respSize 0 respFd 0x148a6c5fdb08 opId 0xb2714d1cac8d3032
gcn148:1685149:1685482 [0] NCCL INFO ProxyCall UDS comm 0xace9260 rank 0 tpRank 5(24beeb926ca707c2) reqSize 8 respSize 0 respFd 97 opId 0xb2714d1cac8d3032 - DONE
gcn148:1685149:1685482 [0] NCCL INFO UDS: ClientGetFd handle 0x1534ec027ad0 tpRank 5 returned fd 97 sameProcess 0
gcn148:1685149:1685482 [0] NCCL INFO ProxyCall UDS comm 0xace9260 rank 0 tpRank 5(24beeb926ca707c2) reqSize 8 respSize 0 respFd 0x148a6c5fdb08 opId 0xb0dcb46b305244f0
gcn148:1685149:1685476 [0] NCCL INFO proxyProgressAsync opId=0x148a03f00b30 op.type=4 op.reqBuff=0x1489f4004ee0 op.respSize=1400 done
gcn148:1685149:1685478 [0] NCCL INFO proxyUDSRecvReq::ncclProxyMsgGetFd rank 1 opId 0x97c330bf23437ad2 handle=0x1489f40291f0
gcn148:1685149:1685478 [0] NCCL INFO UDS proxyGetFd received handle 0x1489f40291f0 peer 1 opId 97c330bf23437ad2
gcn148:1685149:1685482 [0] NCCL INFO ProxyCall UDS comm 0xace9260 rank 0 tpRank 5(24beeb926ca707c2) reqSize 8 respSize 0 respFd 97 opId 0xb0dcb46b305244f0 - DONE
gcn148:1685149:1685482 [0] NCCL INFO UDS: ClientGetFd handle 0x1534ec0291f0 tpRank 5 returned fd 97 sameProcess 0
gcn148:1685149:1685482 [0] NCCL INFO ProxyCall UDS comm 0xace9260 rank 0 tpRank 5(24beeb926ca707c2) reqSize 8 respSize 0 respFd 0x148a6c5fdb08 opId 0xdda050537162bc93
gcn148:1685149:1685482 [0] NCCL INFO ProxyCall UDS comm 0xace9260 rank 0 tpRank 5(24beeb926ca707c2) reqSize 8 respSize 0 respFd 97 opId 0xdda050537162bc93 - DONE
gcn148:1685149:1685482 [0] NCCL INFO UDS: ClientGetFd handle 0x1534ec02a910 tpRank 5 returned fd 97 sameProcess 0
gcn148:1685149:1685478 [0] NCCL INFO proxyUDSRecvReq::ncclProxyMsgGetFd rank 1 opId 0x99331bd70947bd7b handle=0x1489f402a910
gcn148:1685149:1685478 [0] NCCL INFO UDS proxyGetFd received handle 0x1489f402a910 peer 1 opId 99331bd70947bd7b
gcn148:1685149:1685482 [0] NCCL INFO ProxyCall UDS comm 0xace9260 rank 0 tpRank 5(24beeb926ca707c2) reqSize 8 respSize 0 respFd 0x148a6c5fdb08 opId 0x64d3c5b90b94e362
gcn148:1685149:1685482 [0] NCCL INFO ProxyCall UDS comm 0xace9260 rank 0 tpRank 5(24beeb926ca707c2) reqSize 8 respSize 0 respFd 97 opId 0x64d3c5b90b94e362 - DONE
gcn148:1685149:1685482 [0] NCCL INFO UDS: ClientGetFd handle 0x1534ec02c030 tpRank 5 returned fd 97 sameProcess 0
gcn148:1685149:1685482 [0] NCCL INFO ncclPollProxyResponse Received new opId=0x148a03a4ab00
gcn148:1685149:1685482 [0] NCCL INFO resp.opId=0x148a03a4ab00 matches expected opId=0x148a03a4ab00
gcn148:1685149:1685482 [0] NCCL INFO sendConnect ncclPollProxyResponse opId=0x148a03a4ab00
gcn148:1685149:1685482 [0] NCCL INFO ncclPollProxyResponse Received new opId=0x148a03a4acb0
gcn148:1685149:1685482 [0] NCCL INFO resp.opId=0x148a03a4acb0 matches expected opId=0x148a03a4acb0
gcn148:1685149:1685482 [0] NCCL INFO recvConnect ncclPollProxyResponse opId=0x148a03a4acb0
gcn148:1685149:1685482 [0] NCCL INFO ncclPollProxyResponse Received new opId=0x148a03f00980
gcn148:1685149:1685482 [0] NCCL INFO resp.opId=0x148a03f00980 matches expected opId=0x148a03f00980
gcn148:1685149:1685482 [0] NCCL INFO sendConnect ncclPollProxyResponse opId=0x148a03f00980
gcn148:1685149:1685482 [0] NCCL INFO ncclPollProxyResponse Received new opId=0x148a03f00b30
gcn148:1685149:1685482 [0] NCCL INFO resp.opId=0x148a03f00b30 matches expected opId=0x148a03f00b30
gcn148:1685149:1685482 [0] NCCL INFO recvConnect ncclPollProxyResponse opId=0x148a03f00b30
gcn148:1685149:1685478 [0] NCCL INFO proxyUDSRecvReq::ncclProxyMsgGetFd rank 1 opId 0xb2c543bc714fead8 handle=0x1489f402c030
gcn148:1685149:1685478 [0] NCCL INFO UDS proxyGetFd received handle 0x1489f402c030 peer 1 opId b2c543bc714fead8
gcn148:1685149:1685476 [0] NCCL INFO Received and initiated operation=Stop res=0
gcn148:1685149:1685476 [0] NCCL INFO Received and initiated operation=Close res=0
gcn148:1685149:1685476 [0] NCCL INFO Received and initiated operation=Close res=0
gcn148:1685149:1685476 [0] NCCL INFO Received and initiated operation=Close res=0
gcn148:1685149:1685476 [0] NCCL INFO Received and initiated operation=Close res=0
gcn148:1685149:1685478 [0] NCCL INFO [Proxy Service UDS] exit: stop 1 abortFlag 0
